default_1_1 | 2025-02-17 23:38:33.303 [771631] main/114/raft_main_loop V> main_loop_status = 'idle'
default_1_3 | 2025-02-17 23:38:33.303 [771637] main/134/.proc_raft_interact V> Sending from 3 to 1, msg: msg_type: MsgHeartbeatResponse to: 1 commit: 28, to: 1, from: 3, raft_id: 3
default_1_2 | 2025-02-17 23:38:33.303 [771634] main/134/.proc_raft_interact V> Sending from 2 to 1, msg: msg_type: MsgHeartbeatResponse to: 1 commit: 28, to: 1, from: 2, raft_id: 2
default_1_3 | 2025-02-17 23:38:33.303 [771637] main/123/raft_main_loop V> main_loop_status = 'sending raft messages'
default_1_3 | 2025-02-17 23:38:33.303 [771637] main/123/raft_main_loop V> done sending messages, sent: 1, skipped: 0
default_1_3 | 2025-02-17 23:38:33.303 [771637] main/123/raft_main_loop V> main_loop_status = 'idle'
default_1_2 | 2025-02-17 23:38:33.303 [771634] main/121/raft_main_loop V> main_loop_status = 'sending raft messages'
default_1_2 | 2025-02-17 23:38:33.303 [771634] main/121/raft_main_loop V> done sending messages, sent: 1, skipped: 0
default_1_2 | 2025-02-17 23:38:33.303 [771634] main/121/raft_main_loop V> main_loop_status = 'idle'
default_1_2 | 2025-02-17 23:38:33.304 [771634] main/164/vshard.failover.default/vshard.router V> Failovering step is finished. Schedule next after 1.000000 seconds
default_1_3 | 2025-02-17 23:38:33.304 [771637] main/177/vshard.failover.default/vshard.router V> Failovering step is finished. Schedule next after 1.000000 seconds
default_1_1 | 2025-02-17 23:38:33.503 [771631] main/114/raft_main_loop V> Sending from 1 to 2, msg: msg_type: MsgHeartbeat to: 2 commit: 28, to: 2, from: 1, raft_id: 1
default_1_1 | 2025-02-17 23:38:33.503 [771631] main/114/raft_main_loop V> Sending from 1 to 3, msg: msg_type: MsgHeartbeat to: 3 commit: 28, to: 3, from: 1, raft_id: 1
default_1_1 | 2025-02-17 23:38:33.503 [771631] main/114/raft_main_loop V> main_loop_status = 'sending raft messages'
default_1_1 | 2025-02-17 23:38:33.503 [771631] main/114/raft_main_loop V> done sending messages, sent: 2, skipped: 0
default_1_1 | 2025-02-17 23:38:33.503 [771631] main/114/raft_main_loop V> main_loop_status = 'idle'
default_1_2 | 2025-02-17 23:38:33.504 [771634] main/134/.proc_raft_interact V> Sending from 2 to 1, msg: msg_type: MsgHeartbeatResponse to: 1 commit: 28, to: 1, from: 2, raft_id: 2
default_1_3 | 2025-02-17 23:38:33.504 [771637] main/134/.proc_raft_interact V> Sending from 3 to 1, msg: msg_type: MsgHeartbeatResponse to: 1 commit: 28, to: 1, from: 3, raft_id: 3
default_1_2 | 2025-02-17 23:38:33.504 [771634] main/121/raft_main_loop V> main_loop_status = 'sending raft messages'
default_1_2 | 2025-02-17 23:38:33.504 [771634] main/121/raft_main_loop V> done sending messages, sent: 1, skipped: 0
default_1_2 | 2025-02-17 23:38:33.504 [771634] main/121/raft_main_loop V> main_loop_status = 'idle'
default_1_3 | 2025-02-17 23:38:33.504 [771637] main/123/raft_main_loop V> main_loop_status = 'sending raft messages'
default_1_3 | 2025-02-17 23:38:33.504 [771637] main/123/raft_main_loop V> done sending messages, sent: 1, skipped: 0
default_1_3 | 2025-02-17 23:38:33.504 [771637] main/123/raft_main_loop V> main_loop_status = 'idle'
default_1_1 | 2025-02-17 23:38:33.705 [771631] main/114/raft_main_loop V> Sending from 1 to 2, msg: msg_type: MsgHeartbeat to: 2 commit: 28, to: 2, from: 1, raft_id: 1
default_1_1 | 2025-02-17 23:38:33.705 [771631] main/114/raft_main_loop V> Sending from 1 to 3, msg: msg_type: MsgHeartbeat to: 3 commit: 28, to: 3, from: 1, raft_id: 1
default_1_1 | 2025-02-17 23:38:33.705 [771631] main/114/raft_main_loop V> main_loop_status = 'sending raft messages'
default_1_1 | 2025-02-17 23:38:33.705 [771631] main/114/raft_main_loop V> done sending messages, sent: 2, skipped: 0
default_1_1 | 2025-02-17 23:38:33.705 [771631] main/114/raft_main_loop V> main_loop_status = 'idle'
default_1_2 | 2025-02-17 23:38:33.705 [771634] main/134/.proc_raft_interact V> Sending from 2 to 1, msg: msg_type: MsgHeartbeatResponse to: 1 commit: 28, to: 1, from: 2, raft_id: 2
default_1_3 | 2025-02-17 23:38:33.705 [771637] main/134/.proc_raft_interact V> Sending from 3 to 1, msg: msg_type: MsgHeartbeatResponse to: 1 commit: 28, to: 1, from: 3, raft_id: 3
default_1_3 | 2025-02-17 23:38:33.705 [771637] main/123/raft_main_loop V> main_loop_status = 'sending raft messages'
default_1_2 | 2025-02-17 23:38:33.705 [771634] main/121/raft_main_loop V> main_loop_status = 'sending raft messages'
default_1_2 | 2025-02-17 23:38:33.705 [771634] main/121/raft_main_loop V> done sending messages, sent: 1, skipped: 0
default_1_2 | 2025-02-17 23:38:33.705 [771634] main/121/raft_main_loop V> main_loop_status = 'idle'
default_1_3 | 2025-02-17 23:38:33.705 [771637] main/123/raft_main_loop V> done sending messages, sent: 1, skipped: 0
default_1_3 | 2025-02-17 23:38:33.705 [771637] main/123/raft_main_loop V> main_loop_status = 'idle'
[GovernorTest] Initial data populated: 1000 records
[GovernorTest][Phase 2/5] Topology modification started
[GovernorTest] Expelling random node during outage
[GovernorTest] Candidate nodes: ['default_1_2', 'default_1_3']
[GovernorTest] Selected for expulsion: default_1_3
2025-02-17 23:38:33,745.745 INFO [conftest.py:484] Retriable.call _expel
[GovernorTest] Attempting to expel default_1_3
executing: ['/home/gmoshkin/code/pd/picodata/target/debug/picodata', 'expel', '--peer', 'pico_service@127.0.0.1:3304', '--cluster-name', 'cluster-0-0', '--password-file', local('/tmp/pytest-of-gmoshkin/pytest-795/tmp0/password.txt'), '--auth-type', 'chap-sha1', '--timeout', '30', '35662ba5-d645-45bb-89b6-0a4553e26627']
default_1_1 | 2025-02-17 23:38:33.798 [771631] main/138/.proc_expel V> Sending from 1 to 2, msg: msg_type: MsgAppend to: 2 log_term: 2 index: 28 entries {term: 2 index: 29 context: "\222\251batch_dml\223\225\246update\315\002\003\304\r\221\253default_1_3\221\304\033\223\241=\254target_state\222\250Expelled\001\001\225\246update\315\002\005\304\013\221\251default_1\221\304\032\223\241=\265target_config_version\004\001\225\246update\315\002\013\304\t\221\247default\221\304!\223\241=\274target_vshard_config_version\002\001"} commit: 28, to: 2, from: 1, raft_id: 1
default_1_1 | 2025-02-17 23:38:33.798 [771631] main/138/.proc_expel V> Sending from 1 to 3, msg: msg_type: MsgAppend to: 3 log_term: 2 index: 28 entries {term: 2 index: 29 context: "\222\251batch_dml\223\225\246update\315\002\003\304\r\221\253default_1_3\221\304\033\223\241=\254target_state\222\250Expelled\001\001\225\246update\315\002\005\304\013\221\251default_1\221\304\032\223\241=\265target_config_version\004\001\225\246update\315\002\013\304\t\221\247default\221\304!\223\241=\274target_vshard_config_version\002\001"} commit: 28, to: 3, from: 1, raft_id: 1
default_1_1 | 2025-02-17 23:38:33.798 [771631] main/138/.proc_expel V> waiting for applied index 29
default_1_1 | 2025-02-17 23:38:33.806 [771631] main/114/raft_main_loop V> main_loop_status = 'sending raft messages'
default_1_1 | 2025-02-17 23:38:33.806 [771631] main/114/raft_main_loop V> done sending messages, sent: 2, skipped: 0
default_1_1 | 2025-02-17 23:38:33.806 [771631] main/114/raft_main_loop V> main_loop_status = 'persisting hard state, entries and/or snapshot'
default_1_1 | 2025-02-17 23:38:33.806 [771631] main/114/raft_main_loop V> persisted index 29, raft_id: 1
default_1_1 | 2025-02-17 23:38:33.806 [771631] main/114/raft_main_loop V> main_loop_status = 'idle'
default_1_3 | 2025-02-17 23:38:33.806 [771637] main/112/.proc_raft_interact V> Sending from 3 to 1, msg: msg_type: MsgAppendResponse to: 1 index: 29 commit: 28, to: 1, from: 3, raft_id: 3
default_1_3 | 2025-02-17 23:38:33.806 [771637] main/123/raft_main_loop V> main_loop_status = 'persisting hard state, entries and/or snapshot'
default_1_2 | 2025-02-17 23:38:33.806 [771634] main/134/.proc_raft_interact V> Sending from 2 to 1, msg: msg_type: MsgAppendResponse to: 1 index: 29 commit: 28, to: 1, from: 2, raft_id: 2
default_1_2 | 2025-02-17 23:38:33.806 [771634] main/121/raft_main_loop V> main_loop_status = 'persisting hard state, entries and/or snapshot'
default_1_3 | 2025-02-17 23:38:33.807 [771637] main/123/raft_main_loop V> main_loop_status = 'sending raft messages'
default_1_2 | 2025-02-17 23:38:33.807 [771634] main/121/raft_main_loop V> main_loop_status = 'sending raft messages'
default_1_2 | 2025-02-17 23:38:33.807 [771634] main/121/raft_main_loop V> done sending messages, sent: 1, skipped: 0
default_1_3 | 2025-02-17 23:38:33.807 [771637] main/123/raft_main_loop V> done sending messages, sent: 1, skipped: 0
default_1_3 | 2025-02-17 23:38:33.807 [771637] main/123/raft_main_loop V> persisted index 29, raft_id: 3
default_1_2 | 2025-02-17 23:38:33.807 [771634] main/121/raft_main_loop V> persisted index 29, raft_id: 2
default_1_3 | 2025-02-17 23:38:33.807 [771637] main/123/raft_main_loop V> main_loop_status = 'idle'
default_1_2 | 2025-02-17 23:38:33.807 [771634] main/121/raft_main_loop V> main_loop_status = 'idle'
default_1_1 | 2025-02-17 23:38:33.807 [771631] main/141/.proc_raft_interact V> committing index 29, index: 29, raft_id: 1
default_1_1 | 2025-02-17 23:38:33.807 [771631] main/141/.proc_raft_interact V> Sending from 1 to 2, msg: msg_type: MsgAppend to: 2 log_term: 2 index: 29 commit: 29, to: 2, from: 1, raft_id: 1
default_1_1 | 2025-02-17 23:38:33.807 [771631] main/141/.proc_raft_interact V> Sending from 1 to 3, msg: msg_type: MsgAppend to: 3 log_term: 2 index: 29 commit: 29, to: 3, from: 1, raft_id: 1
default_1_1 | 2025-02-17 23:38:33.807 [771631] main/114/raft_main_loop V> main_loop_status = 'sending raft messages'
default_1_1 | 2025-02-17 23:38:33.807 [771631] main/114/raft_main_loop V> done sending messages, sent: 2, skipped: 0
default_1_1 | 2025-02-17 23:38:33.807 [771631] main/114/raft_main_loop V> main_loop_status = 'persisting hard state, entries and/or snapshot'
default_1_1 | 2025-02-17 23:38:33.807 [771631] main/114/raft_main_loop V> hard state: term: 2 vote: 1 commit: 29
default_1_1 | 2025-02-17 23:38:33.807 [771631] main/114/raft_main_loop V> main_loop_status = 'handling committed entries'
default_1_3 | 2025-02-17 23:38:33.807 [771637] main/112/.proc_raft_interact V> Sending from 3 to 1, msg: msg_type: MsgAppendResponse to: 1 index: 29 commit: 29, to: 1, from: 3, raft_id: 3
default_1_1 | 2025-02-17 23:38:33.807 [771631] main/114/raft_main_loop V> applying entry: BatchDml(Update(_pico_instance, ["default_1_3"], [["=","target_state",["Expelled",1]]]), Update(_pico_replicaset, ["default_1"], [["=","target_config_version",4]]), Update(_pico_tier, ["default"], [["=","target_vshard_config_version",2]])), index: 29
default_1_2 | 2025-02-17 23:38:33.807 [771634] main/134/.proc_raft_interact V> Sending from 2 to 1, msg: msg_type: MsgAppendResponse to: 1 index: 29 commit: 29, to: 1, from: 2, raft_id: 2
default_1_3 | 2025-02-17 23:38:33.807 [771637] main/123/raft_main_loop V> main_loop_status = 'persisting hard state, entries and/or snapshot'
default_1_3 | 2025-02-17 23:38:33.807 [771637] main/123/raft_main_loop V> hard state: term: 2 commit: 29
default_1_1 | {"id":"1.0.24","initiator":"admin","instance_name":"default_1_3","message":"target state of instance `default_1_3` changed to Expelled(1)","new_state":"Expelled(1)","raft_id":"3","severity":"low","time":"2025-02-17T23:38:33.807+0300","title":"change_target_state"}
default_1_2 | 2025-02-17 23:38:33.807 [771634] main/121/raft_main_loop V> main_loop_status = 'persisting hard state, entries and/or snapshot'
default_1_3 | 2025-02-17 23:38:33.807 [771637] main/123/raft_main_loop V> main_loop_status = 'handling committed entries'
default_1_2 | 2025-02-17 23:38:33.807 [771634] main/121/raft_main_loop V> hard state: term: 2 commit: 29
default_1_3 | 2025-02-17 23:38:33.807 [771637] main/123/raft_main_loop V> applying entry: BatchDml(Update(_pico_instance, ["default_1_3"], [["=","target_state",["Expelled",1]]]), Update(_pico_replicaset, ["default_1"], [["=","target_config_version",4]]), Update(_pico_tier, ["default"], [["=","target_vshard_config_version",2]])), index: 29
default_1_2 | 2025-02-17 23:38:33.807 [771634] main/121/raft_main_loop V> main_loop_status = 'handling committed entries'
default_1_3 | {"id":"3.0.21","initiator":"admin","instance_name":"default_1_3","message":"target state of instance `default_1_3` changed to Expelled(1)","new_state":"Expelled(1)","raft_id":"3","severity":"low","time":"2025-02-17T23:38:33.807+0300","title":"change_target_state"}
default_1_2 | 2025-02-17 23:38:33.807 [771634] main/121/raft_main_loop V> applying entry: BatchDml(Update(_pico_instance, ["default_1_3"], [["=","target_state",["Expelled",1]]]), Update(_pico_replicaset, ["default_1"], [["=","target_config_version",4]]), Update(_pico_tier, ["default"], [["=","target_vshard_config_version",2]])), index: 29
default_1_1 | 2025-02-17 23:38:33.808 [771631] main/115/governor_loop V> governor_loop_status = #21 'conf change'
default_1_3 | 2025-02-17 23:38:33.808 [771637] main/123/raft_main_loop V> main_loop_status = 'sending raft messages'
default_1_1 | 2025-02-17 23:38:33.808 [771631] main/115/governor_loop I> proposing conf_change, cc: changes {change_type: AddLearnerNode node_id: 3}
default_1_1 | 2025-02-17 23:38:33.808 [771631] main/115/governor_loop V> can't lock mutex at src/traft/node.rs:444:18, already locked at src/traft/node.rs:2570:45
default_1_3 | 2025-02-17 23:38:33.808 [771637] main/123/raft_main_loop V> done sending messages, sent: 1, skipped: 0
default_1_2 | {"id":"2.0.21","initiator":"admin","instance_name":"default_1_3","message":"target state of instance `default_1_3` changed to Expelled(1)","new_state":"Expelled(1)","raft_id":"3","severity":"low","time":"2025-02-17T23:38:33.807+0300","title":"change_target_state"}
default_1_3 | 2025-02-17 23:38:33.808 [771637] main/123/raft_main_loop V> main_loop_status = 'idle'
default_1_1 | 2025-02-17 23:38:33.808 [771631] main/114/raft_main_loop V> main_loop_status = 'idle'
default_1_1 | 2025-02-17 23:38:33.808 [771631] main/138/.proc_expel V> done waiting for applied index 29, current: 29
default_1_2 | 2025-02-17 23:38:33.808 [771634] main/121/raft_main_loop V> main_loop_status = 'sending raft messages'
default_1_2 | 2025-02-17 23:38:33.808 [771634] main/121/raft_main_loop V> done sending messages, sent: 1, skipped: 0
default_1_1 | 2025-02-17 23:38:33.808 [771631] main/115/governor_loop V> Sending from 1 to 2, msg: msg_type: MsgAppend to: 2 log_term: 2 index: 29 entries {entry_type: EntryConfChangeV2 term: 2 index: 30 data: "\022\004\010\002\020\003"} commit: 29, to: 2, from: 1, raft_id: 1
default_1_2 | 2025-02-17 23:38:33.808 [771634] main/121/raft_main_loop V> main_loop_status = 'idle'
default_1_1 | 2025-02-17 23:38:33.808 [771631] main/115/governor_loop V> Sending from 1 to 3, msg: msg_type: MsgAppend to: 3 log_term: 2 index: 29 entries {entry_type: EntryConfChangeV2 term: 2 index: 30 data: "\022\004\010\002\020\003"} commit: 29, to: 3, from: 1, raft_id: 1
default_1_1 | 2025-02-17 23:38:33.808 [771631] main/114/raft_main_loop V> main_loop_status = 'sending raft messages'
default_1_1 | 2025-02-17 23:38:33.808 [771631] main/114/raft_main_loop V> done sending messages, sent: 2, skipped: 0
default_1_1 | 2025-02-17 23:38:33.808 [771631] main/114/raft_main_loop V> main_loop_status = 'persisting hard state, entries and/or snapshot'
default_1_3 | 2025-02-17 23:38:33.808 [771637] main/134/.proc_expel_redirect V> waiting for applied index 30
default_1_1 | 2025-02-17 23:38:33.808 [771631] main/138/.proc_raft_interact V> can't lock mutex at src/traft/node.rs:419:14, already locked at src/traft/node.rs:2570:45
default_1_1 | 2025-02-17 23:38:33.808 [771631] main/128/.proc_raft_interact V> can't lock mutex at src/traft/node.rs:419:14, already locked at src/traft/node.rs:2570:45
default_1_1 | 2025-02-17 23:38:33.808 [771631] main/114/raft_main_loop V> persisted index 30, raft_id: 1
default_1_3 | 2025-02-17 23:38:33.808 [771637] main/112/.proc_raft_interact V> Sending from 3 to 1, msg: msg_type: MsgAppendResponse to: 1 index: 30 commit: 29, to: 1, from: 3, raft_id: 3
default_1_1 | 2025-02-17 23:38:33.808 [771631] main/114/raft_main_loop V> main_loop_status = 'idle'
default_1_2 | 2025-02-17 23:38:33.808 [771634] main/134/.proc_raft_interact V> Sending from 2 to 1, msg: msg_type: MsgAppendResponse to: 1 index: 30 commit: 29, to: 1, from: 2, raft_id: 2
default_1_3 | 2025-02-17 23:38:33.808 [771637] main/123/raft_main_loop V> main_loop_status = 'persisting hard state, entries and/or snapshot'
default_1_2 | 2025-02-17 23:38:33.808 [771634] main/121/raft_main_loop V> main_loop_status = 'persisting hard state, entries and/or snapshot'
default_1_3 | 2025-02-17 23:38:33.808 [771637] main/123/raft_main_loop V> main_loop_status = 'sending raft messages'
default_1_3 | 2025-02-17 23:38:33.808 [771637] main/123/raft_main_loop V> done sending messages, sent: 1, skipped: 0
default_1_2 | 2025-02-17 23:38:33.808 [771634] main/121/raft_main_loop V> main_loop_status = 'sending raft messages'
default_1_3 | 2025-02-17 23:38:33.808 [771637] main/123/raft_main_loop V> persisted index 30, raft_id: 3
default_1_2 | 2025-02-17 23:38:33.808 [771634] main/121/raft_main_loop V> done sending messages, sent: 1, skipped: 0
default_1_3 | 2025-02-17 23:38:33.808 [771637] main/123/raft_main_loop V> main_loop_status = 'idle'
default_1_2 | 2025-02-17 23:38:33.808 [771634] main/121/raft_main_loop V> persisted index 30, raft_id: 2
default_1_2 | 2025-02-17 23:38:33.808 [771634] main/121/raft_main_loop V> main_loop_status = 'idle'
default_1_1 | 2025-02-17 23:38:33.808 [771631] main/128/.proc_raft_interact V> committing index 30, index: 30, raft_id: 1
default_1_1 | 2025-02-17 23:38:33.808 [771631] main/128/.proc_raft_interact V> Sending from 1 to 2, msg: msg_type: MsgAppend to: 2 log_term: 2 index: 30 commit: 30, to: 2, from: 1, raft_id: 1
default_1_1 | 2025-02-17 23:38:33.808 [771631] main/128/.proc_raft_interact V> Sending from 1 to 3, msg: msg_type: MsgAppend to: 3 log_term: 2 index: 30 commit: 30, to: 3, from: 1, raft_id: 1
default_1_1 | 2025-02-17 23:38:33.808 [771631] main/114/raft_main_loop V> main_loop_status = 'sending raft messages'
default_1_1 | 2025-02-17 23:38:33.809 [771631] main/114/raft_main_loop V> done sending messages, sent: 2, skipped: 0
default_1_1 | 2025-02-17 23:38:33.809 [771631] main/114/raft_main_loop V> main_loop_status = 'persisting hard state, entries and/or snapshot'
default_1_1 | 2025-02-17 23:38:33.809 [771631] main/114/raft_main_loop V> hard state: term: 2 vote: 1 commit: 30
default_1_1 | 2025-02-17 23:38:33.809 [771631] main/128/.proc_raft_interact V> can't lock mutex at src/traft/node.rs:419:14, already locked at src/traft/node.rs:2570:45
default_1_1 | 2025-02-17 23:38:33.809 [771631] main/114/raft_main_loop V> main_loop_status = 'handling committed entries'
default_1_3 | 2025-02-17 23:38:33.809 [771637] main/112/.proc_raft_interact V> Sending from 3 to 1, msg: msg_type: MsgAppendResponse to: 1 index: 30 commit: 30, to: 1, from: 3, raft_id: 3
default_1_2 | 2025-02-17 23:38:33.809 [771634] main/134/.proc_raft_interact V> Sending from 2 to 1, msg: msg_type: MsgAppendResponse to: 1 index: 30 commit: 30, to: 1, from: 2, raft_id: 2
default_1_1 | 2025-02-17 23:38:33.809 [771631] main/114/raft_main_loop I> switched to configuration, config: Configuration { voters: Configuration { incoming: Configuration { voters: {1, 2} }, outgoing: Configuration { voters: {} } }, learners: {3}, learners_next: {}, auto_leave: false }, raft_id: 1
default_1_3 | 2025-02-17 23:38:33.809 [771637] main/123/raft_main_loop V> main_loop_status = 'persisting hard state, entries and/or snapshot'
default_1_3 | 2025-02-17 23:38:33.809 [771637] main/123/raft_main_loop V> hard state: term: 2 commit: 30
default_1_2 | 2025-02-17 23:38:33.809 [771634] main/121/raft_main_loop V> main_loop_status = 'persisting hard state, entries and/or snapshot'
default_1_2 | 2025-02-17 23:38:33.809 [771634] main/121/raft_main_loop V> hard state: term: 2 commit: 30
default_1_3 | 2025-02-17 23:38:33.809 [771637] main/123/raft_main_loop V> main_loop_status = 'handling committed entries'
default_1_2 | 2025-02-17 23:38:33.809 [771634] main/121/raft_main_loop V> main_loop_status = 'handling committed entries'
default_1_3 | 2025-02-17 23:38:33.809 [771637] main/123/raft_main_loop I> switched to configuration, config: Configuration { voters: Configuration { incoming: Configuration { voters: {1, 2} }, outgoing: Configuration { voters: {} } }, learners: {3}, learners_next: {}, auto_leave: false }, raft_id: 3
default_1_3 | 2025-02-17 23:38:33.809 [771637] main/123/raft_main_loop V> main_loop_status = 'sending raft messages'
default_1_2 | 2025-02-17 23:38:33.809 [771634] main/121/raft_main_loop I> switched to configuration, config: Configuration { voters: Configuration { incoming: Configuration { voters: {1, 2} }, outgoing: Configuration { voters: {} } }, learners: {3}, learners_next: {}, auto_leave: false }, raft_id: 2
default_1_3 | 2025-02-17 23:38:33.809 [771637] main/123/raft_main_loop V> done sending messages, sent: 1, skipped: 0
default_1_3 | 2025-02-17 23:38:33.809 [771637] main/123/raft_main_loop V> main_loop_status = 'idle'
default_1_1 | 2025-02-17 23:38:33.809 [771631] main/115/governor_loop V> governor_loop_status = #22 'configure replication'
default_1_1 | 2025-02-17 23:38:33.809 [771631] main/115/governor_loop I> configuring replication
default_1_1 | 2025-02-17 23:38:33.809 [771631] main/115/governor_loop I> calling proc_replication, is_master: true, instance_name: default_1_1
default_1_3 | 2025-02-17 23:38:33.809 [771637] main/134/.proc_expel_redirect V> done waiting for applied index 30, current: 30
default_1_3 | 2025-02-17 23:38:33.809 [771637] main/134/.proc_expel_redirect V> waiting for applied index 31
default_1_2 | 2025-02-17 23:38:33.809 [771634] main/121/raft_main_loop V> main_loop_status = 'sending raft messages'
default_1_1 | 2025-02-17 23:38:33.809 [771631] main/115/governor_loop I> calling proc_replication, is_master: false, instance_name: default_1_2
default_1_1 | 2025-02-17 23:38:33.809 [771631] main/115/governor_loop I> calling proc_replication, is_master: false, instance_name: default_1_3
default_1_2 | 2025-02-17 23:38:33.809 [771634] main/121/raft_main_loop V> done sending messages, sent: 1, skipped: 0
default_1_2 | 2025-02-17 23:38:33.809 [771634] main/121/raft_main_loop V> main_loop_status = 'idle'
default_1_1 | 2025-02-17 23:38:33.809 [771631] main/138/.proc_raft_interact V> can't lock mutex at src/traft/node.rs:419:14, already locked at src/traft/node.rs:2570:45
default_1_3 | 2025-02-17 23:38:33.809 [771637] main/112/.proc_replication I> connecting to 3 replicas
default_1_2 | 2025-02-17 23:38:33.809 [771634] main/134/.proc_replication I> connecting to 3 replicas
default_1_1 | 2025-02-17 23:38:33.809 [771631] main/141/.proc_replication I> connecting to 3 replicas
default_1_3 | 2025-02-17 23:38:33.809 [771637] main/112/.proc_replication C> failed to connect to 3 out of 3 replicas
default_1_2 | 2025-02-17 23:38:33.809 [771634] main/134/.proc_replication C> failed to connect to 3 out of 3 replicas
default_1_1 | 2025-02-17 23:38:33.809 [771631] main/141/.proc_replication C> failed to connect to 3 out of 3 replicas
default_1_1 | 2025-02-17 23:38:33.809 [771631] main/114/raft_main_loop V> main_loop_status = 'idle'
default_1_3 | 2025-02-17 23:38:33.809 [771637] main/112/.proc_replication I> leaving orphan mode
default_1_2 | 2025-02-17 23:38:33.809 [771634] relay/127.0.0.1:60952/101/main coio.c:353 E> SocketError: unexpected EOF when reading from socket, called on fd 41, aka 127.0.0.1:3302, peer of 127.0.0.1:60952: Broken pipe
default_1_2 | 2025-02-17 23:38:33.810 [771634] relay/127.0.0.1:60952/101/main I> exiting the relay loop
default_1_1 | 2025-02-17 23:38:33.810 [771631] relay/127.0.0.1:40738/101/main coio.c:353 E> SocketError: unexpected EOF when reading from socket, called on fd 49, aka 127.0.0.1:3300, peer of 127.0.0.1:40738: Broken pipe
default_1_1 | 2025-02-17 23:38:33.810 [771631] relay/127.0.0.1:40738/101/main I> exiting the relay loop
default_1_3 | 2025-02-17 23:38:33.810 [771637] main/112/.proc_replication/box.load_cfg I> set 'replication' configuration option to ["pico_service@127.0.0.1:3300","pico_service@127.0.0.1:3302","pico_service@127.0.0.1:3304"]
default_1_2 | 2025-02-17 23:38:33.810 [771634] main/134/.proc_replication I> leaving orphan mode
default_1_3 | 2025-02-17 23:38:33.810 [771637] main/188/applier/pico_service@127.0.0.1:3300 I> remote master 77fdab61-0002-4cd4-a9a9-c92f78af29e4 at 127.0.0.1:3300 running Tarantool 2.11.5
default_1_2 | 2025-02-17 23:38:33.810 [771634] main/134/.proc_replication/box.load_cfg I> set 'replication' configuration option to ["pico_service@127.0.0.1:3300","pico_service@127.0.0.1:3302","pico_service@127.0.0.1:3304"]
default_1_3 | 2025-02-17 23:38:33.810 [771637] relay/127.0.0.1:55400/101/main coio.c:353 E> SocketError: unexpected EOF when reading from socket, called on fd 33, aka 127.0.0.1:3304, peer of 127.0.0.1:55400: Broken pipe
default_1_1 | 2025-02-17 23:38:33.810 [771631] main/141/.proc_replication I> leaving orphan mode
default_1_3 | 2025-02-17 23:38:33.810 [771637] relay/127.0.0.1:55400/101/main I> exiting the relay loop
default_1_3 | 2025-02-17 23:38:33.810 [771637] relay/127.0.0.1:55302/101/main coio.c:353 E> SocketError: unexpected EOF when reading from socket, called on fd 42, aka 127.0.0.1:3304, peer of 127.0.0.1:55302: Broken pipe
default_1_3 | 2025-02-17 23:38:33.810 [771637] main/186/applier/pico_service@127.0.0.1:3304 I> remote master 35662ba5-d645-45bb-89b6-0a4553e26627 at 127.0.0.1:3304 running Tarantool 2.11.5
default_1_3 | 2025-02-17 23:38:33.810 [771637] relay/127.0.0.1:55302/101/main I> exiting the relay loop
default_1_2 | 2025-02-17 23:38:33.810 [771634] main/171/applier/pico_service@127.0.0.1:3304 I> remote master 35662ba5-d645-45bb-89b6-0a4553e26627 at 127.0.0.1:3304 running Tarantool 2.11.5
default_1_1 | 2025-02-17 23:38:33.810 [771631] main/141/.proc_replication/box.load_cfg I> set 'replication' configuration option to ["pico_service@127.0.0.1:3300","pico_service@127.0.0.1:3302","pico_service@127.0.0.1:3304"]
default_1_3 | 2025-02-17 23:38:33.810 [771637] main/187/applier/pico_service@127.0.0.1:3302 I> remote master caf0b1e6-ae28-4955-9c34-35169d154b1a at 127.0.0.1:3302 running Tarantool 2.11.5
default_1_2 | 2025-02-17 23:38:33.810 [771634] main/172/applier/pico_service@127.0.0.1:3302 I> remote master caf0b1e6-ae28-4955-9c34-35169d154b1a at 127.0.0.1:3302 running Tarantool 2.11.5
default_1_1 | 2025-02-17 23:38:33.810 [771631] main/194/applier/pico_service@127.0.0.1:3302 I> remote master caf0b1e6-ae28-4955-9c34-35169d154b1a at 127.0.0.1:3302 running Tarantool 2.11.5
default_1_1 | 2025-02-17 23:38:33.810 [771631] main/193/applier/pico_service@127.0.0.1:3304 I> remote master 35662ba5-d645-45bb-89b6-0a4553e26627 at 127.0.0.1:3304 running Tarantool 2.11.5
default_1_3 | 2025-02-17 23:38:33.810 [771637] main/186/applier/pico_service@127.0.0.1:3304 I> leaving orphan mode
default_1_2 | 2025-02-17 23:38:33.810 [771634] relay/127.0.0.1:60946/101/main coio.c:353 E> SocketError: unexpected EOF when reading from socket, called on fd 39, aka 127.0.0.1:3302, peer of 127.0.0.1:60946: Broken pipe
default_1_2 | 2025-02-17 23:38:33.810 [771634] relay/127.0.0.1:60946/101/main I> exiting the relay loop
default_1_1 | 2025-02-17 23:38:33.810 [771631] main/115/governor_loop I> configured replication with instance, instance_name: default_1_1
default_1_1 | 2025-02-17 23:38:33.810 [771631] main/115/governor_loop I> configured replication with instance, instance_name: default_1_2
default_1_1 | 2025-02-17 23:38:33.810 [771631] main/115/governor_loop I> configured replication with instance, instance_name: default_1_3
default_1_1 | 2025-02-17 23:38:33.810 [771631] main/115/governor_loop I> actualizing replicaset configuration version, replicaset_name: default_1
default_1_2 | 2025-02-17 23:38:33.810 [771634] main/172/applier/pico_service@127.0.0.1:3302 I> leaving orphan mode
default_1_2 | 2025-02-17 23:38:33.810 [771634] main/171/applier/pico_service@127.0.0.1:3304 I> authenticated
default_1_3 | 2025-02-17 23:38:33.810 [771637] main/187/applier/pico_service@127.0.0.1:3302 I> authenticated
default_1_3 | 2025-02-17 23:38:33.810 [771637] main/130/main I> subscribed replica caf0b1e6-ae28-4955-9c34-35169d154b1a at fd 47, aka 127.0.0.1:3304, peer of 127.0.0.1:60716
default_1_3 | 2025-02-17 23:38:33.810 [771637] main/130/main I> remote vclock {1: 4194} local vclock {0: 276, 1: 4194}
default_1_2 | 2025-02-17 23:38:33.810 [771634] main/112/main I> subscribed replica 35662ba5-d645-45bb-89b6-0a4553e26627 at fd 30, aka 127.0.0.1:3302, peer of 127.0.0.1:59420
default_1_2 | 2025-02-17 23:38:33.810 [771634] main/112/main I> remote vclock {1: 4194} local vclock {0: 287, 1: 4194}
default_1_1 | 2025-02-17 23:38:33.810 [771631] main/115/governor_loop V> Sending from 1 to 2, msg: msg_type: MsgAppend to: 2 log_term: 2 index: 30 entries {term: 2 index: 31 context: "\226\243dml\246update\315\002\005\304\013\221\251default_1\221\304\033\223\241=\266current_config_version\004\001"} commit: 30, to: 2, from: 1, raft_id: 1
default_1_1 | 2025-02-17 23:38:33.810 [771631] main/115/governor_loop V> Sending from 1 to 3, msg: msg_type: MsgAppend to: 3 log_term: 2 index: 30 entries {term: 2 index: 31 context: "\226\243dml\246update\315\002\005\304\013\221\251default_1\221\304\033\223\241=\266current_config_version\004\001"} commit: 30, to: 3, from: 1, raft_id: 1
default_1_1 | 2025-02-17 23:38:33.810 [771631] main/115/governor_loop V> waiting for applied index 31
default_1_2 | 2025-02-17 23:38:33.810 [771634] main/171/applier/pico_service@127.0.0.1:3304 I> subscribed
default_1_2 | 2025-02-17 23:38:33.810 [771634] main/171/applier/pico_service@127.0.0.1:3304 I> remote vclock {1: 4194} local vclock {0: 287, 1: 4194}
default_1_2 | 2025-02-17 23:38:33.811 [771634] main/173/applier/pico_service@127.0.0.1:3300 I> remote master 77fdab61-0002-4cd4-a9a9-c92f78af29e4 at 127.0.0.1:3300 running Tarantool 2.11.5
default_1_1 | 2025-02-17 23:38:33.810 [771631] relay/127.0.0.1:40644/101/main coio.c:353 E> SocketError: unexpected EOF when reading from socket, called on fd 40, aka 127.0.0.1:3300, peer of 127.0.0.1:40644: Broken pipe
default_1_1 | 2025-02-17 23:38:33.811 [771631] relay/127.0.0.1:40644/101/main I> exiting the relay loop
default_1_1 | 2025-02-17 23:38:33.811 [771631] main/195/applier/pico_service@127.0.0.1:3300 I> remote master 77fdab61-0002-4cd4-a9a9-c92f78af29e4 at 127.0.0.1:3300 running Tarantool 2.11.5
default_1_2 | 2025-02-17 23:38:33.811 [771634] main/171/applier/pico_service@127.0.0.1:3304 I> RAFT: message {term: 1, state: follower} from 3
default_1_2 | 2025-02-17 23:38:33.811 [771634] relay/127.0.0.1:59420/101/main I> recover from `/tmp/pytest-of-gmoshkin/pytest-795/tmp0/i2/00000000000000000149.xlog'
default_1_1 | 2025-02-17 23:38:33.811 [771631] main/194/applier/pico_service@127.0.0.1:3302 I> authenticated
default_1_1 | 2025-02-17 23:38:33.811 [771631] main/193/applier/pico_service@127.0.0.1:3304 I> authenticated
default_1_2 | 2025-02-17 23:38:33.811 [771634] main/135/main I> subscribed replica 77fdab61-0002-4cd4-a9a9-c92f78af29e4 at fd 42, aka 127.0.0.1:3302, peer of 127.0.0.1:59448
default_1_2 | 2025-02-17 23:38:33.811 [771634] main/135/main I> remote vclock {1: 4194} local vclock {0: 287, 1: 4194}
default_1_1 | 2025-02-17 23:38:33.811 [771631] main/194/applier/pico_service@127.0.0.1:3302 I> subscribed
default_1_1 | 2025-02-17 23:38:33.811 [771631] main/194/applier/pico_service@127.0.0.1:3302 I> remote vclock {1: 4194} local vclock {0: 283, 1: 4194}
default_1_1 | 2025-02-17 23:38:33.811 [771631] main/193/applier/pico_service@127.0.0.1:3304 I> subscribed
default_1_1 | 2025-02-17 23:38:33.811 [771631] main/193/applier/pico_service@127.0.0.1:3304 I> remote vclock {1: 4194} local vclock {0: 283, 1: 4194}
default_1_2 | 2025-02-17 23:38:33.811 [771634] main/173/applier/pico_service@127.0.0.1:3300 I> authenticated
default_1_3 | 2025-02-17 23:38:33.810 [771637] main/187/applier/pico_service@127.0.0.1:3302 I> subscribed
default_1_3 | 2025-02-17 23:38:33.810 [771637] main/187/applier/pico_service@127.0.0.1:3302 I> remote vclock {1: 4194} local vclock {0: 276, 1: 4194}
default_1_1 | 2025-02-17 23:38:33.811 [771631] main/137/main I> subscribed replica 35662ba5-d645-45bb-89b6-0a4553e26627 at fd 43, aka 127.0.0.1:3300, peer of 127.0.0.1:38544
default_1_3 | 2025-02-17 23:38:33.811 [771637] main/187/applier/pico_service@127.0.0.1:3302 I> RAFT: message {term: 1, state: follower} from 2
default_1_3 | 2025-02-17 23:38:33.811 [771637] relay/127.0.0.1:60716/101/main I> recover from `/tmp/pytest-of-gmoshkin/pytest-795/tmp0/i3/00000000000000000150.xlog'
default_1_3 | 2025-02-17 23:38:33.811 [771637] main/136/main I> subscribed replica 77fdab61-0002-4cd4-a9a9-c92f78af29e4 at fd 48, aka 127.0.0.1:3304, peer of 127.0.0.1:60722
default_1_3 | 2025-02-17 23:38:33.811 [771637] main/136/main I> remote vclock {1: 4194} local vclock {0: 276, 1: 4194}
default_1_3 | 2025-02-17 23:38:33.811 [771637] main/188/applier/pico_service@127.0.0.1:3300 I> authenticated
default_1_3 | 2025-02-17 23:38:33.811 [771637] main/188/applier/pico_service@127.0.0.1:3300 I> subscribed
default_1_3 | 2025-02-17 23:38:33.811 [771637] main/188/applier/pico_service@127.0.0.1:3300 I> remote vclock {1: 4194} local vclock {0: 276, 1: 4194}
default_1_1 | 2025-02-17 23:38:33.811 [771631] main/137/main I> remote vclock {1: 4194} local vclock {0: 283, 1: 4194}
default_1_3 | 2025-02-17 23:38:33.811 [771637] main/188/applier/pico_service@127.0.0.1:3300 I> RAFT: message {term: 1, state: follower} from 1
default_1_1 | 2025-02-17 23:38:33.811 [771631] main/110/main I> subscribed replica caf0b1e6-ae28-4955-9c34-35169d154b1a at fd 44, aka 127.0.0.1:3300, peer of 127.0.0.1:38554
default_1_1 | 2025-02-17 23:38:33.811 [771631] main/110/main I> remote vclock {1: 4194} local vclock {0: 283, 1: 4194}
default_1_3 | 2025-02-17 23:38:33.811 [771637] relay/127.0.0.1:60722/101/main I> recover from `/tmp/pytest-of-gmoshkin/pytest-795/tmp0/i3/00000000000000000150.xlog'
default_1_2 | 2025-02-17 23:38:33.811 [771634] main/173/applier/pico_service@127.0.0.1:3300 I> subscribed
default_1_2 | 2025-02-17 23:38:33.811 [771634] main/173/applier/pico_service@127.0.0.1:3300 I> remote vclock {1: 4194} local vclock {0: 287, 1: 4194}
default_1_2 | 2025-02-17 23:38:33.811 [771634] relay/127.0.0.1:59448/101/main I> recover from `/tmp/pytest-of-gmoshkin/pytest-795/tmp0/i2/00000000000000000149.xlog'
default_1_2 | 2025-02-17 23:38:33.811 [771634] main/173/applier/pico_service@127.0.0.1:3300 I> RAFT: message {term: 1, state: follower} from 1
default_1_1 | 2025-02-17 23:38:33.811 [771631] main/194/applier/pico_service@127.0.0.1:3302 I> RAFT: message {term: 1, state: follower} from 2
default_1_1 | 2025-02-17 23:38:33.811 [771631] main/193/applier/pico_service@127.0.0.1:3304 I> RAFT: message {term: 1, state: follower} from 3
default_1_1 | 2025-02-17 23:38:33.811 [771631] main/195/applier/pico_service@127.0.0.1:3300 I> leaving orphan mode
default_1_1 | 2025-02-17 23:38:33.811 [771631] relay/127.0.0.1:38544/101/main I> recover from `/tmp/pytest-of-gmoshkin/pytest-795/tmp0/i1/00000000000000000000.xlog'
default_1_3 | 2025-02-17 23:38:33.811 [771637] main/187/applier/pico_service@127.0.0.1:3302 I> leaving orphan mode
default_1_1 | 2025-02-17 23:38:33.811 [771631] relay/127.0.0.1:38554/101/main I> recover from `/tmp/pytest-of-gmoshkin/pytest-795/tmp0/i1/00000000000000000000.xlog'
default_1_2 | 2025-02-17 23:38:33.812 [771634] main/171/applier/pico_service@127.0.0.1:3304 I> leaving orphan mode
default_1_1 | 2025-02-17 23:38:33.812 [771631] main/193/applier/pico_service@127.0.0.1:3304 I> leaving orphan mode
default_1_1 | 2025-02-17 23:38:33.812 [771631] main/194/applier/pico_service@127.0.0.1:3302 I> leaving orphan mode
default_1_2 | 2025-02-17 23:38:33.812 [771634] main/173/applier/pico_service@127.0.0.1:3300 I> leaving orphan mode
default_1_3 | 2025-02-17 23:38:33.812 [771637] main/188/applier/pico_service@127.0.0.1:3300 I> leaving orphan mode
default_1_1 | 2025-02-17 23:38:33.910 [771631] main/114/raft_main_loop V> Sending from 1 to 2, msg: msg_type: MsgHeartbeat to: 2 commit: 30, to: 2, from: 1, raft_id: 1
default_1_1 | 2025-02-17 23:38:33.910 [771631] main/114/raft_main_loop V> Sending from 1 to 3, msg: msg_type: MsgHeartbeat to: 3 commit: 30, to: 3, from: 1, raft_id: 1
default_1_1 | 2025-02-17 23:38:33.910 [771631] main/114/raft_main_loop V> main_loop_status = 'sending raft messages'
default_1_1 | 2025-02-17 23:38:33.910 [771631] main/114/raft_main_loop V> done sending messages, sent: 4, skipped: 0
default_1_1 | 2025-02-17 23:38:33.910 [771631] main/114/raft_main_loop V> main_loop_status = 'persisting hard state, entries and/or snapshot'
default_1_1 | 2025-02-17 23:38:33.910 [771631] main/114/raft_main_loop V> persisted index 31, raft_id: 1
default_1_1 | 2025-02-17 23:38:33.910 [771631] main/114/raft_main_loop V> main_loop_status = 'idle'
default_1_2 | 2025-02-17 23:38:33.911 [771634] main/134/.proc_raft_interact V> Sending from 2 to 1, msg: msg_type: MsgAppendResponse to: 1 index: 31 commit: 30, to: 1, from: 2, raft_id: 2
default_1_2 | 2025-02-17 23:38:33.911 [771634] main/136/.proc_raft_interact V> Sending from 2 to 1, msg: msg_type: MsgHeartbeatResponse to: 1 commit: 30, to: 1, from: 2, raft_id: 2
default_1_3 | 2025-02-17 23:38:33.911 [771637] main/112/.proc_raft_interact V> Sending from 3 to 1, msg: msg_type: MsgAppendResponse to: 1 index: 31 commit: 30, to: 1, from: 3, raft_id: 3
default_1_3 | 2025-02-17 23:38:33.911 [771637] main/135/.proc_raft_interact V> Sending from 3 to 1, msg: msg_type: MsgHeartbeatResponse to: 1 commit: 30, to: 1, from: 3, raft_id: 3
default_1_3 | 2025-02-17 23:38:33.911 [771637] main/123/raft_main_loop V> main_loop_status = 'persisting hard state, entries and/or snapshot'
default_1_2 | 2025-02-17 23:38:33.911 [771634] main/121/raft_main_loop V> main_loop_status = 'persisting hard state, entries and/or snapshot'
default_1_2 | 2025-02-17 23:38:33.911 [771634] main/121/raft_main_loop V> main_loop_status = 'sending raft messages'
default_1_2 | 2025-02-17 23:38:33.911 [771634] main/121/raft_main_loop V> done sending messages, sent: 2, skipped: 0
default_1_3 | 2025-02-17 23:38:33.911 [771637] main/123/raft_main_loop V> main_loop_status = 'sending raft messages'
default_1_2 | 2025-02-17 23:38:33.911 [771634] main/121/raft_main_loop V> persisted index 31, raft_id: 2
default_1_3 | 2025-02-17 23:38:33.911 [771637] main/123/raft_main_loop V> done sending messages, sent: 2, skipped: 0
default_1_2 | 2025-02-17 23:38:33.911 [771634] main/121/raft_main_loop V> main_loop_status = 'idle'
default_1_3 | 2025-02-17 23:38:33.911 [771637] main/123/raft_main_loop V> persisted index 31, raft_id: 3
default_1_3 | 2025-02-17 23:38:33.911 [771637] main/123/raft_main_loop V> main_loop_status = 'idle'
default_1_1 | 2025-02-17 23:38:33.911 [771631] main/138/.proc_raft_interact V> committing index 31, index: 31, raft_id: 1
default_1_1 | 2025-02-17 23:38:33.911 [771631] main/138/.proc_raft_interact V> Sending from 1 to 2, msg: msg_type: MsgAppend to: 2 log_term: 2 index: 31 commit: 31, to: 2, from: 1, raft_id: 1
default_1_1 | 2025-02-17 23:38:33.911 [771631] main/138/.proc_raft_interact V> Sending from 1 to 3, msg: msg_type: MsgAppend to: 3 log_term: 2 index: 31 commit: 31, to: 3, from: 1, raft_id: 1
default_1_1 | 2025-02-17 23:38:33.911 [771631] main/114/raft_main_loop V> main_loop_status = 'sending raft messages'
default_1_1 | 2025-02-17 23:38:33.911 [771631] main/114/raft_main_loop V> done sending messages, sent: 2, skipped: 0
default_1_1 | 2025-02-17 23:38:33.911 [771631] main/114/raft_main_loop V> main_loop_status = 'persisting hard state, entries and/or snapshot'
default_1_1 | 2025-02-17 23:38:33.911 [771631] main/114/raft_main_loop V> hard state: term: 2 vote: 1 commit: 31
default_1_1 | 2025-02-17 23:38:33.911 [771631] main/141/.proc_raft_interact V> can't lock mutex at src/traft/node.rs:419:14, already locked at src/traft/node.rs:2570:45
default_1_1 | 2025-02-17 23:38:33.911 [771631] main/138/.proc_raft_interact V> can't lock mutex at src/traft/node.rs:419:14, already locked at src/traft/node.rs:2570:45
default_1_3 | 2025-02-17 23:38:33.911 [771637] main/135/.proc_raft_interact V> Sending from 3 to 1, msg: msg_type: MsgAppendResponse to: 1 index: 31 commit: 31, to: 1, from: 3, raft_id: 3
default_1_2 | 2025-02-17 23:38:33.911 [771634] main/136/.proc_raft_interact V> Sending from 2 to 1, msg: msg_type: MsgAppendResponse to: 1 index: 31 commit: 31, to: 1, from: 2, raft_id: 2
default_1_1 | 2025-02-17 23:38:33.911 [771631] main/114/raft_main_loop V> main_loop_status = 'handling committed entries'
default_1_1 | 2025-02-17 23:38:33.911 [771631] main/114/raft_main_loop V> applying entry: Update(_pico_replicaset, ["default_1"], [["=","current_config_version",4]]), index: 31
default_1_3 | 2025-02-17 23:38:33.911 [771637] main/123/raft_main_loop V> main_loop_status = 'persisting hard state, entries and/or snapshot'
default_1_3 | 2025-02-17 23:38:33.911 [771637] main/123/raft_main_loop V> hard state: term: 2 commit: 31
default_1_2 | 2025-02-17 23:38:33.911 [771634] main/121/raft_main_loop V> main_loop_status = 'persisting hard state, entries and/or snapshot'
default_1_2 | 2025-02-17 23:38:33.911 [771634] main/121/raft_main_loop V> hard state: term: 2 commit: 31
default_1_3 | 2025-02-17 23:38:33.912 [771637] main/123/raft_main_loop V> main_loop_status = 'handling committed entries'
default_1_2 | 2025-02-17 23:38:33.912 [771634] main/121/raft_main_loop V> main_loop_status = 'handling committed entries'
default_1_3 | 2025-02-17 23:38:33.912 [771637] main/123/raft_main_loop V> applying entry: Update(_pico_replicaset, ["default_1"], [["=","current_config_version",4]]), index: 31
default_1_2 | 2025-02-17 23:38:33.912 [771634] main/121/raft_main_loop V> applying entry: Update(_pico_replicaset, ["default_1"], [["=","current_config_version",4]]), index: 31
default_1_1 | 2025-02-17 23:38:33.912 [771631] main/114/raft_main_loop V> main_loop_status = 'idle'
default_1_1 | 2025-02-17 23:38:33.912 [771631] main/115/governor_loop V> done waiting for applied index 31, current: 31
default_1_3 | 2025-02-17 23:38:33.912 [771637] main/123/raft_main_loop V> main_loop_status = 'sending raft messages'
default_1_2 | 2025-02-17 23:38:33.912 [771634] main/121/raft_main_loop V> main_loop_status = 'sending raft messages'
default_1_3 | 2025-02-17 23:38:33.912 [771637] main/123/raft_main_loop V> done sending messages, sent: 1, skipped: 0
default_1_2 | 2025-02-17 23:38:33.912 [771634] main/121/raft_main_loop V> done sending messages, sent: 1, skipped: 0
default_1_3 | 2025-02-17 23:38:33.912 [771637] main/123/raft_main_loop V> main_loop_status = 'idle'
default_1_3 | 2025-02-17 23:38:33.912 [771637] main/134/.proc_expel_redirect V> done waiting for applied index 31, current: 31
default_1_3 | 2025-02-17 23:38:33.912 [771637] main/134/.proc_expel_redirect V> waiting for applied index 32
default_1_2 | 2025-02-17 23:38:33.912 [771634] main/121/raft_main_loop V> main_loop_status = 'idle'
default_1_1 | 2025-02-17 23:38:33.912 [771631] main/115/governor_loop V> governor_loop_status = #23 'update current sharding configuration'
default_1_1 | 2025-02-17 23:38:33.912 [771631] main/115/governor_loop I> applying vshard config changes, tier: default
default_1_1 | 2025-02-17 23:38:33.912 [771631] main/115/governor_loop I> calling proc_sharding, instance_name: default_1_1
default_1_1 | 2025-02-17 23:38:33.912 [771631] main/115/governor_loop I> calling proc_sharding, instance_name: default_1_2
default_1_1 | 2025-02-17 23:38:33.912 [771631] main/115/governor_loop I> calling proc_sharding, instance_name: default_1_3
default_1_2 | 2025-02-17 23:38:33.912 [771634] main/136/.proc_sharding V> waiting for applied index 31
default_1_2 | 2025-02-17 23:38:33.912 [771634] main/136/.proc_sharding V> done waiting for applied index 31, current: 31
default_1_1 | 2025-02-17 23:38:33.912 [771631] main/128/.proc_sharding V> waiting for applied index 31
default_1_1 | 2025-02-17 23:38:33.912 [771631] main/128/.proc_sharding V> done waiting for applied index 31, current: 31
default_1_3 | 2025-02-17 23:38:33.912 [771637] main/135/.proc_sharding V> waiting for applied index 31
default_1_3 | 2025-02-17 23:38:33.912 [771637] main/135/.proc_sharding V> done waiting for applied index 31, current: 31
default_1_1 | 2025-02-17 23:38:33.912 [771631] main/128/.proc_sharding/vshard.storage I> Starting reconfiguration of replica 77fdab61-0002-4cd4-a9a9-c92f78af29e4
default_1_2 | 2025-02-17 23:38:33.912 [771634] main/136/.proc_sharding/vshard.storage I> Starting reconfiguration of replica caf0b1e6-ae28-4955-9c34-35169d154b1a
default_1_1 | 2025-02-17 23:38:33.912 [771631] main/128/.proc_sharding/vshard.storage I> I am master
default_1_3 | 2025-02-17 23:38:33.912 [771637] main/135/.proc_sharding/vshard.storage I> Starting reconfiguration of replica 35662ba5-d645-45bb-89b6-0a4553e26627
default_1_2 | 2025-02-17 23:38:33.912 [771634] main/136/.proc_sharding I> connecting to 3 replicas
default_1_1 | 2025-02-17 23:38:33.913 [771631] main/128/.proc_sharding I> connecting to 3 replicas
default_1_3 | 2025-02-17 23:38:33.913 [771637] main/135/.proc_sharding I> connecting to 3 replicas
default_1_2 | 2025-02-17 23:38:33.913 [771634] main/136/.proc_sharding C> failed to connect to 3 out of 3 replicas
default_1_1 | 2025-02-17 23:38:33.913 [771631] main/128/.proc_sharding C> failed to connect to 3 out of 3 replicas
default_1_3 | 2025-02-17 23:38:33.913 [771637] main/135/.proc_sharding C> failed to connect to 3 out of 3 replicas
default_1_3 | 2025-02-17 23:38:33.913 [771637] relay/127.0.0.1:60716/101/main coio.c:353 E> SocketError: unexpected EOF when reading from socket, called on fd 47, aka 127.0.0.1:3304, peer of 127.0.0.1:60716: Broken pipe
default_1_3 | 2025-02-17 23:38:33.913 [771637] relay/127.0.0.1:60716/101/main I> exiting the relay loop
default_1_3 | 2025-02-17 23:38:33.913 [771637] relay/127.0.0.1:60722/101/main coio.c:353 E> SocketError: unexpected EOF when reading from socket, called on fd 48, aka 127.0.0.1:3304, peer of 127.0.0.1:60722: Broken pipe
default_1_3 | 2025-02-17 23:38:33.913 [771637] relay/127.0.0.1:60722/101/main I> exiting the relay loop
default_1_2 | 2025-02-17 23:38:33.913 [771634] main/136/.proc_sharding I> leaving orphan mode
default_1_3 | 2025-02-17 23:38:33.913 [771637] main/135/.proc_sharding I> leaving orphan mode
default_1_2 | 2025-02-17 23:38:33.913 [771634] main/136/.proc_sharding/box.load_cfg I> set 'replication' configuration option to ["pico_service@127.0.0.1:3304","pico_service@127.0.0.1:3302","pico_service@127.0.0.1:3300"]
default_1_2 | 2025-02-17 23:38:33.913 [771634] main/136/.proc_sharding/vshard.storage I> Box has been configured
default_1_1 | 2025-02-17 23:38:33.913 [771631] main/128/.proc_sharding I> leaving orphan mode
default_1_3 | 2025-02-17 23:38:33.913 [771637] main/135/.proc_sharding/box.load_cfg I> set 'replication' configuration option to ["pico_service@127.0.0.1:3302","pico_service@127.0.0.1:3304","pico_service@127.0.0.1:3300"]
default_1_3 | 2025-02-17 23:38:33.913 [771637] main/135/.proc_sharding/vshard.storage I> Box has been configured
default_1_1 | 2025-02-17 23:38:33.913 [771631] main/128/.proc_sharding/box.load_cfg I> set 'replication' configuration option to ["pico_service@127.0.0.1:3304","pico_service@127.0.0.1:3302","pico_service@127.0.0.1:3300"]
default_1_1 | 2025-02-17 23:38:33.913 [771631] main/128/.proc_sharding/vshard.storage I> Box has been configured
default_1_1 | 2025-02-17 23:38:33.913 [771631] main/205/lua/vshard.replicaset I> Old replicaset and replica objects are outdated.
default_1_3 | 2025-02-17 23:38:33.913 [771637] main/198/lua/vshard.replicaset I> Old replicaset and replica objects are outdated.
default_1_1 | 2025-02-17 23:38:33.913 [771631] main/128/.proc_sharding/vshard.storage I> Wakeup rebalancer
default_1_2 | 2025-02-17 23:38:33.913 [771634] main/183/lua/vshard.replicaset I> Old replicaset and replica objects are outdated.
default_1_2 | 2025-02-17 23:38:33.917 [771634] main/136/.proc_sharding/vshard.router I> Starting router configuration
default_1_2 | 2025-02-17 23:38:33.917 [771634] main/136/.proc_sharding/vshard.router I> Calling box.cfg()...
default_1_2 | 2025-02-17 23:38:33.917 [771634] main/136/.proc_sharding/vshard.router I> {"listen":"127.0.0.1:3302"}
default_1_2 | 2025-02-17 23:38:33.917 [771634] main/136/.proc_sharding/vshard.router I> Box has been configured
default_1_2 | 2025-02-17 23:38:33.917 [771634] main/184/lua/vshard.replicaset I> Old replicaset and replica objects are outdated.
default_1_3 | 2025-02-17 23:38:33.918 [771637] main/135/.proc_sharding/vshard.router I> Starting router configuration
default_1_3 | 2025-02-17 23:38:33.918 [771637] main/135/.proc_sharding/vshard.router I> Calling box.cfg()...
default_1_3 | 2025-02-17 23:38:33.918 [771637] main/135/.proc_sharding/vshard.router I> {"listen":"127.0.0.1:3304"}
default_1_3 | 2025-02-17 23:38:33.918 [771637] main/135/.proc_sharding/vshard.router I> Box has been configured
default_1_3 | 2025-02-17 23:38:33.918 [771637] main/199/lua/vshard.replicaset I> Old replicaset and replica objects are outdated.
default_1_2 | 2025-02-17 23:38:33.919 [771634] relay/127.0.0.1:59420/101/main coio.c:353 E> SocketError: unexpected EOF when reading from socket, called on fd 30, aka 127.0.0.1:3302, peer of 127.0.0.1:59420: Broken pipe
default_1_2 | 2025-02-17 23:38:33.919 [771634] relay/127.0.0.1:59420/101/main I> exiting the relay loop
default_1_2 | 2025-02-17 23:38:33.919 [771634] relay/127.0.0.1:59448/101/main coio.c:353 E> SocketError: unexpected EOF when reading from socket, called on fd 42, aka 127.0.0.1:3302, peer of 127.0.0.1:59448: Broken pipe
default_1_2 | 2025-02-17 23:38:33.919 [771634] relay/127.0.0.1:59448/101/main I> exiting the relay loop
