default_1_2 | 2025-02-17 23:38:33.919 [771634] main/181/applier/pico_service@127.0.0.1:3302 I> remote master caf0b1e6-ae28-4955-9c34-35169d154b1a at 127.0.0.1:3302 running Tarantool 2.11.5
default_1_2 | 2025-02-17 23:38:33.919 [771634] main/181/applier/pico_service@127.0.0.1:3302 I> leaving orphan mode
default_1_1 | 2025-02-17 23:38:33.919 [771631] main/128/.proc_sharding/vshard.router I> Starting router configuration
default_1_1 | 2025-02-17 23:38:33.919 [771631] main/128/.proc_sharding/vshard.router I> Calling box.cfg()...
default_1_1 | 2025-02-17 23:38:33.919 [771631] main/128/.proc_sharding/vshard.router I> {"listen":"127.0.0.1:3300"}
default_1_1 | 2025-02-17 23:38:33.919 [771631] main/128/.proc_sharding/vshard.router I> Box has been configured
default_1_1 | 2025-02-17 23:38:33.919 [771631] main/206/lua/vshard.replicaset I> Old replicaset and replica objects are outdated.
default_1_3 | 2025-02-17 23:38:33.922 [771637] main/197/applier/pico_service@127.0.0.1:3302 I> remote master caf0b1e6-ae28-4955-9c34-35169d154b1a at 127.0.0.1:3302 running Tarantool 2.11.5
default_1_2 | 2025-02-17 23:38:33.922 [771634] main/182/applier/pico_service@127.0.0.1:3304 I> remote master 35662ba5-d645-45bb-89b6-0a4553e26627 at 127.0.0.1:3304 running Tarantool 2.11.5
default_1_3 | 2025-02-17 23:38:33.922 [771637] main/196/applier/pico_service@127.0.0.1:3304 I> remote master 35662ba5-d645-45bb-89b6-0a4553e26627 at 127.0.0.1:3304 running Tarantool 2.11.5
default_1_3 | 2025-02-17 23:38:33.922 [771637] main/196/applier/pico_service@127.0.0.1:3304 I> leaving orphan mode
default_1_3 | 2025-02-17 23:38:33.922 [771637] main/197/applier/pico_service@127.0.0.1:3302 I> authenticated
default_1_2 | 2025-02-17 23:38:33.922 [771634] main/135/main I> subscribed replica 35662ba5-d645-45bb-89b6-0a4553e26627 at fd 47, aka 127.0.0.1:3302, peer of 127.0.0.1:59558
default_1_2 | 2025-02-17 23:38:33.922 [771634] main/135/main I> remote vclock {1: 4194} local vclock {0: 293, 1: 4194}
default_1_3 | 2025-02-17 23:38:33.922 [771637] main/197/applier/pico_service@127.0.0.1:3302 I> subscribed
default_1_3 | 2025-02-17 23:38:33.922 [771637] main/197/applier/pico_service@127.0.0.1:3302 I> remote vclock {1: 4194} local vclock {0: 282, 1: 4194}
default_1_3 | 2025-02-17 23:38:33.922 [771637] main/197/applier/pico_service@127.0.0.1:3302 I> RAFT: message {term: 1, state: follower} from 2
default_1_2 | 2025-02-17 23:38:33.922 [771634] main/182/applier/pico_service@127.0.0.1:3304 I> authenticated
default_1_3 | 2025-02-17 23:38:33.922 [771637] main/136/main I> subscribed replica caf0b1e6-ae28-4955-9c34-35169d154b1a at fd 30, aka 127.0.0.1:3304, peer of 127.0.0.1:60806
default_1_2 | 2025-02-17 23:38:33.922 [771634] main/182/applier/pico_service@127.0.0.1:3304 I> subscribed
default_1_3 | 2025-02-17 23:38:33.922 [771637] main/136/main I> remote vclock {1: 4194} local vclock {0: 282, 1: 4194}
default_1_2 | 2025-02-17 23:38:33.922 [771634] main/182/applier/pico_service@127.0.0.1:3304 I> remote vclock {1: 4194} local vclock {0: 293, 1: 4194}
default_1_2 | 2025-02-17 23:38:33.922 [771634] main/182/applier/pico_service@127.0.0.1:3304 I> RAFT: message {term: 1, state: follower} from 3
default_1_2 | 2025-02-17 23:38:33.922 [771634] relay/127.0.0.1:59558/101/main I> recover from `/tmp/pytest-of-gmoshkin/pytest-795/tmp0/i2/00000000000000000149.xlog'
default_1_3 | 2025-02-17 23:38:33.923 [771637] relay/127.0.0.1:60806/101/main I> recover from `/tmp/pytest-of-gmoshkin/pytest-795/tmp0/i3/00000000000000000150.xlog'
default_1_3 | 2025-02-17 23:38:33.923 [771637] main/197/applier/pico_service@127.0.0.1:3302 I> leaving orphan mode
default_1_2 | 2025-02-17 23:38:33.923 [771634] main/182/applier/pico_service@127.0.0.1:3304 I> leaving orphan mode
default_1_1 | 2025-02-17 23:38:33.923 [771631] main/204/applier/pico_service@127.0.0.1:3304 I> remote master 35662ba5-d645-45bb-89b6-0a4553e26627 at 127.0.0.1:3304 running Tarantool 2.11.5
default_1_1 | 2025-02-17 23:38:33.923 [771631] main/203/applier/pico_service@127.0.0.1:3302 I> remote master caf0b1e6-ae28-4955-9c34-35169d154b1a at 127.0.0.1:3302 running Tarantool 2.11.5
default_1_1 | 2025-02-17 23:38:33.924 [771631] main/115/governor_loop I> updating current vshard config
default_1_1 | 2025-02-17 23:38:33.924 [771631] main/115/governor_loop V> Sending from 1 to 2, msg: msg_type: MsgAppend to: 2 log_term: 2 index: 31 entries {term: 2 index: 32 context: "\226\243dml\246update\315\002\013\304\t\221\247default\221\304\"\223\241=\275current_vshard_config_version\002\001"} commit: 31, to: 2, from: 1, raft_id: 1
default_1_1 | 2025-02-17 23:38:33.924 [771631] main/115/governor_loop V> Sending from 1 to 3, msg: msg_type: MsgAppend to: 3 log_term: 2 index: 31 entries {term: 2 index: 32 context: "\226\243dml\246update\315\002\013\304\t\221\247default\221\304\"\223\241=\275current_vshard_config_version\002\001"} commit: 31, to: 3, from: 1, raft_id: 1
default_1_1 | 2025-02-17 23:38:33.924 [771631] main/115/governor_loop V> waiting for applied index 32
default_1_3 | 2025-02-17 23:38:33.925 [771637] main/195/applier/pico_service@127.0.0.1:3300 I> remote master 77fdab61-0002-4cd4-a9a9-c92f78af29e4 at 127.0.0.1:3300 running Tarantool 2.11.5
default_1_2 | 2025-02-17 23:38:33.925 [771634] main/180/applier/pico_service@127.0.0.1:3300 I> remote master 77fdab61-0002-4cd4-a9a9-c92f78af29e4 at 127.0.0.1:3300 running Tarantool 2.11.5
default_1_1 | 2025-02-17 23:38:33.925 [771631] relay/127.0.0.1:38554/101/main coio.c:353 E> SocketError: unexpected EOF when reading from socket, called on fd 44, aka 127.0.0.1:3300, peer of 127.0.0.1:38554: Broken pipe
default_1_1 | 2025-02-17 23:38:33.925 [771631] relay/127.0.0.1:38554/101/main I> exiting the relay loop
default_1_1 | 2025-02-17 23:38:33.925 [771631] relay/127.0.0.1:38544/101/main coio.c:353 E> SocketError: unexpected EOF when reading from socket, called on fd 43, aka 127.0.0.1:3300, peer of 127.0.0.1:38544: Broken pipe
default_1_1 | 2025-02-17 23:38:33.925 [771631] relay/127.0.0.1:38544/101/main I> exiting the relay loop
default_1_1 | 2025-02-17 23:38:33.925 [771631] main/202/applier/pico_service@127.0.0.1:3300 I> remote master 77fdab61-0002-4cd4-a9a9-c92f78af29e4 at 127.0.0.1:3300 running Tarantool 2.11.5
default_1_1 | 2025-02-17 23:38:33.925 [771631] main/204/applier/pico_service@127.0.0.1:3304 I> authenticated
default_1_3 | 2025-02-17 23:38:33.925 [771637] main/130/main I> subscribed replica 77fdab61-0002-4cd4-a9a9-c92f78af29e4 at fd 34, aka 127.0.0.1:3304, peer of 127.0.0.1:60818
default_1_3 | 2025-02-17 23:38:33.925 [771637] main/130/main I> remote vclock {1: 4194} local vclock {0: 282, 1: 4194}
default_1_3 | 2025-02-17 23:38:33.926 [771637] relay/127.0.0.1:60818/101/main I> recover from `/tmp/pytest-of-gmoshkin/pytest-795/tmp0/i3/00000000000000000150.xlog'
default_1_1 | 2025-02-17 23:38:33.926 [771631] main/165/vshard.rebalancer/vshard.storage I> The cluster is balanced ok. Schedule next rebalancing after 3600.000000 seconds
default_1_1 | 2025-02-17 23:38:33.926 [771631] main/204/applier/pico_service@127.0.0.1:3304 I> subscribed
default_1_1 | 2025-02-17 23:38:33.926 [771631] main/204/applier/pico_service@127.0.0.1:3304 I> remote vclock {1: 4194} local vclock {0: 289, 1: 4194}
default_1_1 | 2025-02-17 23:38:33.926 [771631] main/203/applier/pico_service@127.0.0.1:3302 I> authenticated
default_1_1 | 2025-02-17 23:38:33.926 [771631] main/204/applier/pico_service@127.0.0.1:3304 I> RAFT: message {term: 1, state: follower} from 3
default_1_2 | 2025-02-17 23:38:33.926 [771634] main/134/main I> subscribed replica 77fdab61-0002-4cd4-a9a9-c92f78af29e4 at fd 41, aka 127.0.0.1:3302, peer of 127.0.0.1:59546
default_1_2 | 2025-02-17 23:38:33.926 [771634] main/134/main I> remote vclock {1: 4194} local vclock {0: 293, 1: 4194}
default_1_1 | 2025-02-17 23:38:33.926 [771631] main/203/applier/pico_service@127.0.0.1:3302 I> subscribed
default_1_1 | 2025-02-17 23:38:33.926 [771631] main/203/applier/pico_service@127.0.0.1:3302 I> remote vclock {1: 4194} local vclock {0: 289, 1: 4194}
default_1_1 | 2025-02-17 23:38:33.926 [771631] main/203/applier/pico_service@127.0.0.1:3302 I> RAFT: message {term: 1, state: follower} from 2
default_1_1 | 2025-02-17 23:38:33.926 [771631] main/202/applier/pico_service@127.0.0.1:3300 I> leaving orphan mode
default_1_2 | 2025-02-17 23:38:33.926 [771634] main/180/applier/pico_service@127.0.0.1:3300 I> authenticated
default_1_3 | 2025-02-17 23:38:33.926 [771637] main/195/applier/pico_service@127.0.0.1:3300 I> authenticated
default_1_2 | 2025-02-17 23:38:33.926 [771634] relay/127.0.0.1:59546/101/main I> recover from `/tmp/pytest-of-gmoshkin/pytest-795/tmp0/i2/00000000000000000149.xlog'
default_1_3 | 2025-02-17 23:38:33.926 [771637] main/195/applier/pico_service@127.0.0.1:3300 I> subscribed
default_1_3 | 2025-02-17 23:38:33.926 [771637] main/195/applier/pico_service@127.0.0.1:3300 I> remote vclock {1: 4194} local vclock {0: 282, 1: 4194}
default_1_1 | 2025-02-17 23:38:33.926 [771631] main/110/main I> subscribed replica 35662ba5-d645-45bb-89b6-0a4553e26627 at fd 53, aka 127.0.0.1:3300, peer of 127.0.0.1:38668
default_1_1 | 2025-02-17 23:38:33.926 [771631] main/110/main I> remote vclock {1: 4194} local vclock {0: 289, 1: 4194}
default_1_3 | 2025-02-17 23:38:33.926 [771637] main/195/applier/pico_service@127.0.0.1:3300 I> RAFT: message {term: 1, state: follower} from 1
default_1_1 | 2025-02-17 23:38:33.926 [771631] main/137/main I> subscribed replica caf0b1e6-ae28-4955-9c34-35169d154b1a at fd 45, aka 127.0.0.1:3300, peer of 127.0.0.1:38644
default_1_1 | 2025-02-17 23:38:33.926 [771631] main/137/main I> remote vclock {1: 4194} local vclock {0: 289, 1: 4194}
default_1_2 | 2025-02-17 23:38:33.926 [771634] main/180/applier/pico_service@127.0.0.1:3300 I> subscribed
default_1_2 | 2025-02-17 23:38:33.926 [771634] main/180/applier/pico_service@127.0.0.1:3300 I> remote vclock {1: 4194} local vclock {0: 293, 1: 4194}
default_1_2 | 2025-02-17 23:38:33.926 [771634] main/180/applier/pico_service@127.0.0.1:3300 I> RAFT: message {term: 1, state: follower} from 1
default_1_1 | 2025-02-17 23:38:33.926 [771631] main/204/applier/pico_service@127.0.0.1:3304 I> leaving orphan mode
default_1_1 | 2025-02-17 23:38:33.927 [771631] relay/127.0.0.1:38668/101/main I> recover from `/tmp/pytest-of-gmoshkin/pytest-795/tmp0/i1/00000000000000000000.xlog'
default_1_1 | 2025-02-17 23:38:33.927 [771631] relay/127.0.0.1:38644/101/main I> recover from `/tmp/pytest-of-gmoshkin/pytest-795/tmp0/i1/00000000000000000000.xlog'
default_1_1 | 2025-02-17 23:38:33.927 [771631] main/203/applier/pico_service@127.0.0.1:3302 I> leaving orphan mode
default_1_3 | 2025-02-17 23:38:33.927 [771637] main/195/applier/pico_service@127.0.0.1:3300 I> leaving orphan mode
default_1_2 | 2025-02-17 23:38:33.927 [771634] main/180/applier/pico_service@127.0.0.1:3300 I> leaving orphan mode
default_1_1 | 2025-02-17 23:38:34.013 [771631] main/114/raft_main_loop V> main_loop_status = 'sending raft messages'
default_1_1 | 2025-02-17 23:38:34.013 [771631] main/114/raft_main_loop V> done sending messages, sent: 2, skipped: 0
default_1_1 | 2025-02-17 23:38:34.013 [771631] main/114/raft_main_loop V> main_loop_status = 'persisting hard state, entries and/or snapshot'
default_1_1 | 2025-02-17 23:38:34.014 [771631] main/114/raft_main_loop V> persisted index 32, raft_id: 1
default_1_1 | 2025-02-17 23:38:34.014 [771631] main/114/raft_main_loop V> main_loop_status = 'idle'
default_1_2 | 2025-02-17 23:38:34.014 [771634] main/112/.proc_raft_interact V> Sending from 2 to 1, msg: msg_type: MsgAppendResponse to: 1 index: 32 commit: 31, to: 1, from: 2, raft_id: 2
default_1_3 | 2025-02-17 23:38:34.014 [771637] main/135/.proc_raft_interact V> Sending from 3 to 1, msg: msg_type: MsgAppendResponse to: 1 index: 32 commit: 31, to: 1, from: 3, raft_id: 3
default_1_2 | 2025-02-17 23:38:34.014 [771634] main/121/raft_main_loop V> main_loop_status = 'persisting hard state, entries and/or snapshot'
default_1_3 | 2025-02-17 23:38:34.014 [771637] main/123/raft_main_loop V> main_loop_status = 'persisting hard state, entries and/or snapshot'
default_1_2 | 2025-02-17 23:38:34.014 [771634] main/121/raft_main_loop V> main_loop_status = 'sending raft messages'
default_1_3 | 2025-02-17 23:38:34.015 [771637] main/123/raft_main_loop V> main_loop_status = 'sending raft messages'
default_1_2 | 2025-02-17 23:38:34.015 [771634] main/121/raft_main_loop V> done sending messages, sent: 1, skipped: 0
default_1_2 | 2025-02-17 23:38:34.015 [771634] main/121/raft_main_loop V> persisted index 32, raft_id: 2
default_1_2 | 2025-02-17 23:38:34.015 [771634] main/121/raft_main_loop V> main_loop_status = 'idle'
default_1_3 | 2025-02-17 23:38:34.015 [771637] main/123/raft_main_loop V> done sending messages, sent: 1, skipped: 0
default_1_3 | 2025-02-17 23:38:34.015 [771637] main/123/raft_main_loop V> persisted index 32, raft_id: 3
default_1_3 | 2025-02-17 23:38:34.015 [771637] main/123/raft_main_loop V> main_loop_status = 'idle'
default_1_1 | 2025-02-17 23:38:34.015 [771631] main/128/.proc_raft_interact V> committing index 32, index: 32, raft_id: 1
default_1_1 | 2025-02-17 23:38:34.015 [771631] main/128/.proc_raft_interact V> Sending from 1 to 2, msg: msg_type: MsgAppend to: 2 log_term: 2 index: 32 commit: 32, to: 2, from: 1, raft_id: 1
default_1_1 | 2025-02-17 23:38:34.016 [771631] main/128/.proc_raft_interact V> Sending from 1 to 3, msg: msg_type: MsgAppend to: 3 log_term: 2 index: 32 commit: 32, to: 3, from: 1, raft_id: 1
default_1_1 | 2025-02-17 23:38:34.016 [771631] main/114/raft_main_loop V> main_loop_status = 'sending raft messages'
default_1_1 | 2025-02-17 23:38:34.016 [771631] main/114/raft_main_loop V> done sending messages, sent: 2, skipped: 0
default_1_1 | 2025-02-17 23:38:34.016 [771631] main/114/raft_main_loop V> main_loop_status = 'persisting hard state, entries and/or snapshot'
default_1_1 | 2025-02-17 23:38:34.016 [771631] main/114/raft_main_loop V> hard state: term: 2 vote: 1 commit: 32
default_1_1 | 2025-02-17 23:38:34.017 [771631] main/114/raft_main_loop V> main_loop_status = 'handling committed entries'
default_1_1 | 2025-02-17 23:38:34.017 [771631] main/114/raft_main_loop V> applying entry: Update(_pico_tier, ["default"], [["=","current_vshard_config_version",2]]), index: 32
default_1_2 | 2025-02-17 23:38:34.017 [771634] main/112/.proc_raft_interact V> Sending from 2 to 1, msg: msg_type: MsgAppendResponse to: 1 index: 32 commit: 32, to: 1, from: 2, raft_id: 2
default_1_3 | 2025-02-17 23:38:34.017 [771637] main/135/.proc_raft_interact V> Sending from 3 to 1, msg: msg_type: MsgAppendResponse to: 1 index: 32 commit: 32, to: 1, from: 3, raft_id: 3
default_1_2 | 2025-02-17 23:38:34.017 [771634] main/121/raft_main_loop V> main_loop_status = 'persisting hard state, entries and/or snapshot'
default_1_2 | 2025-02-17 23:38:34.017 [771634] main/121/raft_main_loop V> hard state: term: 2 commit: 32
default_1_3 | 2025-02-17 23:38:34.017 [771637] main/123/raft_main_loop V> main_loop_status = 'persisting hard state, entries and/or snapshot'
default_1_1 | 2025-02-17 23:38:34.017 [771631] main/114/raft_main_loop V> main_loop_status = 'idle'
default_1_1 | 2025-02-17 23:38:34.017 [771631] main/115/governor_loop V> done waiting for applied index 32, current: 32
default_1_3 | 2025-02-17 23:38:34.017 [771637] main/123/raft_main_loop V> hard state: term: 2 commit: 32
default_1_2 | 2025-02-17 23:38:34.018 [771634] main/121/raft_main_loop V> main_loop_status = 'handling committed entries'
default_1_3 | 2025-02-17 23:38:34.018 [771637] main/123/raft_main_loop V> main_loop_status = 'handling committed entries'
default_1_2 | 2025-02-17 23:38:34.018 [771634] main/121/raft_main_loop V> applying entry: Update(_pico_tier, ["default"], [["=","current_vshard_config_version",2]]), index: 32
default_1_3 | 2025-02-17 23:38:34.018 [771637] main/123/raft_main_loop V> applying entry: Update(_pico_tier, ["default"], [["=","current_vshard_config_version",2]]), index: 32
default_1_2 | 2025-02-17 23:38:34.018 [771634] main/121/raft_main_loop V> main_loop_status = 'sending raft messages'
default_1_3 | 2025-02-17 23:38:34.018 [771637] main/123/raft_main_loop V> main_loop_status = 'sending raft messages'
default_1_3 | 2025-02-17 23:38:34.018 [771637] main/123/raft_main_loop V> done sending messages, sent: 1, skipped: 0
default_1_2 | 2025-02-17 23:38:34.018 [771634] main/121/raft_main_loop V> done sending messages, sent: 1, skipped: 0
default_1_3 | 2025-02-17 23:38:34.018 [771637] main/123/raft_main_loop V> main_loop_status = 'idle'
default_1_1 | 2025-02-17 23:38:34.018 [771631] main/115/governor_loop V> governor_loop_status = #24 'update instance state to offline'
default_1_2 | 2025-02-17 23:38:34.018 [771634] main/121/raft_main_loop V> main_loop_status = 'idle'
default_1_3 | 2025-02-17 23:38:34.018 [771637] main/134/.proc_expel_redirect V> done waiting for applied index 32, current: 32
default_1_3 | 2025-02-17 23:38:34.018 [771637] main/134/.proc_expel_redirect V> waiting for applied index 33
default_1_1 | 2025-02-17 23:38:34.018 [771631] main/115/governor_loop I> downgrading instance default_1_3
default_1_1 | 2025-02-17 23:38:34.018 [771631] main/115/governor_loop I> handling instance state change, current_state: Expelled, instance_name: default_1_3
default_1_1 | 2025-02-17 23:38:34.019 [771631] main/115/governor_loop V> Sending from 1 to 2, msg: msg_type: MsgAppend to: 2 log_term: 2 index: 32 entries {term: 2 index: 33 context: "\226\243dml\246update\315\002\003\304\r\221\253default_1_3\221\304\034\223\241=\255current_state\222\250Expelled\001\001"} commit: 32, to: 2, from: 1, raft_id: 1
default_1_1 | 2025-02-17 23:38:34.019 [771631] main/115/governor_loop V> Sending from 1 to 3, msg: msg_type: MsgAppend to: 3 log_term: 2 index: 32 entries {term: 2 index: 33 context: "\226\243dml\246update\315\002\003\304\r\221\253default_1_3\221\304\034\223\241=\255current_state\222\250Expelled\001\001"} commit: 32, to: 3, from: 1, raft_id: 1
default_1_1 | 2025-02-17 23:38:34.019 [771631] main/115/governor_loop V> waiting for applied index 33
default_1_1 | 2025-02-17 23:38:34.019 [771631] main/114/raft_main_loop V> main_loop_status = 'sending raft messages'
default_1_1 | 2025-02-17 23:38:34.020 [771631] main/114/raft_main_loop V> done sending messages, sent: 2, skipped: 0
default_1_1 | 2025-02-17 23:38:34.020 [771631] main/114/raft_main_loop V> main_loop_status = 'persisting hard state, entries and/or snapshot'
default_1_1 | 2025-02-17 23:38:34.020 [771631] main/114/raft_main_loop V> persisted index 33, raft_id: 1
default_1_1 | 2025-02-17 23:38:34.020 [771631] main/114/raft_main_loop V> main_loop_status = 'idle'
default_1_2 | 2025-02-17 23:38:34.020 [771634] main/112/.proc_raft_interact V> Sending from 2 to 1, msg: msg_type: MsgAppendResponse to: 1 index: 33 commit: 32, to: 1, from: 2, raft_id: 2
default_1_3 | 2025-02-17 23:38:34.020 [771637] main/135/.proc_raft_interact V> Sending from 3 to 1, msg: msg_type: MsgAppendResponse to: 1 index: 33 commit: 32, to: 1, from: 3, raft_id: 3
default_1_2 | 2025-02-17 23:38:34.021 [771634] main/121/raft_main_loop V> main_loop_status = 'persisting hard state, entries and/or snapshot'
d