default_1_1 | 2025-02-17 23:38:29.427 [771631] main/115/governor_loop V> Sending from 1 to 3, msg: msg_type: MsgAppend to: 3 log_term: 2 index: 24 entries {term: 2 index: 25 context: "\226\243dml\246update\315\002\003\304\r\221\253default_1_3\221\304\032\223\241=\255current_state\222\246Online\001\001"} commit: 24, to: 3, from: 1, raft_id: 1
default_1_1 | 2025-02-17 23:38:29.427 [771631] main/115/governor_loop V> waiting for applied index 25
default_1_1 | 2025-02-17 23:38:29.526 [771631] main/114/raft_main_loop V> main_loop_status = 'sending raft messages'
default_1_1 | 2025-02-17 23:38:29.527 [771631] main/114/raft_main_loop V> done sending messages, sent: 2, skipped: 0
default_1_1 | 2025-02-17 23:38:29.527 [771631] main/114/raft_main_loop V> main_loop_status = 'persisting hard state, entries and/or snapshot'
default_1_1 | 2025-02-17 23:38:29.527 [771631] main/114/raft_main_loop V> persisted index 25, raft_id: 1
default_1_1 | 2025-02-17 23:38:29.527 [771631] main/114/raft_main_loop V> main_loop_status = 'idle'
default_1_3 | 2025-02-17 23:38:29.528 [771637] main/134/.proc_raft_interact V> Sending from 3 to 1, msg: msg_type: MsgAppendResponse to: 1 index: 25 commit: 24, to: 1, from: 3, raft_id: 3
default_1_2 | 2025-02-17 23:38:29.528 [771634] main/112/.proc_raft_interact V> Sending from 2 to 1, msg: msg_type: MsgAppendResponse to: 1 index: 25 commit: 24, to: 1, from: 2, raft_id: 2
default_1_2 | 2025-02-17 23:38:29.528 [771634] main/121/raft_main_loop V> main_loop_status = 'persisting hard state, entries and/or snapshot'
default_1_3 | 2025-02-17 23:38:29.528 [771637] main/123/raft_main_loop V> main_loop_status = 'persisting hard state, entries and/or snapshot'
default_1_3 | 2025-02-17 23:38:29.528 [771637] main/123/raft_main_loop V> main_loop_status = 'sending raft messages'
default_1_2 | 2025-02-17 23:38:29.528 [771634] main/121/raft_main_loop V> main_loop_status = 'sending raft messages'
default_1_3 | 2025-02-17 23:38:29.528 [771637] main/123/raft_main_loop V> done sending messages, sent: 1, skipped: 0
default_1_2 | 2025-02-17 23:38:29.528 [771634] main/121/raft_main_loop V> done sending messages, sent: 1, skipped: 0
default_1_3 | 2025-02-17 23:38:29.528 [771637] main/123/raft_main_loop V> persisted index 25, raft_id: 3
default_1_3 | 2025-02-17 23:38:29.529 [771637] main/123/raft_main_loop V> main_loop_status = 'idle'
default_1_2 | 2025-02-17 23:38:29.529 [771634] main/121/raft_main_loop V> persisted index 25, raft_id: 2
default_1_2 | 2025-02-17 23:38:29.529 [771634] main/121/raft_main_loop V> main_loop_status = 'idle'
default_1_1 | 2025-02-17 23:38:29.529 [771631] main/141/.proc_raft_interact V> committing index 25, index: 25, raft_id: 1
default_1_1 | 2025-02-17 23:38:29.529 [771631] main/141/.proc_raft_interact V> Sending from 1 to 2, msg: msg_type: MsgAppend to: 2 log_term: 2 index: 25 commit: 25, to: 2, from: 1, raft_id: 1
default_1_1 | 2025-02-17 23:38:29.530 [771631] main/141/.proc_raft_interact V> Sending from 1 to 3, msg: msg_type: MsgAppend to: 3 log_term: 2 index: 25 commit: 25, to: 3, from: 1, raft_id: 1
default_1_1 | 2025-02-17 23:38:29.530 [771631] main/114/raft_main_loop V> main_loop_status = 'sending raft messages'
default_1_1 | 2025-02-17 23:38:29.530 [771631] main/114/raft_main_loop V> done sending messages, sent: 2, skipped: 0
default_1_1 | 2025-02-17 23:38:29.530 [771631] main/114/raft_main_loop V> main_loop_status = 'persisting hard state, entries and/or snapshot'
default_1_1 | 2025-02-17 23:38:29.530 [771631] main/114/raft_main_loop V> hard state: term: 2 vote: 1 commit: 25
default_1_1 | 2025-02-17 23:38:29.531 [771631] main/114/raft_main_loop V> main_loop_status = 'handling committed entries'
default_1_1 | 2025-02-17 23:38:29.531 [771631] main/114/raft_main_loop V> applying entry: Update(_pico_instance, ["default_1_3"], [["=","current_state",["Online",1]]]), index: 25
default_1_3 | 2025-02-17 23:38:29.531 [771637] main/134/.proc_raft_interact V> Sending from 3 to 1, msg: msg_type: MsgAppendResponse to: 1 index: 25 commit: 25, to: 1, from: 3, raft_id: 3
default_1_2 | 2025-02-17 23:38:29.531 [771634] main/112/.proc_raft_interact V> Sending from 2 to 1, msg: msg_type: MsgAppendResponse to: 1 index: 25 commit: 25, to: 1, from: 2, raft_id: 2
default_1_1 | {"id":"1.0.22","initiator":"admin","instance_name":"default_1_3","message":"current state of instance `default_1_3` changed to Online(1)","new_state":"Online(1)","raft_id":"3","severity":"medium","time":"2025-02-17T23:38:29.530+0300","title":"change_current_state"}
default_1_3 | 2025-02-17 23:38:29.531 [771637] main/123/raft_main_loop V> main_loop_status = 'persisting hard state, entries and/or snapshot'
default_1_3 | 2025-02-17 23:38:29.531 [771637] main/123/raft_main_loop V> hard state: term: 2 commit: 25
default_1_2 | 2025-02-17 23:38:29.531 [771634] main/121/raft_main_loop V> main_loop_status = 'persisting hard state, entries and/or snapshot'
default_1_2 | 2025-02-17 23:38:29.531 [771634] main/121/raft_main_loop V> hard state: term: 2 commit: 25
default_1_3 | 2025-02-17 23:38:29.531 [771637] main/123/raft_main_loop V> main_loop_status = 'handling committed entries'
default_1_1 | 2025-02-17 23:38:29.531 [771631] main/114/raft_main_loop V> main_loop_status = 'idle'
default_1_2 | 2025-02-17 23:38:29.531 [771634] main/121/raft_main_loop V> main_loop_status = 'handling committed entries'
default_1_1 | 2025-02-17 23:38:29.531 [771631] main/115/governor_loop V> done waiting for applied index 25, current: 25
default_1_3 | 2025-02-17 23:38:29.531 [771637] main/123/raft_main_loop V> applying entry: Update(_pico_instance, ["default_1_3"], [["=","current_state",["Online",1]]]), index: 25
default_1_2 | 2025-02-17 23:38:29.531 [771634] main/121/raft_main_loop V> applying entry: Update(_pico_instance, ["default_1_3"], [["=","current_state",["Online",1]]]), index: 25
default_1_3 | {"id":"3.0.19","initiator":"admin","instance_name":"default_1_3","message":"current state of instance `default_1_3` changed to Online(1)","new_state":"Online(1)","raft_id":"3","severity":"medium","time":"2025-02-17T23:38:29.531+0300","title":"change_current_state"}
default_1_2 | {"id":"2.0.19","initiator":"admin","instance_name":"default_1_3","message":"current state of instance `default_1_3` changed to Online(1)","new_state":"Online(1)","raft_id":"3","severity":"medium","time":"2025-02-17T23:38:29.531+0300","title":"change_current_state"}
default_1_3 | 2025-02-17 23:38:29.531 [771637] main/123/raft_main_loop V> main_loop_status = 'sending raft messages'
default_1_3 | 2025-02-17 23:38:29.531 [771637] main/123/raft_main_loop V> done sending messages, sent: 1, skipped: 0
default_1_2 | 2025-02-17 23:38:29.531 [771634] main/121/raft_main_loop V> main_loop_status = 'sending raft messages'
default_1_3 | 2025-02-17 23:38:29.531 [771637] main/123/raft_main_loop V> main_loop_status = 'idle'
default_1_2 | 2025-02-17 23:38:29.531 [771634] main/121/raft_main_loop V> done sending messages, sent: 1, skipped: 0
default_1_1 | 2025-02-17 23:38:29.531 [771631] main/115/governor_loop V> governor_loop_status = #17 'conf change'
default_1_1 | 2025-02-17 23:38:29.531 [771631] main/115/governor_loop I> proposing conf_change, cc: changes {node_id: 3}
default_1_2 | 2025-02-17 23:38:29.531 [771634] main/121/raft_main_loop V> main_loop_status = 'idle'
default_1_1 | 2025-02-17 23:38:29.531 [771631] main/115/governor_loop V> Sending from 1 to 2, msg: msg_type: MsgAppend to: 2 log_term: 2 index: 25 entries {entry_type: EntryConfChangeV2 term: 2 index: 26 data: "\022\002\020\003"} commit: 25, to: 2, from: 1, raft_id: 1
default_1_1 | 2025-02-17 23:38:29.531 [771631] main/115/governor_loop V> Sending from 1 to 3, msg: msg_type: MsgAppend to: 3 log_term: 2 index: 25 entries {entry_type: EntryConfChangeV2 term: 2 index: 26 data: "\022\002\020\003"} commit: 25, to: 3, from: 1, raft_id: 1
default_1_1 | 2025-02-17 23:38:29.532 [771631] main/114/raft_main_loop V> main_loop_status = 'sending raft messages'
default_1_1 | 2025-02-17 23:38:29.532 [771631] main/114/raft_main_loop V> done sending messages, sent: 2, skipped: 0
default_1_1 | 2025-02-17 23:38:29.532 [771631] main/114/raft_main_loop V> main_loop_status = 'persisting hard state, entries and/or snapshot'
default_1_3 | 2025-02-17 23:38:29.532 [771637] main/134/.proc_raft_interact V> Sending from 3 to 1, msg: msg_type: MsgAppendResponse to: 1 index: 26 commit: 25, to: 1, from: 3, raft_id: 3
default_1_3 | 2025-02-17 23:38:29.532 [771637] main/123/raft_main_loop V> main_loop_status = 'persisting hard state, entries and/or snapshot'
default_1_1 | 2025-02-17 23:38:29.532 [771631] main/141/.proc_raft_interact V> can't lock mutex at src/traft/node.rs:419:14, already locked at src/traft/node.rs:2570:45
default_1_1 | 2025-02-17 23:38:29.532 [771631] main/143/.proc_raft_interact V> can't lock mutex at src/traft/node.rs:419:14, already locked at src/traft/node.rs:2570:45
default_1_2 | 2025-02-17 23:38:29.532 [771634] main/112/.proc_raft_interact V> Sending from 2 to 1, msg: msg_type: MsgAppendResponse to: 1 index: 26 commit: 25, to: 1, from: 2, raft_id: 2
default_1_1 | 2025-02-17 23:38:29.532 [771631] main/114/raft_main_loop V> persisted index 26, raft_id: 1
default_1_1 | 2025-02-17 23:38:29.532 [771631] main/114/raft_main_loop V> main_loop_status = 'idle'
default_1_3 | 2025-02-17 23:38:29.532 [771637] main/123/raft_main_loop V> main_loop_status = 'sending raft messages'
default_1_3 | 2025-02-17 23:38:29.532 [771637] main/123/raft_main_loop V> done sending messages, sent: 1, skipped: 0
default_1_2 | 2025-02-17 23:38:29.532 [771634] main/121/raft_main_loop V> main_loop_status = 'persisting hard state, entries and/or snapshot'
default_1_3 | 2025-02-17 23:38:29.532 [771637] main/123/raft_main_loop V> persisted index 26, raft_id: 3
default_1_3 | 2025-02-17 23:38:29.532 [771637] main/123/raft_main_loop V> main_loop_status = 'idle'
default_1_2 | 2025-02-17 23:38:29.532 [771634] main/121/raft_main_loop V> main_loop_status = 'sending raft messages'
default_1_2 | 2025-02-17 23:38:29.532 [771634] main/121/raft_main_loop V> done sending messages, sent: 1, skipped: 0
default_1_2 | 2025-02-17 23:38:29.532 [771634] main/121/raft_main_loop V> persisted index 26, raft_id: 2
default_1_2 | 2025-02-17 23:38:29.532 [771634] main/121/raft_main_loop V> main_loop_status = 'idle'
default_1_1 | 2025-02-17 23:38:29.532 [771631] main/143/.proc_raft_interact V> committing index 26, index: 26, raft_id: 1
default_1_1 | 2025-02-17 23:38:29.532 [771631] main/143/.proc_raft_interact V> Sending from 1 to 2, msg: msg_type: MsgAppend to: 2 log_term: 2 index: 26 commit: 26, to: 2, from: 1, raft_id: 1
default_1_1 | 2025-02-17 23:38:29.532 [771631] main/143/.proc_raft_interact V> Sending from 1 to 3, msg: msg_type: MsgAppend to: 3 log_term: 2 index: 26 commit: 26, to: 3, from: 1, raft_id: 1
default_1_1 | 2025-02-17 23:38:29.532 [771631] main/114/raft_main_loop V> main_loop_status = 'sending raft messages'
default_1_1 | 2025-02-17 23:38:29.532 [771631] main/114/raft_main_loop V> done sending messages, sent: 2, skipped: 0
default_1_1 | 2025-02-17 23:38:29.532 [771631] main/114/raft_main_loop V> main_loop_status = 'persisting hard state, entries and/or snapshot'
default_1_1 | 2025-02-17 23:38:29.532 [771631] main/114/raft_main_loop V> hard state: term: 2 vote: 1 commit: 26
default_1_1 | 2025-02-17 23:38:29.533 [771631] main/114/raft_main_loop V> main_loop_status = 'handling committed entries'
default_1_1 | 2025-02-17 23:38:29.533 [771631] main/114/raft_main_loop I> switched to configuration, config: Configuration { voters: Configuration { incoming: Configuration { voters: {1, 2, 3} }, outgoing: Configuration { voters: {} } }, learners: {}, learners_next: {}, auto_leave: false }, raft_id: 1
default_1_3 | 2025-02-17 23:38:29.533 [771637] main/134/.proc_raft_interact V> Sending from 3 to 1, msg: msg_type: MsgAppendResponse to: 1 index: 26 commit: 26, to: 1, from: 3, raft_id: 3
default_1_2 | 2025-02-17 23:38:29.533 [771634] main/112/.proc_raft_interact V> Sending from 2 to 1, msg: msg_type: MsgAppendResponse to: 1 index: 26 commit: 26, to: 1, from: 2, raft_id: 2
default_1_3 | 2025-02-17 23:38:29.533 [771637] main/123/raft_main_loop V> main_loop_status = 'persisting hard state, entries and/or snapshot'
default_1_3 | 2025-02-17 23:38:29.533 [771637] main/123/raft_main_loop V> hard state: term: 2 commit: 26
default_1_2 | 2025-02-17 23:38:29.533 [771634] main/121/raft_main_loop V> main_loop_status = 'persisting hard state, entries and/or snapshot'
default_1_2 | 2025-02-17 23:38:29.533 [771634] main/121/raft_main_loop V> hard state: term: 2 commit: 26
default_1_3 | 2025-02-17 23:38:29.533 [771637] main/123/raft_main_loop V> main_loop_status = 'handling committed entries'
default_1_3 | 2025-02-17 23:38:29.533 [771637] main/123/raft_main_loop I> switched to configuration, config: Configuration { voters: Configuration { incoming: Configuration { voters: {1, 2, 3} }, outgoing: Configuration { voters: {} } }, learners: {}, learners_next: {}, auto_leave: false }, raft_id: 3
default_1_2 | 2025-02-17 23:38:29.533 [771634] main/121/raft_main_loop V> main_loop_status = 'handling committed entries'
default_1_2 | 2025-02-17 23:38:29.533 [771634] main/121/raft_main_loop I> switched to configuration, config: Configuration { voters: Configuration { incoming: Configuration { voters: {1, 2, 3} }, outgoing: Configuration { voters: {} } }, learners: {}, learners_next: {}, auto_leave: false }, raft_id: 2
default_1_1 | 2025-02-17 23:38:29.533 [771631] main/115/governor_loop V> governor_loop_status = #18 'idle'
default_1_3 | 2025-02-17 23:38:29.533 [771637] main/123/raft_main_loop V> main_loop_status = 'sending raft messages'
default_1_3 | 2025-02-17 23:38:29.533 [771637] main/123/raft_main_loop V> done sending messages, sent: 1, skipped: 0
default_1_1 | 2025-02-17 23:38:29.533 [771631] main/115/governor_loop I> nothing to do, waiting for events to handle
default_1_2 | 2025-02-17 23:38:29.533 [771634] main/121/raft_main_loop V> main_loop_status = 'sending raft messages'
default_1_3 | 2025-02-17 23:38:29.533 [771637] main/123/raft_main_loop V> main_loop_status = 'idle'
default_1_2 | 2025-02-17 23:38:29.533 [771634] main/121/raft_main_loop V> done sending messages, sent: 1, skipped: 0
default_1_2 | 2025-02-17 23:38:29.533 [771634] main/121/raft_main_loop V> main_loop_status = 'idle'
default_1_1 | 2025-02-17 23:38:29.533 [771631] main/114/raft_main_loop V> main_loop_status = 'idle'
Instance(default_1_3, iproto_listen=127.0.0.1:3304 cluster=cluster-0-0, process.pid=771637) is online
====================== Cluster("127.0.0.1", n=3) deployed ======================
[GovernorTest] Cluster deployed successfully
[GovernorTest] Instance IDs: [<bound method Instance.uuid of Instance(default_1_1, iproto_listen=127.0.0.1:3300 cluster=cluster-0-0, process.pid=771631)>, <bound method Instance.uuid of Instance(default_1_2, iproto_listen=127.0.0.1:3302 cluster=cluster-0-0, process.pid=771634)>, <bound method Instance.uuid of Instance(default_1_3, iproto_listen=127.0.0.1:3304 cluster=cluster-0-0, process.pid=771637)>]
[GovernorTest] Initial cluster nodes: ['default_1_1', 'default_1_2', 'default_1_3']
2025-02-17 23:38:29,545.545 INFO [conftest.py:484] Retriable.call _stabilize
2025-02-17 23:38:29,545.545 INFO [conftest.py:484] Retriable.call make_attempt
Instance(default_1_1, iproto_listen=127.0.0.1:3300 cluster=cluster-0-0, process.pid=771631) is trying to become a leader, attempt=1
default_1_1 | 2025-02-17 23:38:29.549 [771631] main/141/.proc_raft_promote V> ignoring MsgHup because already leader, raft_id: 1
2025-02-17 23:38:29,549.549 INFO [conftest.py:484] Retriable.call assert_raft_status
Instance(default_1_1, iproto_listen=127.0.0.1:3300 cluster=cluster-0-0, process.pid=771631) is a leader now
[GovernorTest] Leader election completed: default_1_1
Instance(default_1_1, iproto_listen=127.0.0.1:3300 cluster=cluster-0-0, process.pid=771631) is online
[GovernorTest] Leader default_1_1 stabilized
default_1_1 | 2025-02-17 23:38:29.561 [771631] main/141/.proc_sql_dispatch V> Sending from 1 to 2, msg: msg_type: MsgHeartbeat to: 2 commit: 26 context: "\201\242lc\203\242id\001\243gen\001\245count\001", to: 2, from: 1, raft_id: 1
default_1_1 | 2025-02-17 23:38:29.561 [771631] main/141/.proc_sql_dispatch V> Sending from 1 to 3, msg: msg_type: MsgHeartbeat to: 3 commit: 26 context: "\201\242lc\203\242id\001\243gen\001\245count\001", to: 3, from: 1, raft_id: 1
default_1_1 | 2025-02-17 23:38:29.561 [771631] main/114/raft_main_loop V> main_loop_status = 'sending raft messages'
default_1_1 | 2025-02-17 23:38:29.561 [771631] main/114/raft_main_loop V> done sending messages, sent: 2, skipped: 0
default_1_1 | 2025-02-17 23:38:29.561 [771631] main/114/raft_main_loop V> main_loop_status = 'idle'
default_1_3 | 2025-02-17 23:38:29.561 [771637] main/131/.proc_raft_interact V> Sending from 3 to 1, msg: msg_type: MsgHeartbeatResponse to: 1 commit: 26 context: "\201\242lc\203\242id\001\243gen\001\245count\001", to: 1, from: 3, raft_id: 3
default_1_2 | 2025-02-17 23:38:29.561 [771634] main/112/.proc_raft_interact V> Sending from 2 to 1, msg: msg_type: MsgHeartbeatResponse to: 1 commit: 26 context: "\201\242lc\203\242id\001\243gen\001\245count\001", to: 1, from: 2, raft_id: 2
default_1_2 | 2025-02-17 23:38:29.561 [771634] main/121/raft_main_loop V> main_loop_status = 'sending raft messages'
default_1_3 | 2025-02-17 23:38:29.561 [771637] main/123/raft_main_loop V> main_loop_status = 'sending raft messages'
default_1_3 | 2025-02-17 23:38:29.561 [771637] main/123/raft_main_loop V> done sending messages, sent: 1, skipped: 0
default_1_3 | 2025-02-17 23:38:29.561 [771637] main/123/raft_main_loop V> main_loop_status = 'idle'
default_1_2 | 2025-02-17 23:38:29.561 [771634] main/121/raft_main_loop V> done sending messages, sent: 1, skipped: 0
default_1_2 | 2025-02-17 23:38:29.561 [771634] main/121/raft_main_loop V> main_loop_status = 'idle'
default_1_1 | 2025-02-17 23:38:29.562 [771631] main/141/.proc_sql_dispatch V> waiting for applied index 26
default_1_1 | 2025-02-17 23:38:29.562 [771631] main/141/.proc_sql_dispatch V> done waiting for applied index 26, current: 26
default_1_1 | 2025-02-17 23:38:29.562 [771631] main/141/.proc_sql_dispatch V> Sending from 1 to 2, msg: msg_type: MsgAppend to: 2 log_term: 2 index: 26 entries {term: 2 index: 27 context: "\223\253ddl_prepare\002\230\254create_table\315\004\001\252test_table\222\223\242id\247integer\302\223\245value\246string\303\221\225\242id\300\300\300\300\224\262sharded_implicitly\221\242id\247murmur3\247default\245memtx "} commit: 26, to: 2, from: 1, raft_id: 1
default_1_1 | 2025-02-17 23:38:29.562 [771631] main/141/.proc_sql_dispatch V> Sending from 1 to 3, msg: msg_type: MsgAppend to: 3 log_term: 2 index: 26 entries {term: 2 index: 27 context: "\223\253ddl_prepare\002\230\254create_table\315\004\001\252test_table\222\223\242id\247integer\302\223\245value\246string\303\221\225\242id\300\300\300\300\224\262sharded_implicitly\221\242id\247murmur3\247default\245memtx "} commit: 26, to: 3, from: 1, raft_id: 1
default_1_1 | 2025-02-17 23:38:29.562 [771631] main/141/.proc_sql_dispatch V> waiting for applied index 27
default_1_1 | 2025-02-17 23:38:29.663 [771631] main/114/raft_main_loop V> Sending from 1 to 2, msg: msg_type: MsgHeartbeat to: 2 commit: 26, to: 2, from: 1, raft_id: 1
default_1_1 | 2025-02-17 23:38:29.663 [771631] main/114/raft_main_loop V> Sending from 1 to 3, msg: msg_type: MsgHeartbeat to: 3 commit: 26, to: 3, from: 1, raft_id: 1
default_1_1 | 2025-02-17 23:38:29.663 [771631] main/114/raft_main_loop V> main_loop_status = 'sending raft messages'
default_1_1 | 2025-02-17 23:38:29.663 [771631] main/114/raft_main_loop V> done sending messages, sent: 4, skipped: 0
default_1_1 | 2025-02-17 23:38:29.663 [771631] main/114/raft_main_loop V> main_loop_status = 'persisting hard state, entries and/or snapshot'
default_1_1 | 2025-02-17 23:38:29.664 [771631] main/114/raft_main_loop V> persisted index 27, raft_id: 1
default_1_1 | 2025-02-17 23:38:29.664 [771631] main/114/raft_main_loop V> main_loop_status = 'idle'
default_1_3 | 2025-02-17 23:38:29.665 [771637] main/131/.proc_raft_interact V> Sending from 3 to 1, msg: msg_type: MsgAppendResponse to: 1 index: 27 commit: 26, to: 1, from: 3, raft_id: 3
default_1_2 | 2025-02-17 23:38:29.665 [771634] main/112/.proc_raft_interact V> Sending from 2 to 1, msg: msg_type: MsgAppendResponse to: 1 index: 27 commit: 26, to: 1, from: 2, raft_id: 2
default_1_3 | 2025-02-17 23:38:29.665 [771637] main/134/.proc_raft_interact V> Sending from 3 to 1, msg: msg_type: MsgHeartbeatResponse to: 1 commit: 26, to: 1, from: 3, raft_id: 3
default_1_2 | 2025-02-17 23:38:29.665 [771634] main/134/.proc_raft_interact V> Sending from 2 to 1, msg: msg_type: MsgHeartbeatResponse to: 1 commit: 26, to: 1, from: 2, raft_id: 2
default_1_3 | 2025-02-17 23:38:29.665 [771637] main/123/raft_main_loop V> main_loop_status = 'persisting hard state, entries and/or snapshot'
default_1_2 | 2025-02-17 23:38:29.665 [771634] main/121/raft_main_loop V> main_loop_status = 'persisting hard state, entries and/or snapshot'
default_1_3 | 2025-02-17 23:38:29.666 [771637] main/123/raft_main_loop V> main_loop_status = 'sending raft messages'
default_1_2 | 2025-02-17 23:38:29.666 [771634] main/121/raft_main_loop V> main_loop_status = 'sending raft messages'
default_1_2 | 2025-02-17 23:38:29.666 [771634] main/121/raft_main_loop V> done sending messages, sent: 2, skipped: 0
default_1_3 | 2025-02-17 23:38:29.666 [771637] main/123/raft_main_loop V> done sending messages, sent: 2, skipped: 0
default_1_3 | 2025-02-17 23:38:29.666 [771637] main/123/raft_main_loop V> persisted index 27, raft_id: 3
default_1_2 | 2025-02-17 23:38:29.666 [771634] main/121/raft_main_loop V> persisted index 27, raft_id: 2
default_1_2 | 2025-02-17 23:38:29.666 [771634] main/121/raft_main_loop V> main_loop_status = 'idle'
default_1_3 | 2025-02-17 23:38:29.666 [771637] main/123/raft_main_loop V> main_loop_status = 'idle'
default_1_1 | 2025-02-17 23:38:29.667 [771631] main/139/.proc_raft_interact V> committing index 27, index: 27, raft_id: 1
default_1_1 | 2025-02-17 23:38:29.667 [771631] main/139/.proc_raft_interact V> Sending from 1 to 2, msg: msg_type: MsgAppend to: 2 log_term: 2 index: 27 commit: 27, to: 2, from: 1, raft_id: 1
default_1_1 | 2025-02-17 23:38:29.667 [771631] main/139/.proc_raft_interact V> Sending from 1 to 3, msg: msg_type: MsgAppend to: 3 log_term: 2 index: 27 commit: 27, to: 3, from: 1, raft_id: 1
default_1_1 | 2025-02-17 23:38:29.667 [771631] main/114/raft_main_loop V> main_loop_status = 'sending raft messages'
default_1_1 | 2025-02-17 23:38:29.668 [771631] main/114/raft_main_loop V> done sending messages, sent: 2, skipped: 0
default_1_1 | 2025-02-17 23:38:29.668 [771631] main/114/raft_main_loop V> main_loop_status = 'persisting hard state, entries and/or snapshot'
default_1_1 | 2025-02-17 23:38:29.668 [771631] main/114/raft_main_loop V> hard state: term: 2 vote: 1 commit: 27
default_1_1 | 2025-02-17 23:38:29.668 [771631] main/114/raft_main_loop V> main_loop_status = 'handling committed entries'
default_1_1 | 2025-02-17 23:38:29.668 [771631] main/114/raft_main_loop V> applying entry: DdlPrepare(2, CreateTable(1025, ShardedImplicitly)), index: 27
default_1_3 | 2025-02-17 23:38:29.669 [771637] main/134/.proc_raft_interact V> Sending from 3 to 1, msg: msg_type: MsgAppendResponse to: 1 index: 27 commit: 27, to: 1, from: 3, raft_id: 3
default_1_2 | 2025-02-17 23:38:29.669 [771634] main/134/.proc_raft_interact V> Sending from 2 to 1, msg: msg_type: MsgAppendResponse to: 1 index: 27 commit: 27, to: 1, from: 2, raft_id: 2
default_1_3 | 2025-02-17 23:38:29.669 [771637] main/123/raft_main_loop V> main_loop_status = 'persisting hard state, entries and/or snapshot'
default_1_3 | 2025-02-17 23:38:29.669 [771637] main/123/raft_main_loop V> hard state: term: 2 commit: 27
default_1_2 | 2025-02-17 23:38:29.669 [771634] main/121/raft_main_loop V> main_loop_status = 'persisting hard state, entries and/or snapshot'
default_1_2 | 2025-02-17 23:38:29.669 [771634] main/121/raft_main_loop V> hard state: term: 2 commit: 27
default_1_3 | 2025-02-17 23:38:29.670 [771637] main/123/raft_main_loop V> main_loop_status = 'handling committed entries'
default_1_3 | 2025-02-17 23:38:29.670 [771637] main/123/raft_main_loop V> applying entry: DdlPrepare(2, CreateTable(1025, ShardedImplicitly)), index: 27
default_1_2 | 2025-02-17 23:38:29.670 [771634] main/121/raft_main_loop V> main_loop_status = 'handling committed entries'
default_1_2 | 2025-02-17 23:38:29.670 [771634] main/121/raft_main_loop V> applying entry: DdlPrepare(2, CreateTable(1025, ShardedImplicitly)), index: 27
default_1_1 | 2025-02-17 23:38:29.670 [771631] main/115/governor_loop V> governor_loop_status = #19 'apply clusterwide schema change'
default_1_1 | 2025-02-17 23:38:29.670 [771631] main/115/governor_loop I> applying pending schema change
default_1_1 | 2025-02-17 23:38:29.670 [771631] main/115/governor_loop I> calling proc_apply_schema_change, instance_name: default_1_1
default_1_3 | 2025-02-17 23:38:29.670 [771637] main/123/raft_main_loop V> main_loop_status = 'sending raft messages'
default_1_3 | 2025-02-17 23:38:29.671 [771637] main/123/raft_main_loop V> done sending messages, sent: 1, skipped: 0
default_1_2 | 2025-02-17 23:38:29.671 [771634] main/121/raft_main_loop V> main_loop_status = 'sending raft messages'
default_1_2 | 2025-02-17 23:38:29.671 [771634] main/121/raft_main_loop V> done sending messages, sent: 1, skipped: 0
default_1_3 | 2025-02-17 23:38:29.671 [771637] main/123/raft_main_loop V> main_loop_status = 'idle'
default_1_1 | 2025-02-17 23:38:29.671 [771631] main/114/raft_main_loop V> main_loop_status = 'idle'
default_1_2 | 2025-02-17 23:38:29.671 [771634] main/121/raft_main_loop V> main_loop_status = 'idle'
default_1_1 | 2025-02-17 23:38:29.671 [771631] main/141/.proc_sql_dispatch V> done waiting for applied index 27, current: 27
default_1_1 | 2025-02-17 23:38:29.671 [771631] main/141/.proc_sql_dispatch V> waiting for applied index 28
default_1_1 | 2025-02-17 23:38:29.671 [771631] main/128/.proc_apply_schema_change V> waiting for applied index 27
default_1_1 | 2025-02-17 23:38:29.671 [771631] main/128/.proc_apply_schema_change V> done waiting for applied index 27, current: 27
default_1_1 | 2025-02-17 23:38:29.673 [771631] main/115/governor_loop I> applied schema change on instance, instance_name: default_1_1
default_1_1 | 2025-02-17 23:38:29.673 [771631] main/115/governor_loop I> finalizing schema change, op: DdlCommit
default_1_1 | 2025-02-17 23:38:29.673 [771631] main/115/governor_loop V> Sending from 1 to 2, msg: msg_type: MsgAppend to: 2 log_term: 2 index: 27 entries {term: 2 index: 28 context: "\221\252ddl_commit"} commit: 27, to: 2, from: 1, raft_id: 1
default_1_1 | 2025-02-17 23:38:29.674 [771631] main/115/governor_loop V> Sending from 1 to 3, msg: msg_type: MsgAppend to: 3 log_term: 2 index: 27 entries {term: 2 index: 28 context: "\221\252ddl_commit"} commit: 27, to: 3, from: 1, raft_id: 1
default_1_1 | 2025-02-17 23:38:29.674 [771631] main/115/governor_loop V> waiting for applied index 28
default_1_1 | 2025-02-17 23:38:29.773 [771631] main/114/raft_main_loop V> main_loop_status = 'sending raft messages'
default_1_1 | 2025-02-17 23:38:29.773 [771631] main/114/raft_main_loop V> done sending messages, sent: 2, skipped: 0
default_1_1 | 2025-02-17 23:38:29.773 [771631] main/114/raft_main_loop V> main_loop_status = 'persisting hard state, entries and/or snapshot'
default_1_1 | 2025-02-17 23:38:29.773 [771631] main/114/raft_main_loop V> persisted index 28, raft_id: 1
default_1_1 | 2025-02-17 23:38:29.774 [771631] main/114/raft_main_loop V> main_loop_status = 'idle'
default_1_3 | 2025-02-17 23:38:29.774 [771637] main/134/.proc_raft_interact V> Sending from 3 to 1, msg: msg_type: MsgAppendResponse to: 1 index: 28 commit: 27, to: 1, from: 3, raft_id: 3
default_1_2 | 2025-02-17 23:38:29.774 [771634] main/134/.proc_raft_interact V> Sending from 2 to 1, msg: msg_type: MsgAppendResponse to: 1 index: 28 commit: 27, to: 1, from: 2, raft_id: 2
default_1_2 | 2025-02-17 23:38:29.774 [771634] main/121/raft_main_loop V> main_loop_status = 'persisting hard state, entries and/or snapshot'
default_1_3 | 2025-02-17 23:38:29.774 [771637] main/123/raft_main_loop V> main_loop_status = 'persisting hard state, entries and/or snapshot'
default_1_3 | 2025-02-17 23:38:29.775 [771637] main/123/raft_main_loop V> main_loop_status = 'sending raft messages'
default_1_2 | 2025-02-17 23:38:29.775 [771634] main/121/raft_main_loop V> main_loop_status = 'sending raft messages'
default_1_3 | 2025-02-17 23:38:29.775 [771637] main/123/raft_main_loop V> done sending messages, sent: 1, skipped: 0
default_1_3 | 2025-02-17 23:38:29.775 [771637] main/123/raft_main_loop V> persisted index 28, raft_id: 3
default_1_2 | 2025-02-17 23:38:29.775 [771634] main/121/raft_main_loop V> done sending messages, sent: 1, skipped: 0
default_1_2 | 2025-02-17 23:38:29.775 [771634] main/121/raft_main_loop V> persisted index 28, raft_id: 2
default_1_2 | 2025-02-17 23:38:29.775 [771634] main/121/raft_main_loop V> main_loop_status = 'idle'
default_1_3 | 2025-02-17 23:38:29.775 [771637] main/123/raft_main_loop V> main_loop_status = 'idle'
default_1_1 | 2025-02-17 23:38:29.775 [771631] main/138/.proc_raft_interact V> committing index 28, index: 28, raft_id: 1
default_1_1 | 2025-02-17 23:38:29.776 [771631] main/138/.proc_raft_interact V> Sending from 1 to 2, msg: msg_type: MsgAppend to: 2 log_term: 2 index: 28 commit: 28, to: 2, from: 1, raft_id: 1
default_1_1 | 2025-02-17 23:38:29.776 [771631] main/138/.proc_raft_interact V> Sending from 1 to 3, msg: msg_type: MsgAppend to: 3 log_term: 2 index: 28 commit: 28, to: 3, from: 1, raft_id: 1
default_1_1 | 2025-02-17 23:38:29.776 [771631] main/114/raft_main_loop V> main_loop_status = 'sending raft messages'
default_1_1 | 2025-02-17 23:38:29.776 [771631] main/114/raft_main_loop V> done sending messages, sent: 2, skipped: 0
default_1_1 | 2025-02-17 23:38:29.777 [771631] main/114/raft_main_loop V> main_loop_status = 'persisting hard state, entries and/or snapshot'
default_1_1 | 2025-02-17 23:38:29.777 [771631] main/114/raft_main_loop V> hard state: term: 2 vote: 1 commit: 28
default_1_1 | 2025-02-17 23:38:29.777 [771631] main/114/raft_main_loop V> main_loop_status = 'handling committed entries'
default_1_1 | 2025-02-17 23:38:29.777 [771631] main/114/raft_main_loop V> applying entry: DdlCommit, index: 28
default_1_3 | 2025-02-17 23:38:29.777 [771637] main/134/.proc_raft_interact V> Sending from 3 to 1, msg: msg_type: MsgAppendResponse to: 1 index: 28 commit: 28, to: 1, from: 3, raft_id: 3
default_1_2 | 2025-02-17 23:38:29.777 [771634] main/134/.proc_raft_interact V> Sending from 2 to 1, msg: msg_type: MsgAppendResponse to: 1 index: 28 commit: 28, to: 1, from: 2, raft_id: 2
default_1_3 | 2025-02-17 23:38:29.778 [771637] main/123/raft_main_loop V> main_loop_status = 'persisting hard state, entries and/or snapshot'
default_1_3 | 2025-02-17 23:38:29.778 [771637] main/123/raft_main_loop V> hard state: term: 2 commit: 28
default_1_2 | 2025-02-17 23:38:29.778 [771634] main/121/raft_main_loop V> main_loop_status = 'persisting hard state, entries and/or snapshot'
default_1_2 | 2025-02-17 23:38:29.778 [771634] main/121/raft_main_loop V> hard state: term: 2 commit: 28
default_1_2 | 2025-02-17 23:38:29.778 [771634] main/121/raft_main_loop V> main_loop_status = 'handling committed entries'
default_1_3 | 2025-02-17 23:38:29.778 [771637] main/123/raft_main_loop V> main_loop_status = 'handling committed entries'
default_1_1 | {"id":"1.0.23","initiator":"pico_service","message":"created table `test_table`","name":"test_table","severity":"medium","time":"2025-02-17T23:38:29.777+0300","title":"create_table"}
default_1_2 | 2025-02-17 23:38:29.778 [771634] main/121/raft_main_loop V> applying entry: DdlCommit, index: 28
default_1_3 | 2025-02-17 23:38:29.778 [771637] main/123/raft_main_loop V> applying entry: DdlCommit, index: 28
default_1_1 | 2025-02-17 23:38:29.778 [771631] main/114/raft_main_loop V> main_loop_status = 'idle'
default_1_1 | 2025-02-17 23:38:29.778 [771631] main/141/.proc_sql_dispatch V> done waiting for applied index 28, current: 28
default_1_3 | {"id":"3.0.20","initiator":"pico_service","message":"created table `test_table`","name":"test_table","severity":"medium","time":"2025-02-17T23:38:29.777+0300","title":"create_table"}
default_1_2 | {"id":"2.0.20","initiator":"pico_service","message":"created table `test_table`","name":"test_table","severity":"medium","time":"2025-02-17T23:38:29.777+0300","title":"create_table"}
default_1_3 | 2025-02-17 23:38:29.778 [771637] main/123/raft_main_loop V> main_loop_status = 'sending raft messages'
default_1_3 | 2025-02-17 23:38:29.778 [771637] main/123/raft_main_loop V> done sending messages, sent: 1, skipped: 0
default_1_2 | 2025-02-17 23:38:29.778 [771634] main/121/raft_main_loop V> main_loop_status = 'sending raft messages'
default_1_1 | 2025-02-17 23:38:29.778 [771631] main/141/.proc_sql_dispatch I> calling proc_wait_index, instance_name: default_1_1
default_1_3 | 2025-02-17 23:38:29.778 [771637] main/123/raft_main_loop V> main_loop_status = 'idle'
default_1_2 | 2025-02-17 23:38:29.778 [771634] main/121/raft_main_loop V> done sending messages, sent: 1, skipped: 0
default_1_1 | 2025-02-17 23:38:29.778 [771631] main/115/governor_loop V> done waiting for applied index 28, current: 28
default_1_2 | 2025-02-17 23:38:29.778 [771634] main/121/raft_main_loop V> main_loop_status = 'idle'
default_1_1 | 2025-02-17 23:38:29.779 [771631] main/115/governor_loop V> governor_loop_status = #20 'idle'
default_1_1 | 2025-02-17 23:38:29.779 [771631] main/115/governor_loop I> nothing to do, waiting for events to handle
default_1_1 | 2025-02-17 23:38:29.779 [771631] main/143/.proc_wait_index V> waiting for applied index 28
default_1_1 | 2025-02-17 23:38:29.779 [771631] main/143/.proc_wait_index V> done waiting for applied index 28, current: 28
2025-02-17 23:38:29,779.779 INFO [conftest.py:484] Retriable.call <lambda>
[GovernorTest] Verifying schema replication for table 'test_table'
[GovernorTest] default_1_1: FOUND
[GovernorTest] default_1_2: FOUND
[GovernorTest] default_1_3: FOUND
default_1_1 | 2025-02-17 23:38:29.800 [771631] main/141/.proc_sql_dispatch/vshard.router V> Discovering bucket 84
default_1_1 | 2025-02-17 23:38:29.806 [771631] main/128/.proc_sql_dispatch/vshard.router V> Discovering bucket 1934
default_1_1 | 2025-02-17 23:38:29.810 [771631] main/141/.proc_sql_dispatch/vshard.router V> Discovering bucket 1410
default_1_1 | 2025-02-17 23:38:29.815 [771631] main/141/.proc_sql_dispatch/vshard.router V> Discovering bucket 1958
default_1_1 | 2025-02-17 23:38:29.819 [771631] main/141/.proc_sql_dispatch/vshard.router V> Discovering bucket 2752
default_1_1 | 2025-02-17 23:38:29.824 [771631] main/141/.proc_sql_dispatch/vshard.router V> Discovering bucket 219
default_1_1 | 2025-02-17 23:38:29.828 [771631] main/141/.proc_sql_dispatch/vshard.router V> Discovering bucket 799
default_1_1 | 2025-02-17 23:38:29.832 [771631] main/141/.proc_sql_dispatch/vshard.router V> Discovering bucket 1860
default_1_1 | 2025-02-17 23:38:29.837 [771631] main/141/.proc_sql_dispatch/vshard.router V> Discovering bucket 2564
default_1_1 | 2025-02-17 23:38:29.841 [771631] main/128/.proc_sql_dispatch/vshard.router V> Discovering bucket 2852
default_1_1 | 2025-02-17 23:38:29.845 [771631] main/141/.proc_sql_dispatch/vshard.router V> Discovering bucket 626
default_1_1 | 2025-02-17 23:38:29.849 [771631] main/128/.proc_sql_dispatch/vshard.router V> Discovering bucket 2640
default_1_1 | 2025-02-17 23:38:29.854 [771631] main/128/.proc_sql_dispatch/vshard.router V> Discovering bucket 2802
default_1_1 | 2025-02-17 23:38:29.858 [771631] main/141/.proc_sql_dispatch/vshard.router V> Discovering bucket 653
default_1_1 | 2025-02-17 23:38:29.862 [771631] main/128/.proc_sql_dispatch/vshard.router V> Discovering bucket 1948
default_1_1 | 2025-02-17 23:38:29.866 [771631] main/141/.proc_sql_dispatch/vshard.router V> Discovering bucket 1403
default_1_1 | 2025-02-17 23:38:29.870 [771631] main/128/.proc_sql_dispatch/vshard.router V> Discovering bucket 1418
default_1_1 | 2025-02-17 23:38:29.874 [771631] main/141/.proc_sql_dispatch/vshard.router V> Discovering bucket 509
default_1_1 | 2025-02-17 23:38:29.878 [771631] main/128/.proc_sql_dispatch/vshard.router V> Discovering bucket 246
default_1_1 | 2025-02-17 23:38:29.879 [771631] main/114/raft_main_loop V> Sending from 1 to 2, msg: msg_type: MsgHeartbeat to: 2 commit: 28, to: 2, from: 1, raft_id: 1
default_1_1 | 2025-02-17 23:38:29.879 [771631] main/114/raft_main_loop V> Sending from 1 to 3, msg: msg_type: MsgHeartbeat to: 3 commit: 28, to: 3, from: 1, raft_id: 1
default_1_1 | 2025-02-17 23:38:29.879 [771631] main/114/raft_main_loop V> main_loop_status = 'sending raft messages'
default_1_1 | 2025-02-17 23:38:29.879 [771631] main/114/raft_main_loop V> done sending messages, sent: 2, skipped: 0
default_1_1 | 2025-02-17 23:38:29.879 [771631] main/114/raft_main_loop V> main_loop_status = 'idle'
default_1_2 | 2025-02-17 23:38:29.879 [771634] main/134/.proc_raft_interact V> Sending from 2 to 1, msg: msg_type: MsgHeartbeatResponse to: 1 commit: 28, to: 1, from: 2, raft_id: 2
default_1_3 | 2025-02-17 23:38:29.879 [771637] main/134/.proc_raft_interact V> Sending from 3 to 1, msg: msg_type: MsgHeartbeatResponse to: 1 commit: 28, to: 1, from: 3, raft_id: 3
default_1_3 | 2025-02-17 23:38:29.879 [771637] main/123/raft_main_loop V> main_loop_status = 'sending raft messages'
default_1_3 | 2025-02-17 23:38:29.879 [771637] main/123/raft_main_loop V> done sending messages, sent: 1, skipped: 0
default_1_2 | 2025-02-17 23:38:29.879 [771634] main/121/raft_main_loop V> main_loop_status = 'sending raft messages'
default_1_3 | 2025-02-17 23:38:29.879 [771637] main/123/raft_main_loop V> main_loop_status = 'idle'
default_1_2 | 2025-02-17 23:38:29.879 [771634] main/121/raft_main_loop V> done sending messages, sent: 1, skipped: 0
default_1_2 | 2025-02-17 23:38:29.879 [771634] main/121/raft_main_loop V> main_loop_status = 'idle'
default_1_1 | 2025-02-17 23:38:29.883 [771631] main/128/.proc_sql_dispatch/vshard.router V> Discovering bucket 2312
default_1_1 | 2025-02-17 23:38:29.888 [771631] main/128/.proc_sql_dispatch/vshard.router V> Discovering bucket 1514
default_1_1 | 2025-02-17 23:38:29.892 [771631] main/128/.proc_sql_dispatch/vshard.router V> Discovering bucket 1439
default_1_1 | 2025-02-17 23:38:29.896 [771631] main/128/.proc_sql_dispatch/vshard.router V> Discovering bucket 680
default_1_1 | 2025-02-17 23:38:29.900 [771631] main/128/.proc_sql_dispatch/vshard.router V> Discovering bucket 1488
default_1_1 | 2025-02-17 23:38:29.904 [771631] main/128/.proc_sql_dispatch/vshard.router V> Discovering bucket 2163
default_1_1 | 2025-02-17 23:38:29.909 [771631] main/128/.proc_sql_dispatch/vshard.router V> Discovering bucket 1712
default_1_1 | 2025-02-17 23:38:29.917 [771631] main/128/.proc_sql_dispatch/vshard.router V> Discovering bucket 1268
default_1_1 | 2025-02-17 23:38:29.921 [771631] main/128/.proc_sql_dispatch/vshard.router V> Discovering bucket 2710
default_1_1 | 2025-02-17 23:38:29.925 [771631] main/141/.proc_sql_dispatch/vshard.router V> Discovering bucket 1850
default_1_1 | 2025-02-17 23:38:29.929 [771631] main/141/.proc_sql_dispatch/vshard.router V> Discovering bucket 1611
default_1_1 | 2025-02-17 23:38:29.933 [771631] main/141/.proc_sql_dispatch/vshard.router V> Discovering bucket 379
default_1_1 | 2025-02-17 23:38:29.937 [771631] main/141/.proc_sql_dispatch/vshard.router V> Discovering bucket 1066
default_1_1 | 2025-02-17 23:38:29.941 [771631] main/141/.proc_sql_dispatch/vshard.router V> Discovering bucket 399
default_1_1 | 2025-02-17 23:38:29.945 [771631] main/128/.proc_sql_dispatch/vshard.router V> Discovering bucket 1800
default_1_1 | 2025-02-17 23:38:29.949 [771631] main/141/.proc_sql_dispatch/vshard.router V> Discovering bucket 1340
default_1_1 | 2025-02-17 23:38:29.953 [771631] main/141/.proc_sql_dispatch/vshard.router V> Discovering bucket 2465
default_1_1 | 2025-02-17 23:38:29.957 [771631] main/141/.proc_sql_dispatch/vshard.router V> Discovering bucket 1251
default_1_1 | 2025-02-17 23:38:29.961 [771631] main/141/.proc_sql_dispatch/vshard.router V> Discovering bucket 2077
default_1_1 | 2025-02-17 23:38:29.965 [771631] main/141/.proc_sql_dispatch/vshard.router V> Discovering bucket 1849
default_1_1 | 2025-02-17 23:38:29.969 [771631] main/141/.proc_sql_dispatch/vshard.router V> Discovering bucket 906
default_1_1 | 2025-02-17 23:38:29.973 [771631] main/128/.proc_sql_dispatch/vshard.router V> Discovering bucket 519
default_1_1 | 2025-02-17 23:38:29.977 [771631] main/128/.proc_sql_dispatch/vshard.router V> Discovering bucket 2426
default_1_1 | 2025-02-17 23:38:29.981 [771631] main/128/.proc_sql_dispatch/vshard.router V> Discovering bucket 214
default_1_1 | 2025-02-17 23:38:29.985 [771631] main/128/.proc_sql_dispatch/vshard.router V> Discovering bucket 642
default_1_1 | 2025-02-17 23:38:29.989 [771631] main/128/.proc_sql_dispatch/vshard.router V> Discovering bucket 157
default_1_1 | 2025-02-17 23:38:29.993 [771631] main/141/.proc_sql_dispatch/vshard.router V> Discovering bucket 2314
default_1_1 | 2025-02-17 23:38:29.997 [771631] main/141/.proc_sql_dispatch/vshard.router V> Discovering bucket 1713
default_1_1 | 2025-02-17 23:38:30.001 [771631] main/141/.proc_sql_dispatch/vshard.router V> Discovering bucket 2141
default_1_1 | 2025-02-17 23:38:30.005 [771631] main/141/.proc_sql_dispatch/vshard.router V> Discovering bucket 436
default_1_1 | 2025-02-17 23:38:30.009 [771631] main/141/.proc_sql_dispatch/vshard.router V> Discovering bucket 1054
default_1_1 | 2025-02-17 23:38:30.014 [771631] main/141/.proc_sql_dispatch/vshard.router V> Discovering bucket 2224
default_1_1 | 2025-02-17 23:38:30.018 [771631] main/141/.proc_sql_dispatch/vshard.router V> Discovering bucket 2211
default_1_1 | 2025-02-17 23:38:30.021 [771631] main/141/.proc_sql_dispatch/vshard.router V> Discovering bucket 5
default_1_1 | 2025-02-17 23:38:30.026 [771631] main/141/.proc_sql_dispatch/vshard.router V> Discovering bucket 2349
default_1_1 | 2025-02-17 23:38:30.026 [771631] main/173/vshard.failover.default/vshard.router I> New replica default_1_1(pico_service@127.0.0.1:3300) for replicaset(uuid="b33d17b0-46b7-43a4-9611-98bb29099f4d", master=default_1_1(pico_service@127.0.0.1:3300))
default_1_1 | 2025-02-17 23:38:30.026 [771631] main/173/vshard.failover.default/vshard.router I> All replicas are ok
default_1_1 | 2025-02-17 23:38:30.026 [771631] main/173/vshard.failover.default/vshard.router I> Failovering step is finished. Schedule next after 1.000000 seconds
default_1_1 | 2025-02-17 23:38:30.030 [771631] main/141/.proc_sql_dispatch/vshard.router V> Discovering bucket 904
default_1_1 | 2025-02-17 23:38:30.034 [771631] main/141/.proc_sql_dispatch/vshard.router V> Discovering bucket 2236
default_1_1 | 2025-02-17 23:38:30.038 [771631] main/141/.proc_sql_dispatch/vshard.router V> Discovering bucket 625
default_1_1 | 2025-02-17 23:38:30.042 [771631] main/141/.proc_sql_dispatch/vshard.router V> Discovering bucket 415
default_1_1 | 2025-02-17 23:38:30.046 [771631] main/141/.proc_sql_dispatch/vshard.router V> Discovering bucket 736
default_1_1 | 2025-02-17 23:38:30.047 [771631] main/174/vshard.discovery.default/vshard.router I> Updated replicaset(uuid="b33d17b0-46b7-43a4-9611-98bb29099f4d", master=default_1_1(pico_service@127.0.0.1:3300)) buckets: was 59, became 1038
default_1_1 | 2025-02-17 23:38:30.054 [771631] main/128/.proc_sql_dispatch/vshard.router V> Discovering bucket 1889
default_1_1 | 2025-02-17 23:38:30.070 [771631] main/128/.proc_sql_dispatch/vshard.router V> Discovering bucket 2900
default_1_1 | 2025-02-17 23:38:30.074 [771631] main/128/.proc_sql_dispatch/vshard.router V> Discovering bucket 1879
default_1_1 | 2025-02-17 23:38:30.078 [771631] main/141/.proc_sql_dispatch/vshard.router V> Discovering bucket 1913
default_1_1 | 2025-02-17 23:38:30.080 [771631] main/114/raft_main_loop V> Sending from 1 to 2, msg: msg_type: MsgHeartbeat to: 2 commit: 28, to: 2, from: 1, raft_id: 1
default_1_1 | 2025-02-17 23:38:30.081 [771631] main/114/raft_main_loop V> Sending from 1 to 3, msg: msg_type: MsgHeartbeat to: 3 commit: 28, to: 3, from: 1, raft_id: 1
default_1_1 | 2025-02-17 23:38:30.081 [771631] main/114/raft_main_loop V> main_loop_status = 'sending raft messages'
default_1_1 | 2025-02-17 23:38:30.081 [771631] main/114/raft_main_loop V> done sending messages, sent: 2, skipped: 0
default_1_1 | 2025-02-17 23:38:30.081 [771631] main/114/raft_main_loop V> main_loop_status = 'idle'
default_1_3 | 2025-02-17 23:38:30.081 [771637] main/134/.proc_raft_interact V> Sending from 3 to 1, msg: msg_type: MsgHeartbeatResponse to: 1 commit: 28, to: 1, from: 3, raft_id: 3
default_1_2 | 2025-02-17 23:38:30.081 [771634] main/134/.proc_raft_interact V> Sending from 2 to 1, msg: msg_type: MsgHeartbeatResponse to: 1 commit: 28, to: 1, from: 2, raft_id: 2
default_1_3 | 2025-02-17 23:38:30.081 [771637] main/123/raft_main_loop V> main_loop_status = 'sending raft messages'
default_1_3 | 2025-02-17 23:38:30.081 [771637] main/123/raft_main_loop V> done sending messages, sent: 1, skipped: 0
default_1_3 | 2025-02-17 23:38:30.081 [771637] main/123/raft_main_loop V> main_loop_status = 'idle'
default_1_2 | 2025-02-17 23:38:30.081 [771634] main/121/raft_main_loop V> main_loop_status = 'sending raft messages'
default_1_2 | 2025-02-17 23:38:30.081 [771634] main/121/raft_main_loop V> done sending messages, sent: 1, skipped: 0
default_1_2 | 2025-02-17 23:38:30.081 [771634] main/121/raft_main_loop V> main_loop_status = 'idle'
default_1_1 | 2025-02-17 23:38:30.086 [771631] main/141/.proc_sql_dispatch/vshard.router V> Discovering bucket 1810
default_1_1 | 2025-02-17 23:38:30.094 [771631] main/141/.proc_sql_dispatch/vshard.router V> Discovering bucket 1438
default_1_1 | 2025-02-17 23:38:30.099 [771631] main/128/.proc_sql_dispatch/vshard.router V> Discovering bucket 2234
default_1_1 | 2025-02-17 23:38:30.104 [771631] main/128/.proc_sql_dispatch/vshard.router V> Discovering bucket 1955
default_1_1 | 2025-02-17 23:38:30.108 [771631] main/128/.proc_sql_dispatch/vshard.router V> Discovering bucket 2036
default_1_1 | 2025-02-17 23:38:30.117 [771631] main/141/.proc_sql_dispatch/vshard.router V> Discovering bucket 2045
default_1_1 | 2025-02-17 23:38:30.121 [771631] main/128/.proc_sql_dispatch/vshard.router V> Discovering bucket 2376
default_1_1 | 2025-02-17 23:38:30.125 [771631] main/141/.proc_sql_dispatch/vshard.router V> Discovering bucket 1378
default_1_1 | 2025-02-17 23:38:30.130 [771631] main/128/.proc_sql_dispatch/vshard.router V> Discovering bucket 1013
default_1_1 | 2025-02-17 23:38:30.138 [771631] main/128/.proc_sql_dispatch/vshard.router V> Discovering bucket 1115
default_1_1 | 2025-02-17 23:38:30.142 [771631] main/128/.proc_sql_dispatch/vshard.router V> Discovering bucket 2300
default_1_1 | 2025-02-17 23:38:30.147 [771631] main/128/.proc_sql_dispatch/vshard.router V> Discovering bucket 2519
default_1_1 | 2025-02-17 23:38:30.155 [771631] main/128/.proc_sql_dispatch/vshard.router V> Discovering bucket 2509
default_1_1 | 2025-02-17 23:38:30.164 [771631] main/141/.proc_sql_dispatch/vshard.router V> Discovering bucket 1298
default_1_1 | 2025-02-17 23:38:30.174 [771631] main/141/.proc_sql_dispatch/vshard.router V> Discovering bucket 1430
default_1_1 | 2025-02-17 23:38:30.178 [771631] main/141/.proc_sql_dispatch/vshard.router V> Discovering bucket 1109
default_1_1 | 2025-02-17 23:38:30.195 [771631] main/141/.proc_sql_dispatch/vshard.router V> Discovering bucket 1487
default_1_1 | 2025-02-17 23:38:30.213 [771631] main/141/.proc_sql_dispatch/vshard.router V> Discovering bucket 2174
default_1_1 | 2025-02-17 23:38:30.225 [771631] main/128/.proc_sql_dispatch/vshard.router V> Discovering bucket 2346
default_1_1 | 2025-02-17 23:38:30.232 [771631] main/141/.proc_sql_dispatch/vshard.router V> Discovering bucket 1626
default_1_1 | 2025-02-17 23:38:30.237 [771631] main/141/.proc_sql_dispatch/vshard.router V> Discovering bucket 1876
default_1_1 | 2025-02-17 23:38:30.245 [771631] main/141/.proc_sql_dispatch/vshard.router V> Discovering bucket 2733
default_1_1 | 2025-02-17 23:38:30.249 [771631] main/128/.proc_sql_dispatch/vshard.router V> Discovering bucket 1584
default_1_1 | 2025-02-17 23:38:30.261 [771631] main/128/.proc_sql_dispatch/vshard.router V> Discovering bucket 1381
default_1_1 | 2025-02-17 23:38:30.269 [771631] main/128/.proc_sql_dispatch/vshard.router V> Discovering bucket 1842
default_1_1 | 2025-02-17 23:38:30.282 [771631] main/141/.proc_sql_dispatch/vshard.router V> Discovering bucket 1172
default_1_1 | 2025-02-17 23:38:30.282 [771631] main/114/raft_main_loop V> Sending from 1 to 2, msg: msg_type: MsgHeartbeat to: 2 commit: 28, to: 2, from: 1, raft_id: 1
default_1_1 | 2025-02-17 23:38:30.282 [771631] main/114/raft_main_loop V> Sending from 1 to 3, msg: msg_type: MsgHeartbeat to: 3 commit: 28, to: 3, from: 1, raft_id: 1
default_1_1 | 2025-02-17 23:38:30.282 [771631] main/114/raft_main_loop V> main_loop_status = 'sending raft messages'
default_1_1 | 2025-02-17 23:38:30.282 [771631] main/114/raft_main_loop V> done sending messages, sent: 2, skipped: 0
default_1_1 | 2025-02-17 23:38:30.282 [771631] main/114/raft_main_loop V> main_loop_status = 'idle'
default_1_3 | 2025-02-17 23:38:30.282 [771637] main/134/.proc_raft_interact V> Sending from 3 to 1, msg: msg_type: MsgHeartbeatResponse to: 1 commit: 28, to: 1, from: 3, raft_id: 3
default_1_2 | 2025-02-17 23:38:30.282 [771634] main/134/.proc_raft_interact V> Sending from 2 to 1, msg: msg_type: MsgHeartbeatResponse to: 1 commit: 28, to: 1, from: 2, raft_id: 2
default_1_3 | 2025-02-17 23:38:30.282 [771637] main/123/raft_main_loop V> main_loop_status = 'sending raft messages'
default_1_2 | 2025-02-17 23:38:30.282 [771634] main/121/raft_main_loop V> main_loop_status = 'sending raft messages'
