:3304 | 2025-02-17 23:38:29.015 [771637] main/134/.proc_sharding/vshard.storage I> Starting configuration of replica 35662ba5-d645-45bb-89b6-0a4553e26627
:3304 | 2025-02-17 23:38:29.015 [771637] main/134/.proc_sharding I> connecting to 3 replicas
:3300 | 2025-02-17 23:38:29.016 [771631] main/137/.proc_sharding/vshard.storage I> Starting configuration of replica 77fdab61-0002-4cd4-a9a9-c92f78af29e4
:3304 | 2025-02-17 23:38:29.016 [771637] main/134/.proc_sharding C> failed to connect to 3 out of 3 replicas
:3300 | 2025-02-17 23:38:29.016 [771631] main/137/.proc_sharding/vshard.storage I> I am master
:3300 | 2025-02-17 23:38:29.016 [771631] main/137/.proc_sharding/vshard.storage I> Taking on replicaset master role...
:3300 | 2025-02-17 23:38:29.016 [771631] main/137/.proc_sharding I> connecting to 3 replicas
:3300 | 2025-02-17 23:38:29.016 [771631] main/137/.proc_sharding C> failed to connect to 3 out of 3 replicas
:3304 | 2025-02-17 23:38:29.016 [771637] main/134/.proc_sharding I> leaving orphan mode
:3304 | 2025-02-17 23:38:29.016 [771637] main/134/.proc_sharding/box.load_cfg I> set 'replication' configuration option to ["pico_service@127.0.0.1:3304","pico_service@127.0.0.1:3302","pico_service@127.0.0.1:3300"]
:3304 | 2025-02-17 23:38:29.016 [771637] main/134/.proc_sharding/vshard.storage I> Box has been configured
:3304 | 2025-02-17 23:38:29.016 [771637] main/134/.proc_sharding/vshard.storage I> Replica' vshard schema version is not latest - current {0.1.15.0} vs latest {0.1.16.0}, but the replica still can work
:3304 | 2025-02-17 23:38:29.016 [771637] main/134/.proc_sharding/vshard.storage I> Could not find _bucket space to install triggers - delayed until the schema is replicated
:3300 | 2025-02-17 23:38:29.016 [771631] relay/127.0.0.1:40584/101/main coio.c:353 E> SocketError: unexpected EOF when reading from socket, called on fd 32, aka 127.0.0.1:3300, peer of 127.0.0.1:40584: Broken pipe
:3300 | 2025-02-17 23:38:29.017 [771631] relay/127.0.0.1:40584/101/main I> exiting the relay loop
:3302 | 2025-02-17 23:38:29.017 [771634] main/135/.proc_sharding/vshard.storage I> Starting configuration of replica caf0b1e6-ae28-4955-9c34-35169d154b1a
:3302 | 2025-02-17 23:38:29.017 [771634] main/135/.proc_sharding I> connecting to 3 replicas
:3300 | 2025-02-17 23:38:29.017 [771631] main/137/.proc_sharding I> leaving orphan mode
:3302 | 2025-02-17 23:38:29.017 [771634] main/135/.proc_sharding C> failed to connect to 3 out of 3 replicas
:3300 | 2025-02-17 23:38:29.017 [771631] main/137/.proc_sharding/box.load_cfg I> set 'replication' configuration option to ["pico_service@127.0.0.1:3304","pico_service@127.0.0.1:3302","pico_service@127.0.0.1:3300"]
:3300 | 2025-02-17 23:38:29.017 [771631] main/137/.proc_sharding/vshard.storage I> Box has been configured
:3300 | 2025-02-17 23:38:29.017 [771631] main/137/.proc_sharding/vshard.storage I> Initializing schema {0.1.15.0}
:3302 | 2025-02-17 23:38:29.017 [771634] relay/127.0.0.1:60826/101/main coio.c:353 E> SocketError: unexpected EOF when reading from socket, called on fd 38, aka 127.0.0.1:3302, peer of 127.0.0.1:60826: Broken pipe
:3302 | 2025-02-17 23:38:29.017 [771634] relay/127.0.0.1:60826/101/main I> exiting the relay loop
:3302 | 2025-02-17 23:38:29.017 [771634] relay/127.0.0.1:60772/101/main coio.c:353 E> SocketError: unexpected EOF when reading from socket, called on fd 33, aka 127.0.0.1:3302, peer of 127.0.0.1:60772: Broken pipe
:3302 | 2025-02-17 23:38:29.017 [771634] relay/127.0.0.1:60772/101/main I> exiting the relay loop
:3300 | 2025-02-17 23:38:29.017 [771631] main/160/applier/pico_service@127.0.0.1:3302 I> remote master caf0b1e6-ae28-4955-9c34-35169d154b1a at 127.0.0.1:3302 running Tarantool 2.11.5
:3302 | 2025-02-17 23:38:29.017 [771634] main/135/.proc_sharding I> leaving orphan mode
:3300 | 2025-02-17 23:38:29.017 [771631] main/159/applier/pico_service@127.0.0.1:3300 I> remote master 77fdab61-0002-4cd4-a9a9-c92f78af29e4 at 127.0.0.1:3300 running Tarantool 2.11.5
:3300 | 2025-02-17 23:38:29.017 [771631] relay/127.0.0.1:40546/101/main coio.c:353 E> SocketError: unexpected EOF when reading from socket, called on fd 46, aka 127.0.0.1:3300, peer of 127.0.0.1:40546: Broken pipe
:3300 | 2025-02-17 23:38:29.017 [771631] relay/127.0.0.1:40546/101/main I> exiting the relay loop
:3302 | 2025-02-17 23:38:29.017 [771634] main/135/.proc_sharding/box.load_cfg I> set 'replication' configuration option to ["pico_service@127.0.0.1:3304","pico_service@127.0.0.1:3302","pico_service@127.0.0.1:3300"]
:3302 | 2025-02-17 23:38:29.017 [771634] main/135/.proc_sharding/vshard.storage I> Box has been configured
:3302 | 2025-02-17 23:38:29.017 [771634] main/135/.proc_sharding/vshard.storage I> Replica' vshard schema version is not latest - current {0.1.15.0} vs latest {0.1.16.0}, but the replica still can work
:3302 | 2025-02-17 23:38:29.017 [771634] main/135/.proc_sharding/vshard.storage I> Could not find _bucket space to install triggers - delayed until the schema is replicated
:3300 | 2025-02-17 23:38:29.018 [771631] main/159/applier/pico_service@127.0.0.1:3300 I> leaving orphan mode
:3300 | 2025-02-17 23:38:29.019 [771631] main/137/.proc_sharding/vshard.storage I> Upgrade vshard schema to {0.1.16.0}
:3300 | 2025-02-17 23:38:29.019 [771631] main/137/.proc_sharding/vshard.storage I> Insert 'vshard_version' into _schema
:3300 | 2025-02-17 23:38:29.019 [771631] main/137/.proc_sharding/vshard.storage I> Create function vshard.storage._call()
:3300 | 2025-02-17 23:38:29.019 [771631] main/137/.proc_sharding/vshard.storage I> Successful vshard schema upgrade to {0.1.16.0}
:3300 | 2025-02-17 23:38:29.019 [771631] main/137/.proc_sharding/vshard.storage I> Upgrade vshard.storage.bucket_recv to accept args as msgpack
:3300 | 2025-02-17 23:38:29.020 [771631] main/163/lua/vshard.util I> gc_bucket_f has been started
:3300 | 2025-02-17 23:38:29.020 [771631] main/163/lua/box.schema schema.lua:1832 W> box.internal.schema_version will be removed, please use box.info.schema_version instead
:3300 | 2025-02-17 23:38:29.020 [771631] main/164/lua/vshard.util I> recovery_f has been started
:3304 | 2025-02-17 23:38:29.020 [771637] main/157/applier/pico_service@127.0.0.1:3302 I> remote master caf0b1e6-ae28-4955-9c34-35169d154b1a at 127.0.0.1:3302 running Tarantool 2.11.5
:3300 | 2025-02-17 23:38:29.020 [771631] main/137/.proc_sharding/vshard.storage I> Took on replicaset master role
:3304 | 2025-02-17 23:38:29.020 [771637] main/156/applier/pico_service@127.0.0.1:3300 I> remote master 77fdab61-0002-4cd4-a9a9-c92f78af29e4 at 127.0.0.1:3300 running Tarantool 2.11.5
:3300 | 2025-02-17 23:38:29.020 [771631] main/165/lua/vshard.util I> rebalancer_f has been started
:3304 | 2025-02-17 23:38:29.020 [771637] relay/127.0.0.1:55198/101/main coio.c:353 E> SocketError: unexpected EOF when reading from socket, called on fd 31, aka 127.0.0.1:3304, peer of 127.0.0.1:55198: Broken pipe
:3304 | 2025-02-17 23:38:29.020 [771637] relay/127.0.0.1:55198/101/main I> exiting the relay loop
:3304 | 2025-02-17 23:38:29.020 [771637] relay/127.0.0.1:55182/101/main coio.c:353 E> SocketError: unexpected EOF when reading from socket, called on fd 30, aka 127.0.0.1:3304, peer of 127.0.0.1:55182: Broken pipe
:3304 | 2025-02-17 23:38:29.020 [771637] relay/127.0.0.1:55182/101/main I> exiting the relay loop
:3304 | 2025-02-17 23:38:29.020 [771637] main/158/applier/pico_service@127.0.0.1:3304 I> remote master 35662ba5-d645-45bb-89b6-0a4553e26627 at 127.0.0.1:3304 running Tarantool 2.11.5
:3304 | 2025-02-17 23:38:29.020 [771637] main/158/applier/pico_service@127.0.0.1:3304 I> leaving orphan mode
:3302 | 2025-02-17 23:38:29.022 [771634] main/154/applier/pico_service@127.0.0.1:3304 I> remote master 35662ba5-d645-45bb-89b6-0a4553e26627 at 127.0.0.1:3304 running Tarantool 2.11.5
:3302 | 2025-02-17 23:38:29.022 [771634] main/152/applier/pico_service@127.0.0.1:3300 I> remote master 77fdab61-0002-4cd4-a9a9-c92f78af29e4 at 127.0.0.1:3300 running Tarantool 2.11.5
:3302 | 2025-02-17 23:38:29.022 [771634] main/153/applier/pico_service@127.0.0.1:3302 I> remote master caf0b1e6-ae28-4955-9c34-35169d154b1a at 127.0.0.1:3302 running Tarantool 2.11.5
:3302 | 2025-02-17 23:38:29.022 [771634] main/154/applier/pico_service@127.0.0.1:3304 I> authenticated
:3304 | 2025-02-17 23:38:29.022 [771637] main/157/applier/pico_service@127.0.0.1:3302 I> authenticated
:3302 | 2025-02-17 23:38:29.022 [771634] main/153/applier/pico_service@127.0.0.1:3302 I> leaving orphan mode
:3304 | 2025-02-17 23:38:29.022 [771637] main/136/main I> subscribed replica caf0b1e6-ae28-4955-9c34-35169d154b1a at fd 42, aka 127.0.0.1:3304, peer of 127.0.0.1:55302
:3304 | 2025-02-17 23:38:29.022 [771637] main/136/main I> remote vclock {1: 150} local vclock {0: 210, 1: 150}
:3302 | 2025-02-17 23:38:29.022 [771634] main/154/applier/pico_service@127.0.0.1:3304 I> subscribed
:3302 | 2025-02-17 23:38:29.022 [771634] main/154/applier/pico_service@127.0.0.1:3304 I> remote vclock {1: 150} local vclock {0: 221, 1: 150}
:3302 | 2025-02-17 23:38:29.022 [771634] main/136/main I> subscribed replica 35662ba5-d645-45bb-89b6-0a4553e26627 at fd 40, aka 127.0.0.1:3302, peer of 127.0.0.1:60864
:3302 | 2025-02-17 23:38:29.022 [771634] main/136/main I> remote vclock {1: 150} local vclock {0: 221, 1: 150}
:3304 | 2025-02-17 23:38:29.022 [771637] main/157/applier/pico_service@127.0.0.1:3302 I> subscribed
:3304 | 2025-02-17 23:38:29.022 [771637] main/157/applier/pico_service@127.0.0.1:3302 I> remote vclock {1: 150} local vclock {0: 210, 1: 150}
:3304 | 2025-02-17 23:38:29.023 [771637] main/157/applier/pico_service@127.0.0.1:3302 I> RAFT: message {term: 1, state: follower} from 2
:3302 | 2025-02-17 23:38:29.023 [771634] main/154/applier/pico_service@127.0.0.1:3304 I> RAFT: message {term: 1, state: follower} from 3
:3304 | 2025-02-17 23:38:29.023 [771637] relay/127.0.0.1:55302/101/main I> recover from `/tmp/pytest-of-gmoshkin/pytest-795/tmp0/i3/00000000000000000150.xlog'
:3302 | 2025-02-17 23:38:29.023 [771634] relay/127.0.0.1:60864/101/main I> recover from `/tmp/pytest-of-gmoshkin/pytest-795/tmp0/i2/00000000000000000149.xlog'
:3304 | 2025-02-17 23:38:29.023 [771637] main/157/applier/pico_service@127.0.0.1:3302 I> leaving orphan mode
:3302 | 2025-02-17 23:38:29.023 [771634] main/154/applier/pico_service@127.0.0.1:3304 I> leaving orphan mode
:3300 | 2025-02-17 23:38:29.023 [771631] main/137/.proc_sharding/vshard.router I> Starting router configuration
:3300 | 2025-02-17 23:38:29.023 [771631] main/137/.proc_sharding/vshard.router I> Calling box.cfg()...
:3300 | 2025-02-17 23:38:29.023 [771631] main/137/.proc_sharding/vshard.router I> {"listen":"127.0.0.1:3300"}
:3300 | 2025-02-17 23:38:29.023 [771631] main/137/.proc_sharding/vshard.router I> Box has been configured
:3300 | 2025-02-17 23:38:29.024 [771631] main/161/applier/pico_service@127.0.0.1:3304 I> remote master 35662ba5-d645-45bb-89b6-0a4553e26627 at 127.0.0.1:3304 running Tarantool 2.11.5
:3300 | 2025-02-17 23:38:29.024 [771631] main/115/governor_loop mod.rs:906 W> failed calling proc_sharding: server responded with error: NoSuchSpace: no such space "_bucket", instance_name: default_1_2
:3300 | 2025-02-17 23:38:29.024 [771631] main/115/governor_loop mod.rs:895 W> failed applying vshard config changes: server responded with error: NoSuchSpace: no such space "_bucket", tier: default
:3300 | 2025-02-17 23:38:29.024 [771631] main/161/applier/pico_service@127.0.0.1:3304 I> authenticated
:3304 | 2025-02-17 23:38:29.024 [771637] main/112/main I> subscribed replica 77fdab61-0002-4cd4-a9a9-c92f78af29e4 at fd 41, aka 127.0.0.1:3304, peer of 127.0.0.1:55300
:3304 | 2025-02-17 23:38:29.025 [771637] main/112/main I> remote vclock {1: 190} local vclock {0: 210, 1: 150}
:3304 | 2025-02-17 23:38:29.025 [771637] relay/127.0.0.1:55300/101/main I> recover from `/tmp/pytest-of-gmoshkin/pytest-795/tmp0/i3/00000000000000000150.xlog'
:3300 | 2025-02-17 23:38:29.025 [771631] main/167/127.0.0.1:3304 (net.box)/vshard.replicaset I> connected to 127.0.0.1:3304
:3304 | 2025-02-17 23:38:29.025 [771637] main/156/applier/pico_service@127.0.0.1:3300 I> authenticated
:3300 | 2025-02-17 23:38:29.025 [771631] main/161/applier/pico_service@127.0.0.1:3304 I> subscribed
:3300 | 2025-02-17 23:38:29.025 [771631] main/161/applier/pico_service@127.0.0.1:3304 I> remote vclock {1: 150} local vclock {0: 217, 1: 190}
:3300 | 2025-02-17 23:38:29.026 [771631] main/169/127.0.0.1:3300 (net.box)/vshard.replicaset I> connected to 127.0.0.1:3300
:3300 | 2025-02-17 23:38:29.026 [771631] main/166/127.0.0.1:3300 (net.box)/vshard.replicaset I> connected to 127.0.0.1:3300
:3300 | 2025-02-17 23:38:29.026 [771631] main/173/lua/vshard.util I> failover_f has been started
:3300 | 2025-02-17 23:38:29.026 [771631] main/173/lua/vshard.router I> New replica default_1_1(pico_service@127.0.0.1:3300) for replicaset(uuid="b33d17b0-46b7-43a4-9611-98bb29099f4d", master=default_1_1(pico_service@127.0.0.1:3300))
:3300 | 2025-02-17 23:38:29.026 [771631] main/173/lua/vshard.router I> All replicas are ok
:3300 | 2025-02-17 23:38:29.027 [771631] main/173/lua/vshard.router I> Failovering step is finished. Schedule next after 1.000000 seconds
:3300 | 2025-02-17 23:38:29.027 [771631] main/174/lua/vshard.util I> discovery_f has been started
:3300 | 2025-02-17 23:38:29.029 [771631] main/137/main I> subscribed replica 35662ba5-d645-45bb-89b6-0a4553e26627 at fd 47, aka 127.0.0.1:3300, peer of 127.0.0.1:40614
:3300 | 2025-02-17 23:38:29.029 [771631] main/137/main I> remote vclock {1: 150} local vclock {0: 217, 1: 190}
:3304 | 2025-02-17 23:38:29.029 [771637] main/156/applier/pico_service@127.0.0.1:3300 I> subscribed
:3304 | 2025-02-17 23:38:29.029 [771637] main/156/applier/pico_service@127.0.0.1:3300 I> remote vclock {1: 190} local vclock {0: 210, 1: 150}
:3304 | 2025-02-17 23:38:29.029 [771637] main/156/applier/pico_service@127.0.0.1:3300 I> RAFT: message {term: 1, state: follower} from 1
:3300 | 2025-02-17 23:38:29.029 [771631] main/120/to:default_1_1 V> rpc response ignored because caller dropped the future
:3300 | 2025-02-17 23:38:29.029 [771631] main/161/applier/pico_service@127.0.0.1:3304 I> RAFT: message {term: 1, state: follower} from 3
:3300 | 2025-02-17 23:38:29.029 [771631] main/161/applier/pico_service@127.0.0.1:3304 I> leaving orphan mode
:3300 | 2025-02-17 23:38:29.029 [771631] main/160/applier/pico_service@127.0.0.1:3302 I> authenticated
:3300 | 2025-02-17 23:38:29.029 [771631] relay/127.0.0.1:40614/101/main I> recover from `/tmp/pytest-of-gmoshkin/pytest-795/tmp0/i1/00000000000000000000.xlog'
:3302 | 2025-02-17 23:38:29.029 [771634] main/135/main I> subscribed replica 77fdab61-0002-4cd4-a9a9-c92f78af29e4 at fd 42, aka 127.0.0.1:3302, peer of 127.0.0.1:60866
:3302 | 2025-02-17 23:38:29.029 [771634] main/135/main I> remote vclock {1: 190} local vclock {0: 221, 1: 150}
:3300 | 2025-02-17 23:38:29.030 [771631] main/165/vshard.rebalancer/vshard.storage I> Total active bucket count is not equal to total. Possibly a boostrap is not finished yet. Expected 3000, but found 0
:3300 | 2025-02-17 23:38:29.030 [771631] main/165/vshard.rebalancer/vshard.storage I> Some buckets are not active, retry rebalancing later
:3300 | 2025-02-17 23:38:29.030 [771631] main/160/applier/pico_service@127.0.0.1:3302 I> subscribed
:3300 | 2025-02-17 23:38:29.030 [771631] main/160/applier/pico_service@127.0.0.1:3302 I> remote vclock {1: 150} local vclock {0: 217, 1: 190}
:3300 | 2025-02-17 23:38:29.030 [771631] main/160/applier/pico_service@127.0.0.1:3302 I> RAFT: message {term: 1, state: follower} from 2
:3302 | 2025-02-17 23:38:29.030 [771634] main/152/applier/pico_service@127.0.0.1:3300 I> authenticated
:3302 | 2025-02-17 23:38:29.030 [771634] relay/127.0.0.1:60866/101/main I> recover from `/tmp/pytest-of-gmoshkin/pytest-795/tmp0/i2/00000000000000000149.xlog'
:3300 | 2025-02-17 23:38:29.030 [771631] main/168/127.0.0.1:3302 (net.box)/vshard.replicaset I> connected to 127.0.0.1:3302
:3300 | 2025-02-17 23:38:29.030 [771631] main/110/main I> subscribed replica caf0b1e6-ae28-4955-9c34-35169d154b1a at fd 40, aka 127.0.0.1:3300, peer of 127.0.0.1:40644
:3302 | 2025-02-17 23:38:29.030 [771634] main/152/applier/pico_service@127.0.0.1:3300 I> subscribed
:3304 | 2025-02-17 23:38:29.030 [771637] main I> leaving orphan mode
:3300 | 2025-02-17 23:38:29.030 [771631] main/110/main I> remote vclock {1: 150} local vclock {0: 217, 1: 190}
:3302 | 2025-02-17 23:38:29.030 [771634] main/152/applier/pico_service@127.0.0.1:3300 I> remote vclock {1: 190} local vclock {0: 221, 1: 150}
:3302 | 2025-02-17 23:38:29.030 [771634] main/152/applier/pico_service@127.0.0.1:3300 I> RAFT: message {term: 1, state: follower} from 1
:3300 | 2025-02-17 23:38:29.030 [771631] main/160/applier/pico_service@127.0.0.1:3302 I> leaving orphan mode
:3300 | 2025-02-17 23:38:29.031 [771631] relay/127.0.0.1:40644/101/main I> recover from `/tmp/pytest-of-gmoshkin/pytest-795/tmp0/i1/00000000000000000000.xlog'
:3302 | 2025-02-17 23:38:29.031 [771634] main/152/applier/pico_service@127.0.0.1:3300 I> leaving orphan mode
:3300 | 2025-02-17 23:38:29.036 [771631] main/174/vshard.discovery.default/vshard.router I> Start aggressive discovery, 3000 buckets are unknown. Discovery works with 1 seconds interval
Instance(default_1_1, iproto_listen=127.0.0.1:3300 cluster=cluster-0-0, process.pid=771631) is online
Instance(default_1_2, iproto_listen=127.0.0.1:3302 cluster=cluster-0-0, process.pid=771634) is online
default_1_1 | 2025-02-17 23:38:29.213 [771631] main/114/raft_main_loop V> Sending from 1 to 2, msg: msg_type: MsgHeartbeat to: 2 commit: 22, to: 2, from: 1, raft_id: 1
default_1_1 | 2025-02-17 23:38:29.213 [771631] main/114/raft_main_loop V> Sending from 1 to 3, msg: msg_type: MsgHeartbeat to: 3 commit: 22, to: 3, from: 1, raft_id: 1
default_1_1 | 2025-02-17 23:38:29.213 [771631] main/114/raft_main_loop V> main_loop_status = 'sending raft messages'
default_1_1 | 2025-02-17 23:38:29.213 [771631] main/114/raft_main_loop V> done sending messages, sent: 2, skipped: 0
default_1_1 | 2025-02-17 23:38:29.213 [771631] main/114/raft_main_loop V> main_loop_status = 'idle'
default_1_3 | 2025-02-17 23:38:29.214 [771637] main/130/.proc_raft_interact V> Sending from 3 to 1, msg: msg_type: MsgHeartbeatResponse to: 1 commit: 22, to: 1, from: 3, raft_id: 3
default_1_3 | 2025-02-17 23:38:29.214 [771637] main/123/raft_main_loop V> main_loop_status = 'sending raft messages'
default_1_2 | 2025-02-17 23:38:29.214 [771634] main/132/.proc_raft_interact V> Sending from 2 to 1, msg: msg_type: MsgHeartbeatResponse to: 1 commit: 22, to: 1, from: 2, raft_id: 2
default_1_3 | 2025-02-17 23:38:29.214 [771637] main/123/raft_main_loop V> done sending messages, sent: 1, skipped: 0
default_1_3 | 2025-02-17 23:38:29.214 [771637] main/123/raft_main_loop V> main_loop_status = 'idle'
default_1_2 | 2025-02-17 23:38:29.214 [771634] main/121/raft_main_loop V> main_loop_status = 'sending raft messages'
default_1_2 | 2025-02-17 23:38:29.214 [771634] main/121/raft_main_loop V> done sending messages, sent: 1, skipped: 0
default_1_2 | 2025-02-17 23:38:29.214 [771634] main/121/raft_main_loop V> main_loop_status = 'idle'
default_1_1 | 2025-02-17 23:38:29.276 [771631] main/115/governor_loop I> applying vshard config changes, tier: default
default_1_1 | 2025-02-17 23:38:29.276 [771631] main/115/governor_loop I> calling proc_sharding, instance_name: default_1_1
default_1_1 | 2025-02-17 23:38:29.276 [771631] main/115/governor_loop I> calling proc_sharding, instance_name: default_1_2
default_1_1 | 2025-02-17 23:38:29.276 [771631] main/115/governor_loop I> calling proc_sharding, instance_name: default_1_3
default_1_1 | 2025-02-17 23:38:29.277 [771631] main/139/.proc_sharding V> waiting for applied index 22
default_1_1 | 2025-02-17 23:38:29.277 [771631] main/139/.proc_sharding V> done waiting for applied index 22, current: 22
default_1_2 | 2025-02-17 23:38:29.277 [771634] main/132/.proc_sharding V> waiting for applied index 22
default_1_2 | 2025-02-17 23:38:29.277 [771634] main/132/.proc_sharding V> done waiting for applied index 22, current: 22
default_1_3 | 2025-02-17 23:38:29.277 [771637] main/130/.proc_sharding V> waiting for applied index 22
default_1_3 | 2025-02-17 23:38:29.277 [771637] main/130/.proc_sharding V> done waiting for applied index 22, current: 22
default_1_1 | 2025-02-17 23:38:29.278 [771631] main/139/.proc_sharding/vshard.storage I> Starting reconfiguration of replica 77fdab61-0002-4cd4-a9a9-c92f78af29e4
default_1_1 | 2025-02-17 23:38:29.278 [771631] main/139/.proc_sharding/vshard.storage I> I am master
default_1_3 | 2025-02-17 23:38:29.278 [771637] main/130/.proc_sharding/vshard.storage I> Starting reconfiguration of replica 35662ba5-d645-45bb-89b6-0a4553e26627
default_1_2 | 2025-02-17 23:38:29.278 [771634] main/132/.proc_sharding/vshard.storage I> Starting reconfiguration of replica caf0b1e6-ae28-4955-9c34-35169d154b1a
default_1_3 | 2025-02-17 23:38:29.278 [771637] main/130/.proc_sharding I> connecting to 3 replicas
default_1_1 | 2025-02-17 23:38:29.278 [771631] main/139/.proc_sharding I> connecting to 3 replicas
default_1_2 | 2025-02-17 23:38:29.278 [771634] main/132/.proc_sharding/vshard.storage I> Box has been configured
default_1_3 | 2025-02-17 23:38:29.278 [771637] main/130/.proc_sharding C> failed to connect to 3 out of 3 replicas
default_1_1 | 2025-02-17 23:38:29.278 [771631] main/139/.proc_sharding C> failed to connect to 3 out of 3 replicas
default_1_2 | 2025-02-17 23:38:29.279 [771634] main/158/lua/vshard.replicaset I> Old replicaset and replica objects are outdated.
default_1_3 | 2025-02-17 23:38:29.280 [771637] main/130/.proc_sharding I> leaving orphan mode
default_1_1 | 2025-02-17 23:38:29.280 [771631] main/139/.proc_sharding I> leaving orphan mode
default_1_3 | 2025-02-17 23:38:29.280 [771637] main/130/.proc_sharding/box.load_cfg I> set 'replication' configuration option to ["pico_service@127.0.0.1:3302","pico_service@127.0.0.1:3304","pico_service@127.0.0.1:3300"]
default_1_3 | 2025-02-17 23:38:29.280 [771637] main/130/.proc_sharding/vshard.storage I> Box has been configured
default_1_1 | 2025-02-17 23:38:29.280 [771631] main/139/.proc_sharding/box.load_cfg I> set 'replication' configuration option to ["pico_service@127.0.0.1:3302","pico_service@127.0.0.1:3304","pico_service@127.0.0.1:3300"]
default_1_1 | 2025-02-17 23:38:29.280 [771631] main/139/.proc_sharding/vshard.storage I> Box has been configured
default_1_3 | 2025-02-17 23:38:29.281 [771637] main/168/lua/vshard.replicaset I> Old replicaset and replica objects are outdated.
default_1_1 | 2025-02-17 23:38:29.281 [771631] main/184/lua/vshard.replicaset I> Old replicaset and replica objects are outdated.
default_1_1 | 2025-02-17 23:38:29.281 [771631] main/139/.proc_sharding/vshard.storage I> Wakeup rebalancer
default_1_2 | 2025-02-17 23:38:29.286 [771634] main/132/.proc_sharding/vshard.router I> Starting router configuration
default_1_2 | 2025-02-17 23:38:29.286 [771634] main/132/.proc_sharding/vshard.router I> Calling box.cfg()...
default_1_2 | 2025-02-17 23:38:29.286 [771634] main/132/.proc_sharding/vshard.router I> {"listen":"127.0.0.1:3302"}
default_1_2 | 2025-02-17 23:38:29.287 [771634] main/132/.proc_sharding/vshard.router I> Box has been configured
default_1_2 | 2025-02-17 23:38:29.287 [771634] relay/127.0.0.1:60864/101/main coio.c:353 E> SocketError: unexpected EOF when reading from socket, called on fd 40, aka 127.0.0.1:3302, peer of 127.0.0.1:60864: Broken pipe
default_1_2 | 2025-02-17 23:38:29.287 [771634] relay/127.0.0.1:60866/101/main coio.c:353 E> SocketError: unexpected EOF when reading from socket, called on fd 42, aka 127.0.0.1:3302, peer of 127.0.0.1:60866: Broken pipe
default_1_2 | 2025-02-17 23:38:29.287 [771634] relay/127.0.0.1:60864/101/main I> exiting the relay loop
default_1_2 | 2025-02-17 23:38:29.288 [771634] relay/127.0.0.1:60866/101/main I> exiting the relay loop
default_1_1 | 2025-02-17 23:38:29.289 [771631] main/139/.proc_sharding/vshard.router I> Starting router configuration
default_1_1 | 2025-02-17 23:38:29.290 [771631] main/139/.proc_sharding/vshard.router I> Calling box.cfg()...
default_1_1 | 2025-02-17 23:38:29.290 [771631] main/139/.proc_sharding/vshard.router I> {"listen":"127.0.0.1:3300"}
default_1_1 | 2025-02-17 23:38:29.290 [771631] main/139/.proc_sharding/vshard.router I> Box has been configured
default_1_1 | 2025-02-17 23:38:29.290 [771631] main/185/lua/vshard.replicaset I> Old replicaset and replica objects are outdated.
default_1_3 | 2025-02-17 23:38:29.290 [771637] main/130/.proc_sharding/vshard.router I> Starting router configuration
default_1_3 | 2025-02-17 23:38:29.290 [771637] main/130/.proc_sharding/vshard.router I> Calling box.cfg()...
default_1_3 | 2025-02-17 23:38:29.290 [771637] main/130/.proc_sharding/vshard.router I> {"listen":"127.0.0.1:3304"}
default_1_3 | 2025-02-17 23:38:29.290 [771637] main/130/.proc_sharding/vshard.router I> Box has been configured
default_1_2 | 2025-02-17 23:38:29.291 [771634] main/160/127.0.0.1:3302 (net.box)/vshard.replicaset I> connected to 127.0.0.1:3302
default_1_3 | 2025-02-17 23:38:29.291 [771637] main/167/applier/pico_service@127.0.0.1:3302 I> remote master caf0b1e6-ae28-4955-9c34-35169d154b1a at 127.0.0.1:3302 running Tarantool 2.11.5
default_1_3 | 2025-02-17 23:38:29.291 [771637] relay/127.0.0.1:55300/101/main coio.c:353 E> SocketError: unexpected EOF when reading from socket, called on fd 41, aka 127.0.0.1:3304, peer of 127.0.0.1:55300: Broken pipe
default_1_3 | 2025-02-17 23:38:29.291 [771637] relay/127.0.0.1:55300/101/main I> exiting the relay loop
default_1_3 | 2025-02-17 23:38:29.291 [771637] main/166/applier/pico_service@127.0.0.1:3304 I> remote master 35662ba5-d645-45bb-89b6-0a4553e26627 at 127.0.0.1:3304 running Tarantool 2.11.5
default_1_3 | 2025-02-17 23:38:29.296 [771637] main/169/127.0.0.1:3302 (net.box)/vshard.replicaset I> connected to 127.0.0.1:3302
default_1_3 | 2025-02-17 23:38:29.297 [771637] main/167/applier/pico_service@127.0.0.1:3302 I> authenticated
default_1_1 | 2025-02-17 23:38:29.297 [771631] main/183/applier/pico_service@127.0.0.1:3302 I> remote master caf0b1e6-ae28-4955-9c34-35169d154b1a at 127.0.0.1:3302 running Tarantool 2.11.5
default_1_1 | 2025-02-17 23:38:29.297 [771631] main/182/applier/pico_service@127.0.0.1:3304 I> remote master 35662ba5-d645-45bb-89b6-0a4553e26627 at 127.0.0.1:3304 running Tarantool 2.11.5
default_1_1 | 2025-02-17 23:38:29.298 [771631] main/165/vshard.rebalancer/vshard.storage I> Total active bucket count is not equal to total. Possibly a boostrap is not finished yet. Expected 3000, but found 0
default_1_1 | 2025-02-17 23:38:29.298 [771631] main/165/vshard.rebalancer/vshard.storage I> Some buckets are not active, retry rebalancing later
default_1_1 | 2025-02-17 23:38:29.298 [771631] main/181/applier/pico_service@127.0.0.1:3300 I> remote master 77fdab61-0002-4cd4-a9a9-c92f78af29e4 at 127.0.0.1:3300 running Tarantool 2.11.5
default_1_1 | 2025-02-17 23:38:29.298 [771631] relay/127.0.0.1:40614/101/main coio.c:353 E> SocketError: unexpected EOF when reading from socket, called on fd 47, aka 127.0.0.1:3300, peer of 127.0.0.1:40614: Broken pipe
default_1_1 | 2025-02-17 23:38:29.298 [771631] relay/127.0.0.1:40614/101/main I> exiting the relay loop
default_1_1 | 2025-02-17 23:38:29.299 [771631] main/181/applier/pico_service@127.0.0.1:3300 I> leaving orphan mode
default_1_2 | 2025-02-17 23:38:29.299 [771634] main/159/127.0.0.1:3304 (net.box)/vshard.replicaset I> connected to 127.0.0.1:3304
default_1_2 | 2025-02-17 23:38:29.300 [771634] main/135/main I> subscribed replica 35662ba5-d645-45bb-89b6-0a4553e26627 at fd 41, aka 127.0.0.1:3302, peer of 127.0.0.1:60952
default_1_2 | 2025-02-17 23:38:29.300 [771634] main/135/main I> remote vclock {1: 190} local vclock {0: 221, 1: 190}
default_1_3 | 2025-02-17 23:38:29.300 [771637] main/170/127.0.0.1:3304 (net.box)/vshard.replicaset I> connected to 127.0.0.1:3304
default_1_3 | 2025-02-17 23:38:29.301 [771637] main/166/applier/pico_service@127.0.0.1:3304 I> leaving orphan mode
default_1_2 | 2025-02-17 23:38:29.301 [771634] relay/127.0.0.1:60952/101/main I> recover from `/tmp/pytest-of-gmoshkin/pytest-795/tmp0/i2/00000000000000000149.xlog'
default_1_3 | 2025-02-17 23:38:29.301 [771637] main/167/applier/pico_service@127.0.0.1:3302 I> subscribed
default_1_3 | 2025-02-17 23:38:29.301 [771637] main/167/applier/pico_service@127.0.0.1:3302 I> remote vclock {1: 190} local vclock {0: 210, 1: 190}
default_1_3 | 2025-02-17 23:38:29.301 [771637] main/165/applier/pico_service@127.0.0.1:3300 I> remote master 77fdab61-0002-4cd4-a9a9-c92f78af29e4 at 127.0.0.1:3300 running Tarantool 2.11.5
default_1_3 | 2025-02-17 23:38:29.301 [771637] main/167/applier/pico_service@127.0.0.1:3302 I> RAFT: message {term: 1, state: follower} from 2
default_1_3 | 2025-02-17 23:38:29.301 [771637] main/167/applier/pico_service@127.0.0.1:3302 I> leaving orphan mode
default_1_1 | 2025-02-17 23:38:29.302 [771631] main/182/applier/pico_service@127.0.0.1:3304 I> authenticated
default_1_2 | 2025-02-17 23:38:29.302 [771634] main/161/127.0.0.1:3300 (net.box)/vshard.replicaset I> connected to 127.0.0.1:3300
default_1_2 | 2025-02-17 23:38:29.302 [771634] main/164/lua/vshard.util I> failover_f has been started
default_1_2 | 2025-02-17 23:38:29.302 [771634] main/164/lua/vshard.router I> New replica default_1_1(pico_service@127.0.0.1:3300) for replicaset(uuid="b33d17b0-46b7-43a4-9611-98bb29099f4d", master=default_1_1(pico_service@127.0.0.1:3300))
default_1_2 | 2025-02-17 23:38:29.302 [771634] main/164/lua/vshard.router I> All replicas are ok
default_1_2 | 2025-02-17 23:38:29.302 [771634] main/164/lua/vshard.router I> Failovering step is finished. Schedule next after 1.000000 seconds
default_1_2 | 2025-02-17 23:38:29.302 [771634] main/165/lua/vshard.util I> discovery_f has been started
default_1_3 | 2025-02-17 23:38:29.303 [771637] main/171/127.0.0.1:3300 (net.box)/vshard.replicaset I> connected to 127.0.0.1:3300
default_1_3 | 2025-02-17 23:38:29.303 [771637] main/177/lua/vshard.util I> failover_f has been started
default_1_3 | 2025-02-17 23:38:29.303 [771637] main/177/lua/vshard.router I> New replica default_1_1(pico_service@127.0.0.1:3300) for replicaset(uuid="b33d17b0-46b7-43a4-9611-98bb29099f4d", master=default_1_1(pico_service@127.0.0.1:3300))
default_1_3 | 2025-02-17 23:38:29.303 [771637] main/177/lua/vshard.router I> All replicas are ok
default_1_3 | 2025-02-17 23:38:29.303 [771637] main/177/lua/vshard.router I> Failovering step is finished. Schedule next after 1.000000 seconds
default_1_3 | 2025-02-17 23:38:29.303 [771637] main/178/lua/vshard.util I> discovery_f has been started
default_1_1 | 2025-02-17 23:38:29.305 [771631] main/183/applier/pico_service@127.0.0.1:3302 I> authenticated
default_1_2 | 2025-02-17 23:38:29.305 [771634] main/136/main I> subscribed replica 77fdab61-0002-4cd4-a9a9-c92f78af29e4 at fd 39, aka 127.0.0.1:3302, peer of 127.0.0.1:60946
default_1_2 | 2025-02-17 23:38:29.305 [771634] main/136/main I> remote vclock {1: 190} local vclock {0: 221, 1: 190}
default_1_1 | 2025-02-17 23:38:29.305 [771631] main/183/applier/pico_service@127.0.0.1:3302 I> subscribed
default_1_1 | 2025-02-17 23:38:29.305 [771631] main/183/applier/pico_service@127.0.0.1:3302 I> remote vclock {1: 190} local vclock {0: 217, 1: 190}
default_1_1 | 2025-02-17 23:38:29.305 [771631] main/183/applier/pico_service@127.0.0.1:3302 I> RAFT: message {term: 1, state: follower} from 2
default_1_2 | 2025-02-17 23:38:29.305 [771634] relay/127.0.0.1:60946/101/main I> recover from `/tmp/pytest-of-gmoshkin/pytest-795/tmp0/i2/00000000000000000149.xlog'
default_1_1 | 2025-02-17 23:38:29.305 [771631] main/183/applier/pico_service@127.0.0.1:3302 I> leaving orphan mode
default_1_3 | 2025-02-17 23:38:29.306 [771637] main/130/main I> subscribed replica 77fdab61-0002-4cd4-a9a9-c92f78af29e4 at fd 33, aka 127.0.0.1:3304, peer of 127.0.0.1:55400
default_1_1 | 2025-02-17 23:38:29.306 [771631] main/115/governor_loop I> updating current vshard config
default_1_3 | 2025-02-17 23:38:29.306 [771637] main/130/main I> remote vclock {1: 190} local vclock {0: 210, 1: 190}
default_1_3 | 2025-02-17 23:38:29.306 [771637] main/165/applier/pico_service@127.0.0.1:3300 I> authenticated
default_1_1 | 2025-02-17 23:38:29.306 [771631] main/115/governor_loop V> Sending from 1 to 2, msg: msg_type: MsgAppend to: 2 log_term: 2 index: 22 entries {term: 2 index: 23 context: "\226\243dml\246update\315\002\013\304\t\221\247default\221\304\"\223\241=\275current_vshard_config_version\001\001"} commit: 22, to: 2, from: 1, raft_id: 1
default_1_3 | 2025-02-17 23:38:29.306 [771637] relay/127.0.0.1:55400/101/main I> recover from `/tmp/pytest-of-gmoshkin/pytest-795/tmp0/i3/00000000000000000150.xlog'
default_1_1 | 2025-02-17 23:38:29.306 [771631] main/115/governor_loop V> Sending from 1 to 3, msg: msg_type: MsgAppend to: 3 log_term: 2 index: 22 entries {term: 2 index: 23 context: "\226\243dml\246update\315\002\013\304\t\221\247default\221\304\"\223\241=\275current_vshard_config_version\001\001"} commit: 22, to: 3, from: 1, raft_id: 1
default_1_1 | 2025-02-17 23:38:29.306 [771631] main/115/governor_loop V> waiting for applied index 23
default_1_1 | 2025-02-17 23:38:29.306 [771631] main/182/applier/pico_service@127.0.0.1:3304 I> subscribed
default_1_1 | 2025-02-17 23:38:29.306 [771631] main/182/applier/pico_service@127.0.0.1:3304 I> remote vclock {1: 190} local vclock {0: 217, 1: 190}
default_1_1 | 2025-02-17 23:38:29.306 [771631] main/137/main I> subscribed replica 35662ba5-d645-45bb-89b6-0a4553e26627 at fd 49, aka 127.0.0.1:3300, peer of 127.0.0.1:40738
default_1_1 | 2025-02-17 23:38:29.306 [771631] main/137/main I> remote vclock {1: 190} local vclock {0: 217, 1: 190}
default_1_3 | 2025-02-17 23:38:29.306 [771637] main/165/applier/pico_service@127.0.0.1:3300 I> subscribed
default_1_3 | 2025-02-17 23:38:29.306 [771637] main/165/applier/pico_service@127.0.0.1:3300 I> remote vclock {1: 190} local vclock {0: 210, 1: 190}
default_1_3 | 2025-02-17 23:38:29.306 [771637] main/165/applier/pico_service@127.0.0.1:3300 I> RAFT: message {term: 1, state: follower} from 1
default_1_1 | 2025-02-17 23:38:29.306 [771631] main/182/applier/pico_service@127.0.0.1:3304 I> RAFT: message {term: 1, state: follower} from 3
default_1_1 | 2025-02-17 23:38:29.306 [771631] main/182/applier/pico_service@127.0.0.1:3304 I> leaving orphan mode
default_1_1 | 2025-02-17 23:38:29.307 [771631] relay/127.0.0.1:40738/101/main I> recover from `/tmp/pytest-of-gmoshkin/pytest-795/tmp0/i1/00000000000000000000.xlog'
default_1_3 | 2025-02-17 23:38:29.307 [771637] main/165/applier/pico_service@127.0.0.1:3300 I> leaving orphan mode
default_1_2 | 2025-02-17 23:38:29.311 [771634] main/165/vshard.discovery.default/vshard.router I> Start aggressive discovery, 3000 buckets are unknown. Discovery works with 1 seconds interval
default_1_3 | 2025-02-17 23:38:29.313 [771637] main/178/vshard.discovery.default/vshard.router I> Start aggressive discovery, 3000 buckets are unknown. Discovery works with 1 seconds interval
default_1_1 | 2025-02-17 23:38:29.316 [771631] main/114/raft_main_loop V> main_loop_status = 'sending raft messages'
default_1_1 | 2025-02-17 23:38:29.316 [771631] main/114/raft_main_loop V> done sending messages, sent: 2, skipped: 0
default_1_1 | 2025-02-17 23:38:29.316 [771631] main/114/raft_main_loop V> main_loop_status = 'persisting hard state, entries and/or snapshot'
default_1_1 | 2025-02-17 23:38:29.316 [771631] main/114/raft_main_loop V> persisted index 23, raft_id: 1
default_1_1 | 2025-02-17 23:38:29.316 [771631] main/114/raft_main_loop V> main_loop_status = 'idle'
default_1_2 | 2025-02-17 23:38:29.316 [771634] main/132/.proc_raft_interact V> Sending from 2 to 1, msg: msg_type: MsgAppendResponse to: 1 index: 23 commit: 22, to: 1, from: 2, raft_id: 2
default_1_3 | 2025-02-17 23:38:29.316 [771637] main/112/.proc_raft_interact V> Sending from 3 to 1, msg: msg_type: MsgAppendResponse to: 1 index: 23 commit: 22, to: 1, from: 3, raft_id: 3
default_1_3 | 2025-02-17 23:38:29.316 [771637] main/123/raft_main_loop V> main_loop_status = 'persisting hard state, entries and/or snapshot'
default_1_2 | 2025-02-17 23:38:29.316 [771634] main/121/raft_main_loop V> main_loop_status = 'persisting hard state, entries and/or snapshot'
default_1_3 | 2025-02-17 23:38:29.316 [771637] main/123/raft_main_loop V> main_loop_status = 'sending raft messages'
default_1_2 | 2025-02-17 23:38:29.316 [771634] main/121/raft_main_loop V> main_loop_status = 'sending raft messages'
default_1_3 | 2025-02-17 23:38:29.316 [771637] main/123/raft_main_loop V> done sending messages, sent: 1, skipped: 0
default_1_2 | 2025-02-17 23:38:29.316 [771634] main/121/raft_main_loop V> done sending messages, sent: 1, skipped: 0
default_1_2 | 2025-02-17 23:38:29.316 [771634] main/121/raft_main_loop V> persisted index 23, raft_id: 2
default_1_3 | 2025-02-17 23:38:29.316 [771637] main/123/raft_main_loop V> persisted index 23, raft_id: 3
default_1_2 | 2025-02-17 23:38:29.316 [771634] main/121/raft_main_loop V> main_loop_status = 'idle'
default_1_3 | 2025-02-17 23:38:29.316 [771637] main/123/raft_main_loop V> main_loop_status = 'idle'
default_1_1 | 2025-02-17 23:38:29.316 [771631] main/138/.proc_raft_interact V> committing index 23, index: 23, raft_id: 1
default_1_1 | 2025-02-17 23:38:29.317 [771631] main/138/.proc_raft_interact V> Sending from 1 to 2, msg: msg_type: MsgAppend to: 2 log_term: 2 index: 23 commit: 23, to: 2, from: 1, raft_id: 1
default_1_1 | 2025-02-17 23:38:29.317 [771631] main/138/.proc_raft_interact V> Sending from 1 to 3, msg: msg_type: MsgAppend to: 3 log_term: 2 index: 23 commit: 23, to: 3, from: 1, raft_id: 1
default_1_1 | 2025-02-17 23:38:29.317 [771631] main/114/raft_main_loop V> main_loop_status = 'sending raft messages'
default_1_1 | 2025-02-17 23:38:29.317 [771631] main/114/raft_main_loop V> done sending messages, sent: 2, skipped: 0
default_1_1 | 2025-02-17 23:38:29.317 [771631] main/114/raft_main_loop V> main_loop_status = 'persisting hard state, entries and/or snapshot'
default_1_1 | 2025-02-17 23:38:29.317 [771631] main/114/raft_main_loop V> hard state: term: 2 vote: 1 commit: 23
default_1_1 | 2025-02-17 23:38:29.317 [771631] main/114/raft_main_loop V> main_loop_status = 'handling committed entries'
default_1_1 | 2025-02-17 23:38:29.317 [771631] main/114/raft_main_loop V> applying entry: Update(_pico_tier, ["default"], [["=","current_vshard_config_version",1]]), index: 23
default_1_3 | 2025-02-17 23:38:29.317 [771637] main/112/.proc_raft_interact V> Sending from 3 to 1, msg: msg_type: MsgAppendResponse to: 1 index: 23 commit: 23, to: 1, from: 3, raft_id: 3
default_1_2 | 2025-02-17 23:38:29.317 [771634] main/132/.proc_raft_interact V> Sending from 2 to 1, msg: msg_type: MsgAppendResponse to: 1 index: 23 commit: 23, to: 1, from: 2, raft_id: 2
default_1_3 | 2025-02-17 23:38:29.317 [771637] main/123/raft_main_loop V> main_loop_status = 'persisting hard state, entries and/or snapshot'
default_1_2 | 2025-02-17 23:38:29.317 [771634] main/121/raft_main_loop V> main_loop_status = 'persisting hard state, entries and/or snapshot'
default_1_3 | 2025-02-17 23:38:29.317 [771637] main/123/raft_main_loop V> hard state: term: 2 commit: 23
default_1_1 | 2025-02-17 23:38:29.317 [771631] main/114/raft_main_loop V> main_loop_status = 'idle'
default_1_1 | 2025-02-17 23:38:29.317 [771631] main/115/governor_loop V> done waiting for applied index 23, current: 23
default_1_2 | 2025-02-17 23:38:29.317 [771634] main/121/raft_main_loop V> hard state: term: 2 commit: 23
default_1_3 | 2025-02-17 23:38:29.317 [771637] main/123/raft_main_loop V> main_loop_status = 'handling committed entries'
default_1_3 | 2025-02-17 23:38:29.317 [771637] main/123/raft_main_loop V> applying entry: Update(_pico_tier, ["default"], [["=","current_vshard_config_version",1]]), index: 23
default_1_2 | 2025-02-17 23:38:29.317 [771634] main/121/raft_main_loop V> main_loop_status = 'handling committed entries'
default_1_2 | 2025-02-17 23:38:29.317 [771634] main/121/raft_main_loop V> applying entry: Update(_pico_tier, ["default"], [["=","current_vshard_config_version",1]]), index: 23
default_1_3 | 2025-02-17 23:38:29.317 [771637] main/123/raft_main_loop V> main_loop_status = 'sending raft messages'
default_1_3 | 2025-02-17 23:38:29.317 [771637] main/123/raft_main_loop V> done sending messages, sent: 1, skipped: 0
default_1_2 | 2025-02-17 23:38:29.317 [771634] main/121/raft_main_loop V> main_loop_status = 'sending raft messages'
default_1_3 | 2025-02-17 23:38:29.317 [771637] main/123/raft_main_loop V> main_loop_status = 'idle'
default_1_2 | 2025-02-17 23:38:29.317 [771634] main/121/raft_main_loop V> done sending messages, sent: 1, skipped: 0
default_1_2 | 2025-02-17 23:38:29.317 [771634] main/121/raft_main_loop V> main_loop_status = 'idle'
default_1_1 | 2025-02-17 23:38:29.317 [771631] main/115/governor_loop V> governor_loop_status = #15 'bootstrap bucket distribution'
default_1_1 | 2025-02-17 23:38:29.317 [771631] main/115/governor_loop I> bootstrapping bucket distribution, tier: default, instance_name: default_1_1
default_1_1 | 2025-02-17 23:38:29.318 [771631] main/141/.proc_sharding_bootstrap V> waiting for applied index 23
default_1_1 | 2025-02-17 23:38:29.318 [771631] main/141/.proc_sharding_bootstrap V> done waiting for applied index 23, current: 23
default_1_1 | 2025-02-17 23:38:29.327 [771631] main/141/.proc_sharding_bootstrap/vshard.router I> Buckets from 1 to 3000 are bootstrapped on "b33d17b0-46b7-43a4-9611-98bb29099f4d"
default_1_1 | 2025-02-17 23:38:29.328 [771631] main/115/governor_loop V> Sending from 1 to 2, msg: msg_type: MsgAppend to: 2 log_term: 2 index: 23 entries {term: 2 index: 24 context: "\226\243dml\246update\315\002\013\304\t\221\247default\221\304\030\223\241=\263vshard_bootstrapped\303\001"} commit: 23, to: 2, from: 1, raft_id: 1
default_1_1 | 2025-02-17 23:38:29.328 [771631] main/115/governor_loop V> Sending from 1 to 3, msg: msg_type: MsgAppend to: 3 log_term: 2 index: 23 entries {term: 2 index: 24 context: "\226\243dml\246update\315\002\013\304\t\221\247default\221\304\030\223\241=\263vshard_bootstrapped\303\001"} commit: 23, to: 3, from: 1, raft_id: 1
default_1_1 | 2025-02-17 23:38:29.328 [771631] main/115/governor_loop V> waiting for applied index 24
default_1_1 | 2025-02-17 23:38:29.419 [771631] main/114/raft_main_loop V> Sending from 1 to 2, msg: msg_type: MsgHeartbeat to: 2 commit: 23, to: 2, from: 1, raft_id: 1
default_1_1 | 2025-02-17 23:38:29.419 [771631] main/114/raft_main_loop V> Sending from 1 to 3, msg: msg_type: MsgHeartbeat to: 3 commit: 23, to: 3, from: 1, raft_id: 1
default_1_1 | 2025-02-17 23:38:29.419 [771631] main/114/raft_main_loop V> main_loop_status = 'sending raft messages'
default_1_1 | 2025-02-17 23:38:29.419 [771631] main/114/raft_main_loop V> done sending messages, sent: 4, skipped: 0
default_1_1 | 2025-02-17 23:38:29.419 [771631] main/114/raft_main_loop V> main_loop_status = 'persisting hard state, entries and/or snapshot'
default_1_1 | 2025-02-17 23:38:29.420 [771631] main/114/raft_main_loop V> persisted index 24, raft_id: 1
default_1_1 | 2025-02-17 23:38:29.420 [771631] main/114/raft_main_loop V> main_loop_status = 'idle'
default_1_3 | 2025-02-17 23:38:29.420 [771637] main/112/.proc_raft_interact V> Sending from 3 to 1, msg: msg_type: MsgAppendResponse to: 1 index: 24 commit: 23, to: 1, from: 3, raft_id: 3
default_1_2 | 2025-02-17 23:38:29.420 [771634] main/132/.proc_raft_interact V> Sending from 2 to 1, msg: msg_type: MsgAppendResponse to: 1 index: 24 commit: 23, to: 1, from: 2, raft_id: 2
default_1_2 | 2025-02-17 23:38:29.420 [771634] main/134/.proc_raft_interact V> Sending from 2 to 1, msg: msg_type: MsgHeartbeatResponse to: 1 commit: 23, to: 1, from: 2, raft_id: 2
default_1_3 | 2025-02-17 23:38:29.420 [771637] main/134/.proc_raft_interact V> Sending from 3 to 1, msg: msg_type: MsgHeartbeatResponse to: 1 commit: 23, to: 1, from: 3, raft_id: 3
default_1_3 | 2025-02-17 23:38:29.421 [771637] main/123/raft_main_loop V> main_loop_status = 'persisting hard state, entries and/or snapshot'
default_1_2 | 2025-02-17 23:38:29.421 [771634] main/121/raft_main_loop V> main_loop_status = 'persisting hard state, entries and/or snapshot'
default_1_2 | 2025-02-17 23:38:29.421 [771634] main/121/raft_main_loop V> main_loop_status = 'sending raft messages'
default_1_3 | 2025-02-17 23:38:29.421 [771637] main/123/raft_main_loop V> main_loop_status = 'sending raft messages'
default_1_3 | 2025-02-17 23:38:29.421 [771637] main/123/raft_main_loop V> done sending messages, sent: 2, skipped: 0
default_1_3 | 2025-02-17 23:38:29.421 [771637] main/123/raft_main_loop V> persisted index 24, raft_id: 3
default_1_3 | 2025-02-17 23:38:29.421 [771637] main/123/raft_main_loop V> main_loop_status = 'idle'
default_1_2 | 2025-02-17 23:38:29.421 [771634] main/121/raft_main_loop V> done sending messages, sent: 2, skipped: 0
default_1_2 | 2025-02-17 23:38:29.422 [771634] main/121/raft_main_loop V> persisted index 24, raft_id: 2
default_1_2 | 2025-02-17 23:38:29.422 [771634] main/121/raft_main_loop V> main_loop_status = 'idle'
default_1_1 | 2025-02-17 23:38:29.422 [771631] main/141/.proc_raft_interact V> committing index 24, index: 24, raft_id: 1
default_1_1 | 2025-02-17 23:38:29.422 [771631] main/141/.proc_raft_interact V> Sending from 1 to 2, msg: msg_type: MsgAppend to: 2 log_term: 2 index: 24 commit: 24, to: 2, from: 1, raft_id: 1
default_1_1 | 2025-02-17 23:38:29.423 [771631] main/141/.proc_raft_interact V> Sending from 1 to 3, msg: msg_type: MsgAppend to: 3 log_term: 2 index: 24 commit: 24, to: 3, from: 1, raft_id: 1
default_1_1 | 2025-02-17 23:38:29.423 [771631] main/114/raft_main_loop V> main_loop_status = 'sending raft messages'
default_1_1 | 2025-02-17 23:38:29.423 [771631] main/114/raft_main_loop V> done sending messages, sent: 2, skipped: 0
default_1_1 | 2025-02-17 23:38:29.423 [771631] main/114/raft_main_loop V> main_loop_status = 'persisting hard state, entries and/or snapshot'
default_1_1 | 2025-02-17 23:38:29.423 [771631] main/114/raft_main_loop V> hard state: term: 2 vote: 1 commit: 24
default_1_1 | 2025-02-17 23:38:29.424 [771631] main/114/raft_main_loop V> main_loop_status = 'handling committed entries'
default_1_3 | 2025-02-17 23:38:29.424 [771637] main/134/.proc_raft_interact V> Sending from 3 to 1, msg: msg_type: MsgAppendResponse to: 1 index: 24 commit: 24, to: 1, from: 3, raft_id: 3
default_1_1 | 2025-02-17 23:38:29.424 [771631] main/114/raft_main_loop V> applying entry: Update(_pico_tier, ["default"], [["=","vshard_bootstrapped",true]]), index: 24
default_1_2 | 2025-02-17 23:38:29.424 [771634] main/134/.proc_raft_interact V> Sending from 2 to 1, msg: msg_type: MsgAppendResponse to: 1 index: 24 commit: 24, to: 1, from: 2, raft_id: 2
default_1_3 | 2025-02-17 23:38:29.424 [771637] main/123/raft_main_loop V> main_loop_status = 'persisting hard state, entries and/or snapshot'
default_1_3 | 2025-02-17 23:38:29.424 [771637] main/123/raft_main_loop V> hard state: term: 2 commit: 24
default_1_1 | 2025-02-17 23:38:29.424 [771631] main/114/raft_main_loop V> main_loop_status = 'idle'
default_1_1 | 2025-02-17 23:38:29.424 [771631] main/115/governor_loop V> done waiting for applied index 24, current: 24
default_1_2 | 2025-02-17 23:38:29.425 [771634] main/121/raft_main_loop V> main_loop_status = 'persisting hard state, entries and/or snapshot'
default_1_3 | 2025-02-17 23:38:29.425 [771637] main/123/raft_main_loop V> main_loop_status = 'handling committed entries'
default_1_3 | 2025-02-17 23:38:29.425 [771637] main/123/raft_main_loop V> applying entry: Update(_pico_tier, ["default"], [["=","vshard_bootstrapped",true]]), index: 24
default_1_2 | 2025-02-17 23:38:29.425 [771634] main/121/raft_main_loop V> hard state: term: 2 commit: 24
default_1_3 | 2025-02-17 23:38:29.425 [771637] main/123/raft_main_loop V> main_loop_status = 'sending raft messages'
default_1_3 | 2025-02-17 23:38:29.425 [771637] main/123/raft_main_loop V> done sending messages, sent: 1, skipped: 0
default_1_2 | 2025-02-17 23:38:29.425 [771634] main/121/raft_main_loop V> main_loop_status = 'handling committed entries'
default_1_3 | 2025-02-17 23:38:29.425 [771637] main/123/raft_main_loop V> main_loop_status = 'idle'
default_1_2 | 2025-02-17 23:38:29.425 [771634] main/121/raft_main_loop V> applying entry: Update(_pico_tier, ["default"], [["=","vshard_bootstrapped",true]]), index: 24
default_1_1 | 2025-02-17 23:38:29.426 [771631] main/115/governor_loop V> governor_loop_status = #16 'update instance state to online'
default_1_1 | 2025-02-17 23:38:29.426 [771631] main/115/governor_loop I> enable plugins on instance, instance_name: default_1_3
default_1_2 | 2025-02-17 23:38:29.426 [771634] main/121/raft_main_loop V> main_loop_status = 'sending raft messages'
default_1_2 | 2025-02-17 23:38:29.426 [771634] main/121/raft_main_loop V> done sending messages, sent: 1, skipped: 0
default_1_2 | 2025-02-17 23:38:29.426 [771634] main/121/raft_main_loop V> main_loop_status = 'idle'
default_1_3 | 2025-02-17 23:38:29.426 [771637] main/134/.proc_enable_all_plugins V> waiting for applied index 24
default_1_3 | 2025-02-17 23:38:29.426 [771637] main/134/.proc_enable_all_plugins V> done waiting for applied index 24, current: 24
default_1_1 | 2025-02-17 23:38:29.427 [771631] main/115/governor_loop I> handling instance state change, current_state: Online, instance_name: default_1_3
default_1_1 | 2025-02-17 23:38:29.427 [771631] main/115/governor_loop V> Sending from 1 to 2, msg: msg_type: MsgAppend to: 2 log_term: 2 index: 24 entries {term: 2 index: 25 context: "\226\243dml\246update\315\002\003\304\r\221\253default_1_3\221\304\032\223\241=\255current_state\222\246Online\001\001"} commit: 24, to: 2, from: 1, raft_id: 1
